<?xml version="1.0"?>
<link_info>
   <banner>TI ARM Linker PC v5.2.6</banner>
   <copyright>Copyright (c) 1996-2015 Texas Instruments Incorporated</copyright>
   <link_time>0x569d8867</link_time>
   <link_errors>0x0</link_errors>
   <output_file>ST7735_MSP432.out</output_file>
   <entry_point>
      <name>_c_int00</name>
      <address>0x5405</address>
   </entry_point>
   <input_file_list>
      <input_file id="fl-2">
         <path>.\</path>
         <kind>object</kind>
         <file>ClockSystem.obj</file>
         <name>ClockSystem.obj</name>
      </input_file>
      <input_file id="fl-3">
         <path>.\</path>
         <kind>object</kind>
         <file>ST7735.obj</file>
         <name>ST7735.obj</name>
      </input_file>
      <input_file id="fl-4">
         <path>.\</path>
         <kind>object</kind>
         <file>ST7735TestMain.obj</file>
         <name>ST7735TestMain.obj</name>
      </input_file>
      <input_file id="fl-5">
         <path>.\</path>
         <kind>object</kind>
         <file>msp432_startup_ccs.obj</file>
         <name>msp432_startup_ccs.obj</name>
      </input_file>
      <input_file id="fl-12b">
         <path>C:\ti\ccsv6\tools\compiler\ti-cgt-arm_5.2.6\lib\</path>
         <kind>archive</kind>
         <file>rtsv7M4_T_le_v4SPD16_eabi.lib</file>
         <name>boot.obj</name>
      </input_file>
      <input_file id="fl-12c">
         <path>C:\ti\ccsv6\tools\compiler\ti-cgt-arm_5.2.6\lib\</path>
         <kind>archive</kind>
         <file>rtsv7M4_T_le_v4SPD16_eabi.lib</file>
         <name>copy_decompress_none.obj</name>
      </input_file>
      <input_file id="fl-12d">
         <path>C:\ti\ccsv6\tools\compiler\ti-cgt-arm_5.2.6\lib\</path>
         <kind>archive</kind>
         <file>rtsv7M4_T_le_v4SPD16_eabi.lib</file>
         <name>copy_decompress_rle.obj</name>
      </input_file>
      <input_file id="fl-12e">
         <path>C:\ti\ccsv6\tools\compiler\ti-cgt-arm_5.2.6\lib\</path>
         <kind>archive</kind>
         <file>rtsv7M4_T_le_v4SPD16_eabi.lib</file>
         <name>copy_zero_init.obj</name>
      </input_file>
      <input_file id="fl-12f">
         <path>C:\ti\ccsv6\tools\compiler\ti-cgt-arm_5.2.6\lib\</path>
         <kind>archive</kind>
         <file>rtsv7M4_T_le_v4SPD16_eabi.lib</file>
         <name>exit.obj</name>
      </input_file>
      <input_file id="fl-130">
         <path>C:\ti\ccsv6\tools\compiler\ti-cgt-arm_5.2.6\lib\</path>
         <kind>archive</kind>
         <file>rtsv7M4_T_le_v4SPD16_eabi.lib</file>
         <name>fs_tod_t2.obj</name>
      </input_file>
      <input_file id="fl-131">
         <path>C:\ti\ccsv6\tools\compiler\ti-cgt-arm_5.2.6\lib\</path>
         <kind>archive</kind>
         <file>rtsv7M4_T_le_v4SPD16_eabi.lib</file>
         <name>memcpy_t2.obj</name>
      </input_file>
      <input_file id="fl-132">
         <path>C:\ti\ccsv6\tools\compiler\ti-cgt-arm_5.2.6\lib\</path>
         <kind>archive</kind>
         <file>rtsv7M4_T_le_v4SPD16_eabi.lib</file>
         <name>memset_t2.obj</name>
      </input_file>
      <input_file id="fl-133">
         <path>C:\ti\ccsv6\tools\compiler\ti-cgt-arm_5.2.6\lib\</path>
         <kind>archive</kind>
         <file>rtsv7M4_T_le_v4SPD16_eabi.lib</file>
         <name>pre_init.obj</name>
      </input_file>
      <input_file id="fl-134">
         <path>C:\ti\ccsv6\tools\compiler\ti-cgt-arm_5.2.6\lib\</path>
         <kind>archive</kind>
         <file>rtsv7M4_T_le_v4SPD16_eabi.lib</file>
         <name>printf.obj</name>
      </input_file>
      <input_file id="fl-135">
         <path>C:\ti\ccsv6\tools\compiler\ti-cgt-arm_5.2.6\lib\</path>
         <kind>archive</kind>
         <file>rtsv7M4_T_le_v4SPD16_eabi.lib</file>
         <name>stkdepth_vars.obj</name>
      </input_file>
      <input_file id="fl-136">
         <path>C:\ti\ccsv6\tools\compiler\ti-cgt-arm_5.2.6\lib\</path>
         <kind>archive</kind>
         <file>rtsv7M4_T_le_v4SPD16_eabi.lib</file>
         <name>_lock.obj</name>
      </input_file>
      <input_file id="fl-137">
         <path>C:\ti\ccsv6\tools\compiler\ti-cgt-arm_5.2.6\lib\</path>
         <kind>archive</kind>
         <file>rtsv7M4_T_le_v4SPD16_eabi.lib</file>
         <name>_printfi.obj</name>
      </input_file>
      <input_file id="fl-138">
         <path>C:\ti\ccsv6\tools\compiler\ti-cgt-arm_5.2.6\lib\</path>
         <kind>archive</kind>
         <file>rtsv7M4_T_le_v4SPD16_eabi.lib</file>
         <name>args_main.obj</name>
      </input_file>
      <input_file id="fl-139">
         <path>C:\ti\ccsv6\tools\compiler\ti-cgt-arm_5.2.6\lib\</path>
         <kind>archive</kind>
         <file>rtsv7M4_T_le_v4SPD16_eabi.lib</file>
         <name>atoi.obj</name>
      </input_file>
      <input_file id="fl-13a">
         <path>C:\ti\ccsv6\tools\compiler\ti-cgt-arm_5.2.6\lib\</path>
         <kind>archive</kind>
         <file>rtsv7M4_T_le_v4SPD16_eabi.lib</file>
         <name>autoinit.obj</name>
      </input_file>
      <input_file id="fl-13b">
         <path>C:\ti\ccsv6\tools\compiler\ti-cgt-arm_5.2.6\lib\</path>
         <kind>archive</kind>
         <file>rtsv7M4_T_le_v4SPD16_eabi.lib</file>
         <name>cpy_tbl.obj</name>
      </input_file>
      <input_file id="fl-13c">
         <path>C:\ti\ccsv6\tools\compiler\ti-cgt-arm_5.2.6\lib\</path>
         <kind>archive</kind>
         <file>rtsv7M4_T_le_v4SPD16_eabi.lib</file>
         <name>ctype.obj</name>
      </input_file>
      <input_file id="fl-13d">
         <path>C:\ti\ccsv6\tools\compiler\ti-cgt-arm_5.2.6\lib\</path>
         <kind>archive</kind>
         <file>rtsv7M4_T_le_v4SPD16_eabi.lib</file>
         <name>defs.obj</name>
      </input_file>
      <input_file id="fl-13e">
         <path>C:\ti\ccsv6\tools\compiler\ti-cgt-arm_5.2.6\lib\</path>
         <kind>archive</kind>
         <file>rtsv7M4_T_le_v4SPD16_eabi.lib</file>
         <name>fd_add_t2.obj</name>
      </input_file>
      <input_file id="fl-13f">
         <path>C:\ti\ccsv6\tools\compiler\ti-cgt-arm_5.2.6\lib\</path>
         <kind>archive</kind>
         <file>rtsv7M4_T_le_v4SPD16_eabi.lib</file>
         <name>fd_cmp_t2.obj</name>
      </input_file>
      <input_file id="fl-140">
         <path>C:\ti\ccsv6\tools\compiler\ti-cgt-arm_5.2.6\lib\</path>
         <kind>archive</kind>
         <file>rtsv7M4_T_le_v4SPD16_eabi.lib</file>
         <name>fd_div_t2.obj</name>
      </input_file>
      <input_file id="fl-141">
         <path>C:\ti\ccsv6\tools\compiler\ti-cgt-arm_5.2.6\lib\</path>
         <kind>archive</kind>
         <file>rtsv7M4_T_le_v4SPD16_eabi.lib</file>
         <name>fd_mul_t2.obj</name>
      </input_file>
      <input_file id="fl-142">
         <path>C:\ti\ccsv6\tools\compiler\ti-cgt-arm_5.2.6\lib\</path>
         <kind>archive</kind>
         <file>rtsv7M4_T_le_v4SPD16_eabi.lib</file>
         <name>fd_toi_t2.obj</name>
      </input_file>
      <input_file id="fl-143">
         <path>C:\ti\ccsv6\tools\compiler\ti-cgt-arm_5.2.6\lib\</path>
         <kind>archive</kind>
         <file>rtsv7M4_T_le_v4SPD16_eabi.lib</file>
         <name>fputs.obj</name>
      </input_file>
      <input_file id="fl-144">
         <path>C:\ti\ccsv6\tools\compiler\ti-cgt-arm_5.2.6\lib\</path>
         <kind>archive</kind>
         <file>rtsv7M4_T_le_v4SPD16_eabi.lib</file>
         <name>frexp.obj</name>
      </input_file>
      <input_file id="fl-145">
         <path>C:\ti\ccsv6\tools\compiler\ti-cgt-arm_5.2.6\lib\</path>
         <kind>archive</kind>
         <file>rtsv7M4_T_le_v4SPD16_eabi.lib</file>
         <name>i_tofd_t2.obj</name>
      </input_file>
      <input_file id="fl-146">
         <path>C:\ti\ccsv6\tools\compiler\ti-cgt-arm_5.2.6\lib\</path>
         <kind>archive</kind>
         <file>rtsv7M4_T_le_v4SPD16_eabi.lib</file>
         <name>ldexp.obj</name>
      </input_file>
      <input_file id="fl-147">
         <path>C:\ti\ccsv6\tools\compiler\ti-cgt-arm_5.2.6\lib\</path>
         <kind>archive</kind>
         <file>rtsv7M4_T_le_v4SPD16_eabi.lib</file>
         <name>lowlev.obj</name>
      </input_file>
      <input_file id="fl-148">
         <path>C:\ti\ccsv6\tools\compiler\ti-cgt-arm_5.2.6\lib\</path>
         <kind>archive</kind>
         <file>rtsv7M4_T_le_v4SPD16_eabi.lib</file>
         <name>ltoa.obj</name>
      </input_file>
      <input_file id="fl-149">
         <path>C:\ti\ccsv6\tools\compiler\ti-cgt-arm_5.2.6\lib\</path>
         <kind>archive</kind>
         <file>rtsv7M4_T_le_v4SPD16_eabi.lib</file>
         <name>memccpy.obj</name>
      </input_file>
      <input_file id="fl-14a">
         <path>C:\ti\ccsv6\tools\compiler\ti-cgt-arm_5.2.6\lib\</path>
         <kind>archive</kind>
         <file>rtsv7M4_T_le_v4SPD16_eabi.lib</file>
         <name>memchr.obj</name>
      </input_file>
      <input_file id="fl-14b">
         <path>C:\ti\ccsv6\tools\compiler\ti-cgt-arm_5.2.6\lib\</path>
         <kind>archive</kind>
         <file>rtsv7M4_T_le_v4SPD16_eabi.lib</file>
         <name>strchr.obj</name>
      </input_file>
      <input_file id="fl-14c">
         <path>C:\ti\ccsv6\tools\compiler\ti-cgt-arm_5.2.6\lib\</path>
         <kind>archive</kind>
         <file>rtsv7M4_T_le_v4SPD16_eabi.lib</file>
         <name>strcmp.obj</name>
      </input_file>
      <input_file id="fl-14d">
         <path>C:\ti\ccsv6\tools\compiler\ti-cgt-arm_5.2.6\lib\</path>
         <kind>archive</kind>
         <file>rtsv7M4_T_le_v4SPD16_eabi.lib</file>
         <name>strlen.obj</name>
      </input_file>
      <input_file id="fl-14e">
         <path>C:\ti\ccsv6\tools\compiler\ti-cgt-arm_5.2.6\lib\</path>
         <kind>archive</kind>
         <file>rtsv7M4_T_le_v4SPD16_eabi.lib</file>
         <name>strncpy.obj</name>
      </input_file>
      <input_file id="fl-14f">
         <path>C:\ti\ccsv6\tools\compiler\ti-cgt-arm_5.2.6\lib\</path>
         <kind>archive</kind>
         <file>rtsv7M4_T_le_v4SPD16_eabi.lib</file>
         <name>trgdrv.obj</name>
      </input_file>
      <input_file id="fl-150">
         <path>C:\ti\ccsv6\tools\compiler\ti-cgt-arm_5.2.6\lib\</path>
         <kind>archive</kind>
         <file>rtsv7M4_T_le_v4SPD16_eabi.lib</file>
         <name>trgmsg.obj</name>
      </input_file>
      <input_file id="fl-151">
         <path>C:\ti\ccsv6\tools\compiler\ti-cgt-arm_5.2.6\lib\</path>
         <kind>archive</kind>
         <file>rtsv7M4_T_le_v4SPD16_eabi.lib</file>
         <name>ull_div_t2.obj</name>
      </input_file>
      <input_file id="fl-152">
         <path>C:\ti\ccsv6\tools\compiler\ti-cgt-arm_5.2.6\lib\</path>
         <kind>archive</kind>
         <file>rtsv7M4_T_le_v4SPD16_eabi.lib</file>
         <name>xdclass.obj</name>
      </input_file>
      <input_file id="fl-153">
         <path>C:\ti\ccsv6\tools\compiler\ti-cgt-arm_5.2.6\lib\</path>
         <kind>archive</kind>
         <file>rtsv7M4_T_le_v4SPD16_eabi.lib</file>
         <name>xdscale.obj</name>
      </input_file>
      <input_file id="fl-154">
         <path>C:\ti\ccsv6\tools\compiler\ti-cgt-arm_5.2.6\lib\</path>
         <kind>archive</kind>
         <file>rtsv7M4_T_le_v4SPD16_eabi.lib</file>
         <name>xdunscal.obj</name>
      </input_file>
      <input_file id="fl-155">
         <path>C:\ti\ccsv6\tools\compiler\ti-cgt-arm_5.2.6\lib\</path>
         <kind>archive</kind>
         <file>rtsv7M4_T_le_v4SPD16_eabi.lib</file>
         <name>xferaise.obj</name>
      </input_file>
      <input_file id="fl-156">
         <path>C:\ti\ccsv6\tools\compiler\ti-cgt-arm_5.2.6\lib\</path>
         <kind>archive</kind>
         <file>rtsv7M4_T_le_v4SPD16_eabi.lib</file>
         <name>xvalues.obj</name>
      </input_file>
      <input_file id="fl-157">
         <path>C:\ti\ccsv6\tools\compiler\ti-cgt-arm_5.2.6\lib\</path>
         <kind>archive</kind>
         <file>rtsv7M4_T_le_v4SPD16_eabi.lib</file>
         <name>_io_perm.obj</name>
      </input_file>
      <input_file id="fl-158">
         <path>C:\ti\ccsv6\tools\compiler\ti-cgt-arm_5.2.6\lib\</path>
         <kind>archive</kind>
         <file>rtsv7M4_T_le_v4SPD16_eabi.lib</file>
         <name>errno.obj</name>
      </input_file>
      <input_file id="fl-159">
         <path>C:\ti\ccsv6\tools\compiler\ti-cgt-arm_5.2.6\lib\</path>
         <kind>archive</kind>
         <file>rtsv7M4_T_le_v4SPD16_eabi.lib</file>
         <name>feraiseexcept.obj</name>
      </input_file>
      <input_file id="fl-15a">
         <path>C:\ti\ccsv6\tools\compiler\ti-cgt-arm_5.2.6\lib\</path>
         <kind>archive</kind>
         <file>rtsv7M4_T_le_v4SPD16_eabi.lib</file>
         <name>fflush.obj</name>
      </input_file>
      <input_file id="fl-15b">
         <path>C:\ti\ccsv6\tools\compiler\ti-cgt-arm_5.2.6\lib\</path>
         <kind>archive</kind>
         <file>rtsv7M4_T_le_v4SPD16_eabi.lib</file>
         <name>fseek.obj</name>
      </input_file>
      <input_file id="fl-15c">
         <path>C:\ti\ccsv6\tools\compiler\ti-cgt-arm_5.2.6\lib\</path>
         <kind>archive</kind>
         <file>rtsv7M4_T_le_v4SPD16_eabi.lib</file>
         <name>raise.obj</name>
      </input_file>
      <input_file id="fl-15d">
         <path>C:\ti\ccsv6\tools\compiler\ti-cgt-arm_5.2.6\lib\</path>
         <kind>archive</kind>
         <file>rtsv7M4_T_le_v4SPD16_eabi.lib</file>
         <name>setvbuf.obj</name>
      </input_file>
      <input_file id="fl-15e">
         <path>C:\ti\ccsv6\tools\compiler\ti-cgt-arm_5.2.6\lib\</path>
         <kind>archive</kind>
         <file>rtsv7M4_T_le_v4SPD16_eabi.lib</file>
         <name>signal.obj</name>
      </input_file>
      <input_file id="fl-15f">
         <path>C:\ti\ccsv6\tools\compiler\ti-cgt-arm_5.2.6\lib\</path>
         <kind>archive</kind>
         <file>rtsv7M4_T_le_v4SPD16_eabi.lib</file>
         <name>strcpy.obj</name>
      </input_file>
      <input_file id="fl-160">
         <path>C:\ti\ccsv6\tools\compiler\ti-cgt-arm_5.2.6\lib\</path>
         <kind>archive</kind>
         <file>rtsv7M4_T_le_v4SPD16_eabi.lib</file>
         <name>xdnorm.obj</name>
      </input_file>
      <input_file id="fl-161">
         <path>C:\ti\ccsv6\tools\compiler\ti-cgt-arm_5.2.6\lib\</path>
         <kind>archive</kind>
         <file>rtsv7M4_T_le_v4SPD16_eabi.lib</file>
         <name>fopen.obj</name>
      </input_file>
      <input_file id="fl-162">
         <path>C:\ti\ccsv6\tools\compiler\ti-cgt-arm_5.2.6\lib\</path>
         <kind>archive</kind>
         <file>rtsv7M4_T_le_v4SPD16_eabi.lib</file>
         <name>memory.obj</name>
      </input_file>
      <input_file id="fl-163">
         <path>C:\ti\ccsv6\tools\compiler\ti-cgt-arm_5.2.6\lib\</path>
         <kind>archive</kind>
         <file>rtsv7M4_T_le_v4SPD16_eabi.lib</file>
         <name>fclose.obj</name>
      </input_file>
      <input_file id="fl-164">
         <path>C:\ti\ccsv6\tools\compiler\ti-cgt-arm_5.2.6\lib\</path>
         <kind>archive</kind>
         <file>rtsv7M4_T_le_v4SPD16_eabi.lib</file>
         <name>remove.obj</name>
      </input_file>
   </input_file_list>
   <object_component_list>
      <object_component id="oc-10">
         <name>.intvecs</name>
         <load_address>0x0</load_address>
         <run_address>0x0</run_address>
         <size>0x144</size>
         <input_file_ref idref="fl-5"/>
      </object_component>
      <object_component id="oc-cd">
         <name>.text</name>
         <load_address>0x144</load_address>
         <run_address>0x144</run_address>
         <size>0x1544</size>
         <input_file_ref idref="fl-3"/>
      </object_component>
      <object_component id="oc-143">
         <name>.text</name>
         <load_address>0x1688</load_address>
         <run_address>0x1688</run_address>
         <size>0x10ba</size>
         <input_file_ref idref="fl-137"/>
      </object_component>
      <object_component id="oc-a0">
         <name>.text</name>
         <load_address>0x2744</load_address>
         <run_address>0x2744</run_address>
         <size>0xc64</size>
         <input_file_ref idref="fl-4"/>
      </object_component>
      <object_component id="oc-270">
         <name>.text</name>
         <load_address>0x33a8</load_address>
         <run_address>0x33a8</run_address>
         <size>0x3dc</size>
         <input_file_ref idref="fl-162"/>
      </object_component>
      <object_component id="oc-d3">
         <name>.text</name>
         <load_address>0x3784</load_address>
         <run_address>0x3784</run_address>
         <size>0x330</size>
         <input_file_ref idref="fl-2"/>
      </object_component>
      <object_component id="oc-190">
         <name>.text</name>
         <load_address>0x3ab4</load_address>
         <run_address>0x3ab4</run_address>
         <size>0x30c</size>
         <input_file_ref idref="fl-147"/>
      </object_component>
      <object_component id="oc-291">
         <name>.text</name>
         <load_address>0x3dc0</load_address>
         <run_address>0x3dc0</run_address>
         <size>0x2d4</size>
         <input_file_ref idref="fl-14f"/>
      </object_component>
      <object_component id="oc-198">
         <name>.text</name>
         <load_address>0x4094</load_address>
         <run_address>0x4094</run_address>
         <size>0x1f4</size>
         <input_file_ref idref="fl-151"/>
      </object_component>
      <object_component id="oc-276">
         <name>.text</name>
         <load_address>0x4288</load_address>
         <run_address>0x4288</run_address>
         <size>0x1c4</size>
         <input_file_ref idref="fl-161"/>
      </object_component>
      <object_component id="oc-1c1">
         <name>.text</name>
         <load_address>0x444c</load_address>
         <run_address>0x444c</run_address>
         <size>0x1b6</size>
         <input_file_ref idref="fl-13e"/>
      </object_component>
      <object_component id="oc-1a7">
         <name>.text</name>
         <load_address>0x4602</load_address>
         <run_address>0x4602</run_address>
         <size>0x136</size>
         <input_file_ref idref="fl-140"/>
      </object_component>
      <object_component id="oc-13d">
         <name>.text</name>
         <load_address>0x4738</load_address>
         <run_address>0x4738</run_address>
         <size>0x134</size>
         <input_file_ref idref="fl-143"/>
      </object_component>
      <object_component id="oc-24a">
         <name>.text</name>
         <load_address>0x486c</load_address>
         <run_address>0x486c</run_address>
         <size>0x110</size>
         <input_file_ref idref="fl-153"/>
      </object_component>
      <object_component id="oc-1a2">
         <name>.text</name>
         <load_address>0x497c</load_address>
         <run_address>0x497c</run_address>
         <size>0xfc</size>
         <input_file_ref idref="fl-141"/>
      </object_component>
      <object_component id="oc-20e">
         <name>.text</name>
         <load_address>0x4a78</load_address>
         <run_address>0x4a78</run_address>
         <size>0xdc</size>
         <input_file_ref idref="fl-15d"/>
      </object_component>
      <object_component id="oc-18a">
         <name>.text</name>
         <load_address>0x4b54</load_address>
         <run_address>0x4b54</run_address>
         <size>0xc8</size>
         <input_file_ref idref="fl-15a"/>
      </object_component>
      <object_component id="oc-2a2">
         <name>.text</name>
         <load_address>0x4c1c</load_address>
         <run_address>0x4c1c</run_address>
         <size>0xbe</size>
         <input_file_ref idref="fl-160"/>
      </object_component>
      <object_component id="oc-178">
         <name>.text</name>
         <load_address>0x4cda</load_address>
         <run_address>0x4cda</run_address>
         <size>0xac</size>
         <input_file_ref idref="fl-157"/>
      </object_component>
      <object_component id="oc-37">
         <name>.text</name>
         <load_address>0x4d86</load_address>
         <run_address>0x4d86</run_address>
         <size>0x9c</size>
         <input_file_ref idref="fl-131"/>
      </object_component>
      <object_component id="oc-2e">
         <name>.text</name>
         <load_address>0x4e24</load_address>
         <run_address>0x4e24</run_address>
         <size>0x9a</size>
         <input_file_ref idref="fl-5"/>
      </object_component>
      <object_component id="oc-2ce">
         <name>.text</name>
         <load_address>0x4ec0</load_address>
         <run_address>0x4ec0</run_address>
         <size>0x98</size>
         <input_file_ref idref="fl-163"/>
      </object_component>
      <object_component id="oc-19d">
         <name>.text:__aeabi_cdcmple</name>
         <load_address>0x4f58</load_address>
         <run_address>0x4f58</run_address>
         <size>0x86</size>
         <input_file_ref idref="fl-13f"/>
      </object_component>
      <object_component id="oc-1ac">
         <name>.text:__aeabi_cdrcmple</name>
         <load_address>0x4fde</load_address>
         <run_address>0x4fde</run_address>
         <size>0x86</size>
         <input_file_ref idref="fl-13f"/>
      </object_component>
      <object_component id="oc-50">
         <name>.text</name>
         <load_address>0x5064</load_address>
         <run_address>0x5064</run_address>
         <size>0x7a</size>
         <input_file_ref idref="fl-132"/>
      </object_component>
      <object_component id="oc-d9">
         <name>.text</name>
         <load_address>0x50e0</load_address>
         <run_address>0x50e0</run_address>
         <size>0x70</size>
         <input_file_ref idref="fl-134"/>
      </object_component>
      <object_component id="oc-62">
         <name>.text</name>
         <load_address>0x5150</load_address>
         <run_address>0x5150</run_address>
         <size>0x6c</size>
         <input_file_ref idref="fl-13a"/>
      </object_component>
      <object_component id="oc-43">
         <name>.text</name>
         <load_address>0x51bc</load_address>
         <run_address>0x51bc</run_address>
         <size>0x6a</size>
         <input_file_ref idref="fl-12d"/>
      </object_component>
      <object_component id="oc-2dd">
         <name>.text</name>
         <load_address>0x5228</load_address>
         <run_address>0x5228</run_address>
         <size>0x68</size>
         <input_file_ref idref="fl-150"/>
      </object_component>
      <object_component id="oc-242">
         <name>.text</name>
         <load_address>0x5290</load_address>
         <run_address>0x5290</run_address>
         <size>0x66</size>
         <input_file_ref idref="fl-154"/>
      </object_component>
      <object_component id="oc-208">
         <name>.text</name>
         <load_address>0x52f8</load_address>
         <run_address>0x52f8</run_address>
         <size>0x64</size>
         <input_file_ref idref="fl-15b"/>
      </object_component>
      <object_component id="oc-1b6">
         <name>.text</name>
         <load_address>0x535c</load_address>
         <run_address>0x535c</run_address>
         <size>0x56</size>
         <input_file_ref idref="fl-148"/>
      </object_component>
      <object_component id="oc-1cc">
         <name>.text</name>
         <load_address>0x53b2</load_address>
         <run_address>0x53b2</run_address>
         <size>0x52</size>
         <input_file_ref idref="fl-146"/>
      </object_component>
      <object_component id="oc-25">
         <name>.text</name>
         <load_address>0x5404</load_address>
         <run_address>0x5404</run_address>
         <size>0x50</size>
         <input_file_ref idref="fl-12b"/>
      </object_component>
      <object_component id="oc-1e4">
         <name>.text</name>
         <load_address>0x5454</load_address>
         <run_address>0x5454</run_address>
         <size>0x4c</size>
         <input_file_ref idref="fl-139"/>
      </object_component>
      <object_component id="oc-98">
         <name>.text</name>
         <load_address>0x54a0</load_address>
         <run_address>0x54a0</run_address>
         <size>0x4c</size>
         <input_file_ref idref="fl-13b"/>
      </object_component>
      <object_component id="oc-1b1">
         <name>.text</name>
         <load_address>0x54ec</load_address>
         <run_address>0x54ec</run_address>
         <size>0x48</size>
         <input_file_ref idref="fl-142"/>
      </object_component>
      <object_component id="oc-6e">
         <name>.text</name>
         <load_address>0x5534</load_address>
         <run_address>0x5534</run_address>
         <size>0x44</size>
         <input_file_ref idref="fl-12f"/>
      </object_component>
      <object_component id="oc-321">
         <name>.text</name>
         <load_address>0x5578</load_address>
         <run_address>0x5578</run_address>
         <size>0x40</size>
         <input_file_ref idref="fl-15e"/>
      </object_component>
      <object_component id="oc-e2">
         <name>.text</name>
         <load_address>0x55b8</load_address>
         <run_address>0x55b8</run_address>
         <size>0x38</size>
         <input_file_ref idref="fl-130"/>
      </object_component>
      <object_component id="oc-2b1">
         <name>.text</name>
         <load_address>0x55f0</load_address>
         <run_address>0x55f0</run_address>
         <size>0x34</size>
         <input_file_ref idref="fl-159"/>
      </object_component>
      <object_component id="oc-225">
         <name>.text</name>
         <load_address>0x5624</load_address>
         <run_address>0x5624</run_address>
         <size>0x30</size>
         <input_file_ref idref="fl-14e"/>
      </object_component>
      <object_component id="oc-1d8">
         <name>.text</name>
         <load_address>0x5654</load_address>
         <run_address>0x5654</run_address>
         <size>0x30</size>
         <input_file_ref idref="fl-152"/>
      </object_component>
      <object_component id="oc-250">
         <name>.text</name>
         <load_address>0x5684</load_address>
         <run_address>0x5684</run_address>
         <size>0x30</size>
         <input_file_ref idref="fl-155"/>
      </object_component>
      <object_component id="oc-1bc">
         <name>.text</name>
         <load_address>0x56b4</load_address>
         <run_address>0x56b4</run_address>
         <size>0x2e</size>
         <input_file_ref idref="fl-145"/>
      </object_component>
      <object_component id="oc-2ff">
         <name>.text</name>
         <load_address>0x56e2</load_address>
         <run_address>0x56e2</run_address>
         <size>0x2e</size>
         <input_file_ref idref="fl-15c"/>
      </object_component>
      <object_component id="oc-1c6">
         <name>.text</name>
         <load_address>0x5710</load_address>
         <run_address>0x5710</run_address>
         <size>0x2a</size>
         <input_file_ref idref="fl-144"/>
      </object_component>
      <object_component id="oc-184">
         <name>.text</name>
         <load_address>0x573a</load_address>
         <run_address>0x573a</run_address>
         <size>0x20</size>
         <input_file_ref idref="fl-14a"/>
      </object_component>
      <object_component id="oc-1de">
         <name>.text</name>
         <load_address>0x575a</load_address>
         <run_address>0x575a</run_address>
         <size>0x1c</size>
         <input_file_ref idref="fl-149"/>
      </object_component>
      <object_component id="oc-68">
         <name>.text</name>
         <load_address>0x5778</load_address>
         <run_address>0x5778</run_address>
         <size>0x18</size>
         <input_file_ref idref="fl-138"/>
      </object_component>
      <object_component id="oc-21f">
         <name>.text</name>
         <load_address>0x5790</load_address>
         <run_address>0x5790</run_address>
         <size>0x18</size>
         <input_file_ref idref="fl-14c"/>
      </object_component>
      <object_component id="oc-1d2">
         <name>.text</name>
         <load_address>0x57a8</load_address>
         <run_address>0x57a8</run_address>
         <size>0x16</size>
         <input_file_ref idref="fl-14b"/>
      </object_component>
      <object_component id="oc-f8">
         <name>.text</name>
         <load_address>0x57c0</load_address>
         <run_address>0x57c0</run_address>
         <size>0x14</size>
         <input_file_ref idref="fl-136"/>
      </object_component>
      <object_component id="oc-2e3">
         <name>.text</name>
         <load_address>0x57d4</load_address>
         <run_address>0x57d4</run_address>
         <size>0x14</size>
         <input_file_ref idref="fl-15f"/>
      </object_component>
      <object_component id="oc-17e">
         <name>.text</name>
         <load_address>0x57e8</load_address>
         <run_address>0x57e8</run_address>
         <size>0x14</size>
         <input_file_ref idref="fl-14d"/>
      </object_component>
      <object_component id="oc-13">
         <name>.text:decompress:none</name>
         <load_address>0x57fc</load_address>
         <run_address>0x57fc</run_address>
         <size>0xe</size>
         <input_file_ref idref="fl-12c"/>
      </object_component>
      <object_component id="oc-1f">
         <name>.text:decompress:ZI</name>
         <load_address>0x580a</load_address>
         <run_address>0x580a</run_address>
         <size>0xc</size>
         <input_file_ref idref="fl-12e"/>
      </object_component>
      <object_component id="oc-19">
         <name>.text:decompress:rle24</name>
         <load_address>0x5816</load_address>
         <run_address>0x5816</run_address>
         <size>0x6</size>
         <input_file_ref idref="fl-12d"/>
      </object_component>
      <object_component id="oc-5c">
         <name>.text</name>
         <load_address>0x581c</load_address>
         <run_address>0x581c</run_address>
         <size>0x4</size>
         <input_file_ref idref="fl-133"/>
      </object_component>
      <object_component id="oc-e7">
         <name>.const:Logo</name>
         <load_address>0x5820</load_address>
         <run_address>0x5820</run_address>
         <size>0x3200</size>
         <input_file_ref idref="fl-4"/>
      </object_component>
      <object_component id="oc-121">
         <name>.const:.string:Font</name>
         <load_address>0x8a20</load_address>
         <run_address>0x8a20</run_address>
         <size>0x4fb</size>
         <input_file_ref idref="fl-3"/>
      </object_component>
      <object_component id="oc-12b">
         <name>.const:.string:dBfs</name>
         <load_address>0x8f1b</load_address>
         <run_address>0x8f1b</run_address>
         <size>0x200</size>
         <input_file_ref idref="fl-3"/>
      </object_component>
      <object_component id="oc-25e">
         <name>.const:.string:_ctypes_</name>
         <load_address>0x911b</load_address>
         <run_address>0x911b</run_address>
         <size>0x101</size>
         <input_file_ref idref="fl-13c"/>
      </object_component>
      <object_component id="oc-111">
         <name>.const:.string:Bcmd</name>
         <load_address>0x921c</load_address>
         <run_address>0x921c</run_address>
         <size>0x67</size>
         <input_file_ref idref="fl-3"/>
      </object_component>
      <object_component id="oc-df">
         <name>.const:Test2</name>
         <load_address>0x9284</load_address>
         <run_address>0x9284</run_address>
         <size>0x3c</size>
         <input_file_ref idref="fl-4"/>
      </object_component>
      <object_component id="oc-117">
         <name>.const:.string:Rcmd1</name>
         <load_address>0x92c0</load_address>
         <run_address>0x92c0</run_address>
         <size>0x3b</size>
         <input_file_ref idref="fl-3"/>
      </object_component>
      <object_component id="oc-11d">
         <name>.const:.string:Rcmd3</name>
         <load_address>0x92fb</load_address>
         <run_address>0x92fb</run_address>
         <size>0x2b</size>
         <input_file_ref idref="fl-3"/>
      </object_component>
      <object_component id="oc-11a">
         <name>.const:.string</name>
         <load_address>0x9326</load_address>
         <run_address>0x9326</run_address>
         <size>0x1a</size>
         <input_file_ref idref="fl-3"/>
      </object_component>
      <object_component id="oc-371">
         <name>.cinit..data.load</name>
         <load_address>0x9340</load_address>
         <run_address>0x9340</run_address>
         <size>0xb2</size>
      </object_component>
      <object_component id="oc-36f">
         <name>__TI_handler_table</name>
         <load_address>0x93f4</load_address>
         <run_address>0x93f4</run_address>
         <size>0xc</size>
      </object_component>
      <object_component id="oc-372">
         <name>.cinit..bss.load</name>
         <load_address>0x9400</load_address>
         <run_address>0x9400</run_address>
         <size>0x8</size>
      </object_component>
      <object_component id="oc-370">
         <name>__TI_cinit_table</name>
         <load_address>0x9408</load_address>
         <run_address>0x9408</run_address>
         <size>0x10</size>
      </object_component>
      <object_component id="oc-2b">
         <name>.sysmem</name>
         <uninitialized>true</uninitialized>
         <run_address>0x20000000</run_address>
         <size>0x8</size>
         <input_file_ref idref="fl-162"/>
      </object_component>
      <object_component id="oc-374">
         <name>.sysmem</name>
         <uninitialized>true</uninitialized>
         <run_address>0x20000000</run_address>
         <size>0x0</size>
      </object_component>
      <object_component id="oc-2a">
         <name>.stack</name>
         <uninitialized>true</uninitialized>
         <run_address>0x2000fe00</run_address>
         <size>0x0</size>
         <input_file_ref idref="fl-12b"/>
      </object_component>
      <object_component id="oc-373">
         <name>.stack</name>
         <uninitialized>true</uninitialized>
         <run_address>0x2000fe00</run_address>
         <size>0x0</size>
      </object_component>
      <object_component id="oc-30f">
         <name>.bss:__TI_tmpnams</name>
         <uninitialized>true</uninitialized>
         <run_address>0x20000880</run_address>
         <size>0xa0</size>
         <input_file_ref idref="fl-13d"/>
      </object_component>
      <object_component id="oc-316">
         <name>.bss:__CIOBUF_</name>
         <uninitialized>true</uninitialized>
         <run_address>0x20000760</run_address>
         <size>0x120</size>
         <input_file_ref idref="fl-150"/>
      </object_component>
      <object_component id="oc-10d">
         <name>.common:ColStart</name>
         <uninitialized>true</uninitialized>
         <run_address>0x20000948</run_address>
         <size>0x1</size>
      </object_component>
      <object_component id="oc-110">
         <name>.common:RowStart</name>
         <uninitialized>true</uninitialized>
         <run_address>0x2000094a</run_address>
         <size>0x1</size>
      </object_component>
      <object_component id="oc-126">
         <name>.common:Rotation</name>
         <uninitialized>true</uninitialized>
         <run_address>0x20000949</run_address>
         <size>0x1</size>
      </object_component>
      <object_component id="oc-120">
         <name>.common:TabColor</name>
         <uninitialized>true</uninitialized>
         <run_address>0x2000094b</run_address>
         <size>0x1</size>
      </object_component>
      <object_component id="oc-124">
         <name>.common:Message</name>
         <uninitialized>true</uninitialized>
         <run_address>0x20000920</run_address>
         <size>0xc</size>
      </object_component>
      <object_component id="oc-125">
         <name>.common:Messageindex</name>
         <uninitialized>true</uninitialized>
         <run_address>0x20000934</run_address>
         <size>0x4</size>
      </object_component>
      <object_component id="oc-127">
         <name>.common:Ymax</name>
         <uninitialized>true</uninitialized>
         <run_address>0x2000093c</run_address>
         <size>0x4</size>
      </object_component>
      <object_component id="oc-128">
         <name>.common:Ymin</name>
         <uninitialized>true</uninitialized>
         <run_address>0x20000940</run_address>
         <size>0x4</size>
      </object_component>
      <object_component id="oc-12a">
         <name>.common:X</name>
         <uninitialized>true</uninitialized>
         <run_address>0x20000938</run_address>
         <size>0x4</size>
      </object_component>
      <object_component id="oc-129">
         <name>.common:Yrange</name>
         <uninitialized>true</uninitialized>
         <run_address>0x20000944</run_address>
         <size>0x4</size>
      </object_component>
      <object_component id="oc-2e9">
         <name>.common:parmbuf</name>
         <uninitialized>true</uninitialized>
         <run_address>0x2000092c</run_address>
         <size>0x8</size>
      </object_component>
      <object_component id="oc-134">
         <name>.data</name>
         <load_address>0x20000708</load_address>
         <run_address>0x20000708</run_address>
         <size>0x14</size>
         <input_file_ref idref="fl-2"/>
      </object_component>
      <object_component id="oc-114">
         <name>.data</name>
         <load_address>0x200006f0</load_address>
         <run_address>0x200006f0</run_address>
         <size>0x18</size>
         <input_file_ref idref="fl-3"/>
      </object_component>
      <object_component id="oc-ea">
         <name>.data</name>
         <load_address>0x2000075c</load_address>
         <run_address>0x2000075c</run_address>
         <size>0x2</size>
         <input_file_ref idref="fl-4"/>
      </object_component>
      <object_component id="oc-ab">
         <name>.data</name>
         <load_address>0x20000740</load_address>
         <run_address>0x20000740</run_address>
         <size>0x8</size>
         <input_file_ref idref="fl-12f"/>
      </object_component>
      <object_component id="oc-74">
         <name>.data</name>
         <load_address>0x20000758</load_address>
         <run_address>0x20000758</run_address>
         <size>0x4</size>
         <input_file_ref idref="fl-135"/>
      </object_component>
      <object_component id="oc-a8">
         <name>.data</name>
         <load_address>0x20000738</load_address>
         <run_address>0x20000738</run_address>
         <size>0x8</size>
         <input_file_ref idref="fl-136"/>
      </object_component>
      <object_component id="oc-149">
         <name>.data:_ftable</name>
         <load_address>0x20000400</load_address>
         <run_address>0x20000400</run_address>
         <size>0xf0</size>
         <input_file_ref idref="fl-13d"/>
      </object_component>
      <object_component id="oc-21a">
         <name>.data</name>
         <load_address>0x2000071c</load_address>
         <run_address>0x2000071c</run_address>
         <size>0x10</size>
         <input_file_ref idref="fl-13d"/>
      </object_component>
      <object_component id="oc-22b">
         <name>.data</name>
         <load_address>0x200004f0</load_address>
         <run_address>0x200004f0</run_address>
         <size>0xd0</size>
         <input_file_ref idref="fl-147"/>
      </object_component>
      <object_component id="oc-2ac">
         <name>.data</name>
         <load_address>0x20000670</load_address>
         <run_address>0x20000670</run_address>
         <size>0x80</size>
         <input_file_ref idref="fl-156"/>
      </object_component>
      <object_component id="oc-2b7">
         <name>.data</name>
         <load_address>0x20000750</load_address>
         <run_address>0x20000750</run_address>
         <size>0x4</size>
         <input_file_ref idref="fl-158"/>
      </object_component>
      <object_component id="oc-305">
         <name>.data</name>
         <load_address>0x20000748</load_address>
         <run_address>0x20000748</run_address>
         <size>0x8</size>
         <input_file_ref idref="fl-159"/>
      </object_component>
      <object_component id="oc-33c">
         <name>.data:sigtable</name>
         <load_address>0x200005c0</load_address>
         <run_address>0x200005c0</run_address>
         <size>0xb0</size>
         <input_file_ref idref="fl-15e"/>
      </object_component>
      <object_component id="oc-2d4">
         <name>.data</name>
         <load_address>0x20000754</load_address>
         <run_address>0x20000754</run_address>
         <size>0x4</size>
         <input_file_ref idref="fl-161"/>
      </object_component>
      <object_component id="oc-2ca">
         <name>.data</name>
         <load_address>0x2000072c</load_address>
         <run_address>0x2000072c</run_address>
         <size>0xc</size>
         <input_file_ref idref="fl-162"/>
      </object_component>
      <object_component id="oc-207">
         <name>.debug_info</name>
         <load_address>0x0</load_address>
         <run_address>0x0</run_address>
         <size>0x2ee</size>
         <input_file_ref idref="fl-2"/>
      </object_component>
      <object_component id="oc-135">
         <name>.debug_info</name>
         <load_address>0x2ee</load_address>
         <run_address>0x2ee</run_address>
         <size>0x156</size>
         <input_file_ref idref="fl-2"/>
      </object_component>
      <object_component id="oc-d4">
         <name>.debug_info</name>
         <load_address>0x444</load_address>
         <run_address>0x444</run_address>
         <size>0x257</size>
         <input_file_ref idref="fl-2"/>
      </object_component>
      <object_component id="oc-163">
         <name>.debug_info</name>
         <load_address>0x69b</load_address>
         <run_address>0x69b</run_address>
         <size>0x103e</size>
         <input_file_ref idref="fl-2"/>
      </object_component>
      <object_component id="oc-7f">
         <name>.debug_info</name>
         <load_address>0x16d9</load_address>
         <run_address>0x16d9</run_address>
         <size>0x84</size>
         <input_file_ref idref="fl-2"/>
      </object_component>
      <object_component id="oc-ec">
         <name>.debug_info</name>
         <load_address>0x175d</load_address>
         <run_address>0x175d</run_address>
         <size>0x18b</size>
         <input_file_ref idref="fl-2"/>
      </object_component>
      <object_component id="oc-138">
         <name>.debug_info</name>
         <load_address>0x18e8</load_address>
         <run_address>0x18e8</run_address>
         <size>0x57</size>
         <input_file_ref idref="fl-2"/>
      </object_component>
      <object_component id="oc-10e">
         <name>.debug_info</name>
         <load_address>0x193f</load_address>
         <run_address>0x193f</run_address>
         <size>0x4ab</size>
         <input_file_ref idref="fl-3"/>
      </object_component>
      <object_component id="oc-115">
         <name>.debug_info</name>
         <load_address>0x1dea</load_address>
         <run_address>0x1dea</run_address>
         <size>0x1ba</size>
         <input_file_ref idref="fl-3"/>
      </object_component>
      <object_component id="oc-122">
         <name>.debug_info</name>
         <load_address>0x1fa4</load_address>
         <run_address>0x1fa4</run_address>
         <size>0xc2</size>
         <input_file_ref idref="fl-3"/>
      </object_component>
      <object_component id="oc-112">
         <name>.debug_info</name>
         <load_address>0x2066</load_address>
         <run_address>0x2066</run_address>
         <size>0xc3</size>
         <input_file_ref idref="fl-3"/>
      </object_component>
      <object_component id="oc-118">
         <name>.debug_info</name>
         <load_address>0x2129</load_address>
         <run_address>0x2129</run_address>
         <size>0xc5</size>
         <input_file_ref idref="fl-3"/>
      </object_component>
      <object_component id="oc-11b">
         <name>.debug_info</name>
         <load_address>0x21ee</load_address>
         <run_address>0x21ee</run_address>
         <size>0xf0</size>
         <input_file_ref idref="fl-3"/>
      </object_component>
      <object_component id="oc-11e">
         <name>.debug_info</name>
         <load_address>0x22de</load_address>
         <run_address>0x22de</run_address>
         <size>0xc5</size>
         <input_file_ref idref="fl-3"/>
      </object_component>
      <object_component id="oc-12c">
         <name>.debug_info</name>
         <load_address>0x23a3</load_address>
         <run_address>0x23a3</run_address>
         <size>0xc4</size>
         <input_file_ref idref="fl-3"/>
      </object_component>
      <object_component id="oc-ce">
         <name>.debug_info</name>
         <load_address>0x2467</load_address>
         <run_address>0x2467</run_address>
         <size>0x22f3</size>
         <input_file_ref idref="fl-3"/>
      </object_component>
      <object_component id="oc-15e">
         <name>.debug_info</name>
         <load_address>0x475a</load_address>
         <run_address>0x475a</run_address>
         <size>0xc8</size>
         <input_file_ref idref="fl-3"/>
      </object_component>
      <object_component id="oc-14e">
         <name>.debug_info</name>
         <load_address>0x4822</load_address>
         <run_address>0x4822</run_address>
         <size>0x4e</size>
         <input_file_ref idref="fl-3"/>
      </object_component>
      <object_component id="oc-12f">
         <name>.debug_info</name>
         <load_address>0x4870</load_address>
         <run_address>0x4870</run_address>
         <size>0x51</size>
         <input_file_ref idref="fl-3"/>
      </object_component>
      <object_component id="oc-155">
         <name>.debug_info</name>
         <load_address>0x48c1</load_address>
         <run_address>0x48c1</run_address>
         <size>0x6c6</size>
         <input_file_ref idref="fl-4"/>
      </object_component>
      <object_component id="oc-e0">
         <name>.debug_info</name>
         <load_address>0x4f87</load_address>
         <run_address>0x4f87</run_address>
         <size>0xcd</size>
         <input_file_ref idref="fl-4"/>
      </object_component>
      <object_component id="oc-e8">
         <name>.debug_info</name>
         <load_address>0x5054</load_address>
         <run_address>0x5054</run_address>
         <size>0xcb</size>
         <input_file_ref idref="fl-4"/>
      </object_component>
      <object_component id="oc-a3">
         <name>.debug_info</name>
         <load_address>0x511f</load_address>
         <run_address>0x511f</run_address>
         <size>0x1556</size>
         <input_file_ref idref="fl-4"/>
      </object_component>
      <object_component id="oc-36">
         <name>.debug_info</name>
         <load_address>0x6675</load_address>
         <run_address>0x6675</run_address>
         <size>0xfa</size>
         <input_file_ref idref="fl-5"/>
      </object_component>
      <object_component id="oc-11">
         <name>.debug_info</name>
         <load_address>0x676f</load_address>
         <run_address>0x676f</run_address>
         <size>0xe7</size>
         <input_file_ref idref="fl-5"/>
      </object_component>
      <object_component id="oc-32">
         <name>.debug_info</name>
         <load_address>0x6856</load_address>
         <run_address>0x6856</run_address>
         <size>0x1693</size>
         <input_file_ref idref="fl-5"/>
      </object_component>
      <object_component id="oc-28">
         <name>.debug_info</name>
         <load_address>0x7ee9</load_address>
         <run_address>0x7ee9</run_address>
         <size>0x134</size>
         <input_file_ref idref="fl-12b"/>
      </object_component>
      <object_component id="oc-42">
         <name>.debug_info</name>
         <load_address>0x801d</load_address>
         <run_address>0x801d</run_address>
         <size>0x121</size>
         <input_file_ref idref="fl-12c"/>
      </object_component>
      <object_component id="oc-15">
         <name>.debug_info</name>
         <load_address>0x813e</load_address>
         <run_address>0x813e</run_address>
         <size>0x1c0</size>
         <input_file_ref idref="fl-12c"/>
      </object_component>
      <object_component id="oc-3d">
         <name>.debug_info</name>
         <load_address>0x82fe</load_address>
         <run_address>0x82fe</run_address>
         <size>0x46</size>
         <input_file_ref idref="fl-12c"/>
      </object_component>
      <object_component id="oc-85">
         <name>.debug_info</name>
         <load_address>0x8344</load_address>
         <run_address>0x8344</run_address>
         <size>0x2c</size>
         <input_file_ref idref="fl-12c"/>
      </object_component>
      <object_component id="oc-4a">
         <name>.debug_info</name>
         <load_address>0x8370</load_address>
         <run_address>0x8370</run_address>
         <size>0x115</size>
         <input_file_ref idref="fl-12d"/>
      </object_component>
      <object_component id="oc-46">
         <name>.debug_info</name>
         <load_address>0x8485</load_address>
         <run_address>0x8485</run_address>
         <size>0x228</size>
         <input_file_ref idref="fl-12d"/>
      </object_component>
      <object_component id="oc-1c">
         <name>.debug_info</name>
         <load_address>0x86ad</load_address>
         <run_address>0x86ad</run_address>
         <size>0x192</size>
         <input_file_ref idref="fl-12d"/>
      </object_component>
      <object_component id="oc-4b">
         <name>.debug_info</name>
         <load_address>0x883f</load_address>
         <run_address>0x883f</run_address>
         <size>0x39</size>
         <input_file_ref idref="fl-12d"/>
      </object_component>
      <object_component id="oc-8f">
         <name>.debug_info</name>
         <load_address>0x8878</load_address>
         <run_address>0x8878</run_address>
         <size>0x2c</size>
         <input_file_ref idref="fl-12d"/>
      </object_component>
      <object_component id="oc-5b">
         <name>.debug_info</name>
         <load_address>0x88a4</load_address>
         <run_address>0x88a4</run_address>
         <size>0x110</size>
         <input_file_ref idref="fl-12e"/>
      </object_component>
      <object_component id="oc-20">
         <name>.debug_info</name>
         <load_address>0x89b4</load_address>
         <run_address>0x89b4</run_address>
         <size>0x18b</size>
         <input_file_ref idref="fl-12e"/>
      </object_component>
      <object_component id="oc-56">
         <name>.debug_info</name>
         <load_address>0x8b3f</load_address>
         <run_address>0x8b3f</run_address>
         <size>0x46</size>
         <input_file_ref idref="fl-12e"/>
      </object_component>
      <object_component id="oc-af">
         <name>.debug_info</name>
         <load_address>0x8b85</load_address>
         <run_address>0x8b85</run_address>
         <size>0x172</size>
         <input_file_ref idref="fl-12f"/>
      </object_component>
      <object_component id="oc-ac">
         <name>.debug_info</name>
         <load_address>0x8cf7</load_address>
         <run_address>0x8cf7</run_address>
         <size>0x117</size>
         <input_file_ref idref="fl-12f"/>
      </object_component>
      <object_component id="oc-72">
         <name>.debug_info</name>
         <load_address>0x8e0e</load_address>
         <run_address>0x8e0e</run_address>
         <size>0x1ee</size>
         <input_file_ref idref="fl-12f"/>
      </object_component>
      <object_component id="oc-e3">
         <name>.debug_info</name>
         <load_address>0x8ffc</load_address>
         <run_address>0x8ffc</run_address>
         <size>0x109</size>
         <input_file_ref idref="fl-130"/>
      </object_component>
      <object_component id="oc-39">
         <name>.debug_info</name>
         <load_address>0x9105</load_address>
         <run_address>0x9105</run_address>
         <size>0xf6</size>
         <input_file_ref idref="fl-131"/>
      </object_component>
      <object_component id="oc-51">
         <name>.debug_info</name>
         <load_address>0x91fb</load_address>
         <run_address>0x91fb</run_address>
         <size>0x124</size>
         <input_file_ref idref="fl-132"/>
      </object_component>
      <object_component id="oc-60">
         <name>.debug_info</name>
         <load_address>0x931f</load_address>
         <run_address>0x931f</run_address>
         <size>0x129</size>
         <input_file_ref idref="fl-133"/>
      </object_component>
      <object_component id="oc-14d">
         <name>.debug_info</name>
         <load_address>0x9448</load_address>
         <run_address>0x9448</run_address>
         <size>0x20d</size>
         <input_file_ref idref="fl-134"/>
      </object_component>
      <object_component id="oc-da">
         <name>.debug_info</name>
         <load_address>0x9655</load_address>
         <run_address>0x9655</run_address>
         <size>0x265</size>
         <input_file_ref idref="fl-134"/>
      </object_component>
      <object_component id="oc-200">
         <name>.debug_info</name>
         <load_address>0x98ba</load_address>
         <run_address>0x98ba</run_address>
         <size>0xae</size>
         <input_file_ref idref="fl-134"/>
      </object_component>
      <object_component id="oc-75">
         <name>.debug_info</name>
         <load_address>0x9968</load_address>
         <run_address>0x9968</run_address>
         <size>0xea</size>
         <input_file_ref idref="fl-135"/>
      </object_component>
      <object_component id="oc-100">
         <name>.debug_info</name>
         <load_address>0x9a52</load_address>
         <run_address>0x9a52</run_address>
         <size>0x105</size>
         <input_file_ref idref="fl-136"/>
      </object_component>
      <object_component id="oc-a9">
         <name>.debug_info</name>
         <load_address>0x9b57</load_address>
         <run_address>0x9b57</run_address>
         <size>0xf4</size>
         <input_file_ref idref="fl-136"/>
      </object_component>
      <object_component id="oc-fa">
         <name>.debug_info</name>
         <load_address>0x9c4b</load_address>
         <run_address>0x9c4b</run_address>
         <size>0x200</size>
         <input_file_ref idref="fl-136"/>
      </object_component>
      <object_component id="oc-1eb">
         <name>.debug_info</name>
         <load_address>0x9e4b</load_address>
         <run_address>0x9e4b</run_address>
         <size>0x338</size>
         <input_file_ref idref="fl-137"/>
      </object_component>
      <object_component id="oc-145">
         <name>.debug_info</name>
         <load_address>0xa183</load_address>
         <run_address>0xa183</run_address>
         <size>0x17ea</size>
         <input_file_ref idref="fl-137"/>
      </object_component>
      <object_component id="oc-1ec">
         <name>.debug_info</name>
         <load_address>0xb96d</load_address>
         <run_address>0xb96d</run_address>
         <size>0x86</size>
         <input_file_ref idref="fl-137"/>
      </object_component>
      <object_component id="oc-1f1">
         <name>.debug_info</name>
         <load_address>0xb9f3</load_address>
         <run_address>0xb9f3</run_address>
         <size>0x2c</size>
         <input_file_ref idref="fl-137"/>
      </object_component>
      <object_component id="oc-265">
         <name>.debug_info</name>
         <load_address>0xba1f</load_address>
         <run_address>0xba1f</run_address>
         <size>0x46</size>
         <input_file_ref idref="fl-137"/>
      </object_component>
      <object_component id="oc-1f6">
         <name>.debug_info</name>
         <load_address>0xba65</load_address>
         <run_address>0xba65</run_address>
         <size>0x39</size>
         <input_file_ref idref="fl-137"/>
      </object_component>
      <object_component id="oc-a7">
         <name>.debug_info</name>
         <load_address>0xba9e</load_address>
         <run_address>0xba9e</run_address>
         <size>0x147</size>
         <input_file_ref idref="fl-138"/>
      </object_component>
      <object_component id="oc-6a">
         <name>.debug_info</name>
         <load_address>0xbbe5</load_address>
         <run_address>0xbbe5</run_address>
         <size>0x148</size>
         <input_file_ref idref="fl-138"/>
      </object_component>
      <object_component id="oc-f3">
         <name>.debug_info</name>
         <load_address>0xbd2d</load_address>
         <run_address>0xbd2d</run_address>
         <size>0x5e</size>
         <input_file_ref idref="fl-138"/>
      </object_component>
      <object_component id="oc-262">
         <name>.debug_info</name>
         <load_address>0xbd8b</load_address>
         <run_address>0xbd8b</run_address>
         <size>0xf5</size>
         <input_file_ref idref="fl-139"/>
      </object_component>
      <object_component id="oc-1e5">
         <name>.debug_info</name>
         <load_address>0xbe80</load_address>
         <run_address>0xbe80</run_address>
         <size>0x152</size>
         <input_file_ref idref="fl-139"/>
      </object_component>
      <object_component id="oc-9f">
         <name>.debug_info</name>
         <load_address>0xbfd2</load_address>
         <run_address>0xbfd2</run_address>
         <size>0x29e</size>
         <input_file_ref idref="fl-13a"/>
      </object_component>
      <object_component id="oc-65">
         <name>.debug_info</name>
         <load_address>0xc270</load_address>
         <run_address>0xc270</run_address>
         <size>0x158</size>
         <input_file_ref idref="fl-13a"/>
      </object_component>
      <object_component id="oc-c3">
         <name>.debug_info</name>
         <load_address>0xc3c8</load_address>
         <run_address>0xc3c8</run_address>
         <size>0x39</size>
         <input_file_ref idref="fl-13a"/>
      </object_component>
      <object_component id="oc-c8">
         <name>.debug_info</name>
         <load_address>0xc401</load_address>
         <run_address>0xc401</run_address>
         <size>0xcd</size>
         <input_file_ref idref="fl-13a"/>
      </object_component>
      <object_component id="oc-c0">
         <name>.debug_info</name>
         <load_address>0xc4ce</load_address>
         <run_address>0xc4ce</run_address>
         <size>0x1c1</size>
         <input_file_ref idref="fl-13b"/>
      </object_component>
      <object_component id="oc-9c">
         <name>.debug_info</name>
         <load_address>0xc68f</load_address>
         <run_address>0xc68f</run_address>
         <size>0x164</size>
         <input_file_ref idref="fl-13b"/>
      </object_component>
      <object_component id="oc-108">
         <name>.debug_info</name>
         <load_address>0xc7f3</load_address>
         <run_address>0xc7f3</run_address>
         <size>0x2c</size>
         <input_file_ref idref="fl-13b"/>
      </object_component>
      <object_component id="oc-2c5">
         <name>.debug_info</name>
         <load_address>0xc81f</load_address>
         <run_address>0xc81f</run_address>
         <size>0xcf</size>
         <input_file_ref idref="fl-13c"/>
      </object_component>
      <object_component id="oc-25f">
         <name>.debug_info</name>
         <load_address>0xc8ee</load_address>
         <run_address>0xc8ee</run_address>
         <size>0xdb</size>
         <input_file_ref idref="fl-13c"/>
      </object_component>
      <object_component id="oc-1fd">
         <name>.debug_info</name>
         <load_address>0xc9c9</load_address>
         <run_address>0xc9c9</run_address>
         <size>0xf1</size>
         <input_file_ref idref="fl-13d"/>
      </object_component>
      <object_component id="oc-14a">
         <name>.debug_info</name>
         <load_address>0xcaba</load_address>
         <run_address>0xcaba</run_address>
         <size>0xd8</size>
         <input_file_ref idref="fl-13d"/>
      </object_component>
      <object_component id="oc-310">
         <name>.debug_info</name>
         <load_address>0xcb92</load_address>
         <run_address>0xcb92</run_address>
         <size>0xe2</size>
         <input_file_ref idref="fl-13d"/>
      </object_component>
      <object_component id="oc-21b">
         <name>.debug_info</name>
         <load_address>0xcc74</load_address>
         <run_address>0xcc74</run_address>
         <size>0x165</size>
         <input_file_ref idref="fl-13d"/>
      </object_component>
      <object_component id="oc-1c3">
         <name>.debug_info</name>
         <load_address>0xcdd9</load_address>
         <run_address>0xcdd9</run_address>
         <size>0x129</size>
         <input_file_ref idref="fl-13e"/>
      </object_component>
      <object_component id="oc-1a0">
         <name>.debug_info</name>
         <load_address>0xcf02</load_address>
         <run_address>0xcf02</run_address>
         <size>0x105</size>
         <input_file_ref idref="fl-13f"/>
      </object_component>
      <object_component id="oc-1ae">
         <name>.debug_info</name>
         <load_address>0xd007</load_address>
         <run_address>0xd007</run_address>
         <size>0x107</size>
         <input_file_ref idref="fl-13f"/>
      </object_component>
      <object_component id="oc-1aa">
         <name>.debug_info</name>
         <load_address>0xd10e</load_address>
         <run_address>0xd10e</run_address>
         <size>0x117</size>
         <input_file_ref idref="fl-140"/>
      </object_component>
      <object_component id="oc-1a3">
         <name>.debug_info</name>
         <load_address>0xd225</load_address>
         <run_address>0xd225</run_address>
         <size>0x117</size>
         <input_file_ref idref="fl-141"/>
      </object_component>
      <object_component id="oc-1b2">
         <name>.debug_info</name>
         <load_address>0xd33c</load_address>
         <run_address>0xd33c</run_address>
         <size>0x10b</size>
         <input_file_ref idref="fl-142"/>
      </object_component>
      <object_component id="oc-197">
         <name>.debug_info</name>
         <load_address>0xd447</load_address>
         <run_address>0xd447</run_address>
         <size>0x283</size>
         <input_file_ref idref="fl-143"/>
      </object_component>
      <object_component id="oc-140">
         <name>.debug_info</name>
         <load_address>0xd6ca</load_address>
         <run_address>0xd6ca</run_address>
         <size>0x33a</size>
         <input_file_ref idref="fl-143"/>
      </object_component>
      <object_component id="oc-249">
         <name>.debug_info</name>
         <load_address>0xda04</load_address>
         <run_address>0xda04</run_address>
         <size>0xfe</size>
         <input_file_ref idref="fl-144"/>
      </object_component>
      <object_component id="oc-1c7">
         <name>.debug_info</name>
         <load_address>0xdb02</load_address>
         <run_address>0xdb02</run_address>
         <size>0x16e</size>
         <input_file_ref idref="fl-144"/>
      </object_component>
      <object_component id="oc-1bd">
         <name>.debug_info</name>
         <load_address>0xdc70</load_address>
         <run_address>0xdc70</run_address>
         <size>0x109</size>
         <input_file_ref idref="fl-145"/>
      </object_component>
      <object_component id="oc-257">
         <name>.debug_info</name>
         <load_address>0xdd79</load_address>
         <run_address>0xdd79</run_address>
         <size>0x142</size>
         <input_file_ref idref="fl-146"/>
      </object_component>
      <object_component id="oc-1cd">
         <name>.debug_info</name>
         <load_address>0xdebb</load_address>
         <run_address>0xdebb</run_address>
         <size>0x165</size>
         <input_file_ref idref="fl-146"/>
      </object_component>
      <object_component id="oc-22f">
         <name>.debug_info</name>
         <load_address>0xe020</load_address>
         <run_address>0xe020</run_address>
         <size>0x481</size>
         <input_file_ref idref="fl-147"/>
      </object_component>
      <object_component id="oc-22c">
         <name>.debug_info</name>
         <load_address>0xe4a1</load_address>
         <run_address>0xe4a1</run_address>
         <size>0xf7</size>
         <input_file_ref idref="fl-147"/>
      </object_component>
      <object_component id="oc-191">
         <name>.debug_info</name>
         <load_address>0xe598</load_address>
         <run_address>0xe598</run_address>
         <size>0xaec</size>
         <input_file_ref idref="fl-147"/>
      </object_component>
      <object_component id="oc-29b">
         <name>.debug_info</name>
         <load_address>0xf084</load_address>
         <run_address>0xf084</run_address>
         <size>0x120</size>
         <input_file_ref idref="fl-147"/>
      </object_component>
      <object_component id="oc-231">
         <name>.debug_info</name>
         <load_address>0xf1a4</load_address>
         <run_address>0xf1a4</run_address>
         <size>0x2c</size>
         <input_file_ref idref="fl-147"/>
      </object_component>
      <object_component id="oc-23f">
         <name>.debug_info</name>
         <load_address>0xf1d0</load_address>
         <run_address>0xf1d0</run_address>
         <size>0x12d</size>
         <input_file_ref idref="fl-148"/>
      </object_component>
      <object_component id="oc-1b8">
         <name>.debug_info</name>
         <load_address>0xf2fd</load_address>
         <run_address>0xf2fd</run_address>
         <size>0x1a3</size>
         <input_file_ref idref="fl-148"/>
      </object_component>
      <object_component id="oc-25d">
         <name>.debug_info</name>
         <load_address>0xf4a0</load_address>
         <run_address>0xf4a0</run_address>
         <size>0xd2</size>
         <input_file_ref idref="fl-149"/>
      </object_component>
      <object_component id="oc-1e1">
         <name>.debug_info</name>
         <load_address>0xf572</load_address>
         <run_address>0xf572</run_address>
         <size>0x18c</size>
         <input_file_ref idref="fl-149"/>
      </object_component>
      <object_component id="oc-219">
         <name>.debug_info</name>
         <load_address>0xf6fe</load_address>
         <run_address>0xf6fe</run_address>
         <size>0xe1</size>
         <input_file_ref idref="fl-14a"/>
      </object_component>
      <object_component id="oc-188">
         <name>.debug_info</name>
         <load_address>0xf7df</load_address>
         <run_address>0xf7df</run_address>
         <size>0x20f</size>
         <input_file_ref idref="fl-14a"/>
      </object_component>
      <object_component id="oc-259">
         <name>.debug_info</name>
         <load_address>0xf9ee</load_address>
         <run_address>0xf9ee</run_address>
         <size>0xd6</size>
         <input_file_ref idref="fl-14b"/>
      </object_component>
      <object_component id="oc-1d5">
         <name>.debug_info</name>
         <load_address>0xfac4</load_address>
         <run_address>0xfac4</run_address>
         <size>0x211</size>
         <input_file_ref idref="fl-14b"/>
      </object_component>
      <object_component id="oc-28e">
         <name>.debug_info</name>
         <load_address>0xfcd5</load_address>
         <run_address>0xfcd5</run_address>
         <size>0xc6</size>
         <input_file_ref idref="fl-14c"/>
      </object_component>
      <object_component id="oc-220">
         <name>.debug_info</name>
         <load_address>0xfd9b</load_address>
         <run_address>0xfd9b</run_address>
         <size>0x225</size>
         <input_file_ref idref="fl-14c"/>
      </object_component>
      <object_component id="oc-217">
         <name>.debug_info</name>
         <load_address>0xffc0</load_address>
         <run_address>0xffc0</run_address>
         <size>0xcb</size>
         <input_file_ref idref="fl-14d"/>
      </object_component>
      <object_component id="oc-17f">
         <name>.debug_info</name>
         <load_address>0x1008b</load_address>
         <run_address>0x1008b</run_address>
         <size>0x1f7</size>
         <input_file_ref idref="fl-14d"/>
      </object_component>
      <object_component id="oc-290">
         <name>.debug_info</name>
         <load_address>0x10282</load_address>
         <run_address>0x10282</run_address>
         <size>0xd7</size>
         <input_file_ref idref="fl-14e"/>
      </object_component>
      <object_component id="oc-226">
         <name>.debug_info</name>
         <load_address>0x10359</load_address>
         <run_address>0x10359</run_address>
         <size>0x226</size>
         <input_file_ref idref="fl-14e"/>
      </object_component>
      <object_component id="oc-2ea">
         <name>.debug_info</name>
         <load_address>0x1057f</load_address>
         <run_address>0x1057f</run_address>
         <size>0x24e</size>
         <input_file_ref idref="fl-14f"/>
      </object_component>
      <object_component id="oc-293">
         <name>.debug_info</name>
         <load_address>0x107cd</load_address>
         <run_address>0x107cd</run_address>
         <size>0xa0e</size>
         <input_file_ref idref="fl-14f"/>
      </object_component>
      <object_component id="oc-2ed">
         <name>.debug_info</name>
         <load_address>0x111db</load_address>
         <run_address>0x111db</run_address>
         <size>0x39</size>
         <input_file_ref idref="fl-14f"/>
      </object_component>
      <object_component id="oc-31a">
         <name>.debug_info</name>
         <load_address>0x11214</load_address>
         <run_address>0x11214</run_address>
         <size>0xf6</size>
         <input_file_ref idref="fl-150"/>
      </object_component>
      <object_component id="oc-317">
         <name>.debug_info</name>
         <load_address>0x1130a</load_address>
         <run_address>0x1130a</run_address>
         <size>0xde</size>
         <input_file_ref idref="fl-150"/>
      </object_component>
      <object_component id="oc-2de">
         <name>.debug_info</name>
         <load_address>0x113e8</load_address>
         <run_address>0x113e8</run_address>
         <size>0x262</size>
         <input_file_ref idref="fl-150"/>
      </object_component>
      <object_component id="oc-199">
         <name>.debug_info</name>
         <load_address>0x1164a</load_address>
         <run_address>0x1164a</run_address>
         <size>0x162</size>
         <input_file_ref idref="fl-151"/>
      </object_component>
      <object_component id="oc-25b">
         <name>.debug_info</name>
         <load_address>0x117ac</load_address>
         <run_address>0x117ac</run_address>
         <size>0xf3</size>
         <input_file_ref idref="fl-152"/>
      </object_component>
      <object_component id="oc-1da">
         <name>.debug_info</name>
         <load_address>0x1189f</load_address>
         <run_address>0x1189f</run_address>
         <size>0x13a</size>
         <input_file_ref idref="fl-152"/>
      </object_component>
      <object_component id="oc-2b0">
         <name>.debug_info</name>
         <load_address>0x119d9</load_address>
         <run_address>0x119d9</run_address>
         <size>0x111</size>
         <input_file_ref idref="fl-153"/>
      </object_component>
      <object_component id="oc-24b">
         <name>.debug_info</name>
         <load_address>0x11aea</load_address>
         <run_address>0x11aea</run_address>
         <size>0x192</size>
         <input_file_ref idref="fl-153"/>
      </object_component>
      <object_component id="oc-2f8">
         <name>.debug_info</name>
         <load_address>0x11c7c</load_address>
         <run_address>0x11c7c</run_address>
         <size>0x86</size>
         <input_file_ref idref="fl-153"/>
      </object_component>
      <object_component id="oc-2a9">
         <name>.debug_info</name>
         <load_address>0x11d02</load_address>
         <run_address>0x11d02</run_address>
         <size>0xfb</size>
         <input_file_ref idref="fl-154"/>
      </object_component>
      <object_component id="oc-243">
         <name>.debug_info</name>
         <load_address>0x11dfd</load_address>
         <run_address>0x11dfd</run_address>
         <size>0x173</size>
         <input_file_ref idref="fl-154"/>
      </object_component>
      <object_component id="oc-254">
         <name>.debug_info</name>
         <load_address>0x11f70</load_address>
         <run_address>0x11f70</run_address>
         <size>0x153</size>
         <input_file_ref idref="fl-155"/>
      </object_component>
      <object_component id="oc-2ad">
         <name>.debug_info</name>
         <load_address>0x120c3</load_address>
         <run_address>0x120c3</run_address>
         <size>0x1b5</size>
         <input_file_ref idref="fl-156"/>
      </object_component>
      <object_component id="oc-215">
         <name>.debug_info</name>
         <load_address>0x12278</load_address>
         <run_address>0x12278</run_address>
         <size>0x132</size>
         <input_file_ref idref="fl-157"/>
      </object_component>
      <object_component id="oc-17b">
         <name>.debug_info</name>
         <load_address>0x123aa</load_address>
         <run_address>0x123aa</run_address>
         <size>0x211</size>
         <input_file_ref idref="fl-157"/>
      </object_component>
      <object_component id="oc-27e">
         <name>.debug_info</name>
         <load_address>0x125bb</load_address>
         <run_address>0x125bb</run_address>
         <size>0xbb</size>
         <input_file_ref idref="fl-157"/>
      </object_component>
      <object_component id="oc-2b8">
         <name>.debug_info</name>
         <load_address>0x12676</load_address>
         <run_address>0x12676</run_address>
         <size>0xd6</size>
         <input_file_ref idref="fl-158"/>
      </object_component>
      <object_component id="oc-330">
         <name>.debug_info</name>
         <load_address>0x1274c</load_address>
         <run_address>0x1274c</run_address>
         <size>0x13e</size>
         <input_file_ref idref="fl-159"/>
      </object_component>
      <object_component id="oc-306">
         <name>.debug_info</name>
         <load_address>0x1288a</load_address>
         <run_address>0x1288a</run_address>
         <size>0x10e</size>
         <input_file_ref idref="fl-159"/>
      </object_component>
      <object_component id="oc-2b3">
         <name>.debug_info</name>
         <load_address>0x12998</load_address>
         <run_address>0x12998</run_address>
         <size>0x16f</size>
         <input_file_ref idref="fl-159"/>
      </object_component>
      <object_component id="oc-32b">
         <name>.debug_info</name>
         <load_address>0x12b07</load_address>
         <run_address>0x12b07</run_address>
         <size>0x6f</size>
         <input_file_ref idref="fl-159"/>
      </object_component>
      <object_component id="oc-21e">
         <name>.debug_info</name>
         <load_address>0x12b76</load_address>
         <run_address>0x12b76</run_address>
         <size>0x183</size>
         <input_file_ref idref="fl-15a"/>
      </object_component>
      <object_component id="oc-18b">
         <name>.debug_info</name>
         <load_address>0x12cf9</load_address>
         <run_address>0x12cf9</run_address>
         <size>0x23b</size>
         <input_file_ref idref="fl-15a"/>
      </object_component>
      <object_component id="oc-26f">
         <name>.debug_info</name>
         <load_address>0x12f34</load_address>
         <run_address>0x12f34</run_address>
         <size>0x160</size>
         <input_file_ref idref="fl-15b"/>
      </object_component>
      <object_component id="oc-20b">
         <name>.debug_info</name>
         <load_address>0x13094</load_address>
         <run_address>0x13094</run_address>
         <size>0x1c2</size>
         <input_file_ref idref="fl-15b"/>
      </object_component>
      <object_component id="oc-328">
         <name>.debug_info</name>
         <load_address>0x13256</load_address>
         <run_address>0x13256</run_address>
         <size>0xfd</size>
         <input_file_ref idref="fl-15c"/>
      </object_component>
      <object_component id="oc-300">
         <name>.debug_info</name>
         <load_address>0x13353</load_address>
         <run_address>0x13353</run_address>
         <size>0x154</size>
         <input_file_ref idref="fl-15c"/>
      </object_component>
      <object_component id="oc-343">
         <name>.debug_info</name>
         <load_address>0x134a7</load_address>
         <run_address>0x134a7</run_address>
         <size>0x2c</size>
         <input_file_ref idref="fl-15c"/>
      </object_component>
      <object_component id="oc-27d">
         <name>.debug_info</name>
         <load_address>0x134d3</load_address>
         <run_address>0x134d3</run_address>
         <size>0x1a1</size>
         <input_file_ref idref="fl-15d"/>
      </object_component>
      <object_component id="oc-211">
         <name>.debug_info</name>
         <load_address>0x13674</load_address>
         <run_address>0x13674</run_address>
         <size>0x1e1</size>
         <input_file_ref idref="fl-15d"/>
      </object_component>
      <object_component id="oc-340">
         <name>.debug_info</name>
         <load_address>0x13855</load_address>
         <run_address>0x13855</run_address>
         <size>0x11d</size>
         <input_file_ref idref="fl-15e"/>
      </object_component>
      <object_component id="oc-33d">
         <name>.debug_info</name>
         <load_address>0x13972</load_address>
         <run_address>0x13972</run_address>
         <size>0xdb</size>
         <input_file_ref idref="fl-15e"/>
      </object_component>
      <object_component id="oc-322">
         <name>.debug_info</name>
         <load_address>0x13a4d</load_address>
         <run_address>0x13a4d</run_address>
         <size>0x16a</size>
         <input_file_ref idref="fl-15e"/>
      </object_component>
      <object_component id="oc-31c">
         <name>.debug_info</name>
         <load_address>0x13bb7</load_address>
         <run_address>0x13bb7</run_address>
         <size>0xd1</size>
         <input_file_ref idref="fl-15f"/>
      </object_component>
      <object_component id="oc-2e4">
         <name>.debug_info</name>
         <load_address>0x13c88</load_address>
         <run_address>0x13c88</run_address>
         <size>0x1fe</size>
         <input_file_ref idref="fl-15f"/>
      </object_component>
      <object_component id="oc-2f3">
         <name>.debug_info</name>
         <load_address>0x13e86</load_address>
         <run_address>0x13e86</run_address>
         <size>0xc6</size>
         <input_file_ref idref="fl-160"/>
      </object_component>
      <object_component id="oc-2a3">
         <name>.debug_info</name>
         <load_address>0x13f4c</load_address>
         <run_address>0x13f4c</run_address>
         <size>0x14d</size>
         <input_file_ref idref="fl-160"/>
      </object_component>
      <object_component id="oc-2d6">
         <name>.debug_info</name>
         <load_address>0x14099</load_address>
         <run_address>0x14099</run_address>
         <size>0x21d</size>
         <input_file_ref idref="fl-161"/>
      </object_component>
      <object_component id="oc-279">
         <name>.debug_info</name>
         <load_address>0x142b6</load_address>
         <run_address>0x142b6</run_address>
         <size>0x436</size>
         <input_file_ref idref="fl-161"/>
      </object_component>
      <object_component id="oc-b5">
         <name>.debug_info</name>
         <load_address>0x146ec</load_address>
         <run_address>0x146ec</run_address>
         <size>0x2c</size>
         <input_file_ref idref="fl-161"/>
      </object_component>
      <object_component id="oc-7a">
         <name>.debug_info</name>
         <load_address>0x14718</load_address>
         <run_address>0x14718</run_address>
         <size>0x203</size>
         <input_file_ref idref="fl-162"/>
      </object_component>
      <object_component id="oc-2c">
         <name>.debug_info</name>
         <load_address>0x1491b</load_address>
         <run_address>0x1491b</run_address>
         <size>0xe2</size>
         <input_file_ref idref="fl-162"/>
      </object_component>
      <object_component id="oc-2cb">
         <name>.debug_info</name>
         <load_address>0x149fd</load_address>
         <run_address>0x149fd</run_address>
         <size>0x12d</size>
[...]
         <name>CS_IRQHandler</name>
         <value>0x4e4b</value>
         <object_component_ref idref="oc-2e"/>
      </symbol>
      <symbol id="sm-36d">
         <name>_c_int00</name>
         <value>0x5405</value>
         <object_component_ref idref="oc-25"/>
      </symbol>
      <symbol id="sm-36e">
         <name>__stack</name>
         <value>0x2000fe00</value>
         <object_component_ref idref="oc-2a"/>
      </symbol>
      <symbol id="sm-385">
         <name>__TI_decompress_none</name>
         <value>0x57fd</value>
         <object_component_ref idref="oc-13"/>
      </symbol>
      <symbol id="sm-3ad">
         <name>__TI_decompress_rle24</name>
         <value>0x5817</value>
         <object_component_ref idref="oc-19"/>
      </symbol>
      <symbol id="sm-3bf">
         <name>__TI_zero_init</name>
         <value>0x580b</value>
         <object_component_ref idref="oc-1f"/>
      </symbol>
      <symbol id="sm-3de">
         <name>C$$EXIT</name>
         <value>0x5535</value>
         <object_component_ref idref="oc-6e"/>
      </symbol>
      <symbol id="sm-3df">
         <name>abort</name>
         <value>0x5539</value>
         <object_component_ref idref="oc-6e"/>
      </symbol>
      <symbol id="sm-3e0">
         <name>exit</name>
         <value>0x5541</value>
         <object_component_ref idref="oc-6e"/>
      </symbol>
      <symbol id="sm-3e1">
         <name>__TI_dtors_ptr</name>
         <value>0x20000744</value>
         <object_component_ref idref="oc-ab"/>
      </symbol>
      <symbol id="sm-3e2">
         <name>__TI_cleanup_ptr</name>
         <value>0x20000740</value>
         <object_component_ref idref="oc-ab"/>
      </symbol>
      <symbol id="sm-3f0">
         <name>__aeabi_f2d</name>
         <value>0x55b9</value>
         <object_component_ref idref="oc-e2"/>
      </symbol>
      <symbol id="sm-40b">
         <name>memcpy</name>
         <value>0x4d87</value>
         <object_component_ref idref="oc-37"/>
      </symbol>
      <symbol id="sm-40c">
         <name>__aeabi_memcpy</name>
         <value>0x4d87</value>
         <object_component_ref idref="oc-37"/>
      </symbol>
      <symbol id="sm-40d">
         <name>__aeabi_memcpy8</name>
         <value>0x4d87</value>
         <object_component_ref idref="oc-37"/>
      </symbol>
      <symbol id="sm-40e">
         <name>__aeabi_memcpy4</name>
         <value>0x4d87</value>
         <object_component_ref idref="oc-37"/>
      </symbol>
      <symbol id="sm-41d">
         <name>__aeabi_memset</name>
         <value>0x5067</value>
         <object_component_ref idref="oc-50"/>
      </symbol>
      <symbol id="sm-41e">
         <name>memset</name>
         <value>0x506d</value>
         <object_component_ref idref="oc-50"/>
      </symbol>
      <symbol id="sm-41f">
         <name>__aeabi_memset8</name>
         <value>0x5067</value>
         <object_component_ref idref="oc-50"/>
      </symbol>
      <symbol id="sm-420">
         <name>__aeabi_memset4</name>
         <value>0x5067</value>
         <object_component_ref idref="oc-50"/>
      </symbol>
      <symbol id="sm-421">
         <name>__aeabi_memclr8</name>
         <value>0x5065</value>
         <object_component_ref idref="oc-50"/>
      </symbol>
      <symbol id="sm-422">
         <name>__aeabi_memclr4</name>
         <value>0x5065</value>
         <object_component_ref idref="oc-50"/>
      </symbol>
      <symbol id="sm-423">
         <name>__aeabi_memclr</name>
         <value>0x5065</value>
         <object_component_ref idref="oc-50"/>
      </symbol>
      <symbol id="sm-42d">
         <name>_system_pre_init</name>
         <value>0x581d</value>
         <object_component_ref idref="oc-5c"/>
      </symbol>
      <symbol id="sm-44b">
         <name>printf</name>
         <value>0x50e9</value>
         <object_component_ref idref="oc-d9"/>
      </symbol>
      <symbol id="sm-453">
         <name>main_func_sp</name>
         <value>0x20000758</value>
         <object_component_ref idref="oc-74"/>
      </symbol>
      <symbol id="sm-46c">
         <name>_nop</name>
         <value>0x57cf</value>
         <object_component_ref idref="oc-f8"/>
      </symbol>
      <symbol id="sm-46d">
         <name>_lock</name>
         <value>0x20000738</value>
         <object_component_ref idref="oc-a8"/>
      </symbol>
      <symbol id="sm-46e">
         <name>_unlock</name>
         <value>0x2000073c</value>
         <object_component_ref idref="oc-a8"/>
      </symbol>
      <symbol id="sm-46f">
         <name>_register_lock</name>
         <value>0x57c7</value>
         <object_component_ref idref="oc-f8"/>
      </symbol>
      <symbol id="sm-470">
         <name>_register_unlock</name>
         <value>0x57c1</value>
         <object_component_ref idref="oc-f8"/>
      </symbol>
      <symbol id="sm-57a">
         <name>__TI_printfi</name>
         <value>0x243d</value>
         <object_component_ref idref="oc-143"/>
      </symbol>
      <symbol id="sm-58f">
         <name>_args_main</name>
         <value>0x5779</value>
         <object_component_ref idref="oc-68"/>
      </symbol>
      <symbol id="sm-5a5">
         <name>atoi</name>
         <value>0x5455</value>
         <object_component_ref idref="oc-1e4"/>
      </symbol>
      <symbol id="sm-5cb">
         <name>__TI_auto_init</name>
         <value>0x5151</value>
         <object_component_ref idref="oc-62"/>
      </symbol>
      <symbol id="sm-5e5">
         <name>copy_in</name>
         <value>0x54a1</value>
         <object_component_ref idref="oc-98"/>
      </symbol>
      <symbol id="sm-5f0">
         <name>_ctypes_</name>
         <value>0x911b</value>
         <object_component_ref idref="oc-25e"/>
      </symbol>
      <symbol id="sm-609">
         <name>__aeabi_stdout</name>
         <value>0x20000724</value>
         <object_component_ref idref="oc-21a"/>
      </symbol>
      <symbol id="sm-60a">
         <name>__TI_tmpnams</name>
         <value>0x20000880</value>
         <object_component_ref idref="oc-30f"/>
      </symbol>
      <symbol id="sm-60b">
         <name>__aeabi_stderr</name>
         <value>0x20000728</value>
         <object_component_ref idref="oc-21a"/>
      </symbol>
      <symbol id="sm-60c">
         <name>__aeabi_stdin</name>
         <value>0x20000720</value>
         <object_component_ref idref="oc-21a"/>
      </symbol>
      <symbol id="sm-60d">
         <name>_ftable</name>
         <value>0x20000400</value>
         <object_component_ref idref="oc-149"/>
      </symbol>
      <symbol id="sm-60e">
         <name>__TI_ft_end</name>
         <value>0x2000071c</value>
         <object_component_ref idref="oc-21a"/>
      </symbol>
      <symbol id="sm-632">
         <name>__aeabi_dsub</name>
         <value>0x444d</value>
         <object_component_ref idref="oc-1c1"/>
      </symbol>
      <symbol id="sm-633">
         <name>__aeabi_dadd</name>
         <value>0x4457</value>
         <object_component_ref idref="oc-1c1"/>
      </symbol>
      <symbol id="sm-65a">
         <name>__aeabi_cdcmpeq</name>
         <value>0x4f59</value>
         <object_component_ref idref="oc-19d"/>
      </symbol>
      <symbol id="sm-65b">
         <name>__aeabi_cdcmple</name>
         <value>0x4f59</value>
         <object_component_ref idref="oc-19d"/>
      </symbol>
      <symbol id="sm-65c">
         <name>__aeabi_cdrcmple</name>
         <value>0x4fdf</value>
         <object_component_ref idref="oc-1ac"/>
      </symbol>
      <symbol id="sm-67c">
         <name>__aeabi_ddiv</name>
         <value>0x4603</value>
         <object_component_ref idref="oc-1a7"/>
      </symbol>
      <symbol id="sm-693">
         <name>__aeabi_dmul</name>
         <value>0x497d</value>
         <object_component_ref idref="oc-1a2"/>
      </symbol>
      <symbol id="sm-6a1">
         <name>__aeabi_d2iz</name>
         <value>0x54ed</value>
         <object_component_ref idref="oc-1b1"/>
      </symbol>
      <symbol id="sm-6c3">
         <name>puts</name>
         <value>0x4845</value>
         <object_component_ref idref="oc-13d"/>
      </symbol>
      <symbol id="sm-6c4">
         <name>fputs</name>
         <value>0x4739</value>
         <object_component_ref idref="oc-13d"/>
      </symbol>
      <symbol id="sm-6d1">
         <name>frexp</name>
         <value>0x5711</value>
         <object_component_ref idref="oc-1c6"/>
      </symbol>
      <symbol id="sm-6dd">
         <name>__aeabi_i2d</name>
         <value>0x56b5</value>
         <object_component_ref idref="oc-1bc"/>
      </symbol>
      <symbol id="sm-6ee">
         <name>ldexp</name>
         <value>0x53b3</value>
         <object_component_ref idref="oc-1cc"/>
      </symbol>
      <symbol id="sm-740">
         <name>open</name>
         <value>0x3bf3</value>
         <object_component_ref idref="oc-190"/>
      </symbol>
      <symbol id="sm-741">
         <name>add_device</name>
         <value>0x3d15</value>
         <object_component_ref idref="oc-190"/>
      </symbol>
      <symbol id="sm-742">
         <name>remove_device</name>
         <value>0x3ba7</value>
         <object_component_ref idref="oc-190"/>
      </symbol>
      <symbol id="sm-743">
         <name>lseek</name>
         <value>0x3ca1</value>
         <object_component_ref idref="oc-190"/>
      </symbol>
      <symbol id="sm-744">
         <name>read</name>
         <value>0x3bcf</value>
         <object_component_ref idref="oc-190"/>
      </symbol>
      <symbol id="sm-745">
         <name>rename</name>
         <value>0x3b69</value>
         <object_component_ref idref="oc-190"/>
      </symbol>
      <symbol id="sm-746">
         <name>write</name>
         <value>0x3ab5</value>
         <object_component_ref idref="oc-190"/>
      </symbol>
      <symbol id="sm-747">
         <name>close</name>
         <value>0x3cc5</value>
         <object_component_ref idref="oc-190"/>
      </symbol>
      <symbol id="sm-748">
         <name>unlink</name>
         <value>0x3b45</value>
         <object_component_ref idref="oc-190"/>
      </symbol>
      <symbol id="sm-757">
         <name>ltoa</name>
         <value>0x535d</value>
         <object_component_ref idref="oc-1b6"/>
      </symbol>
      <symbol id="sm-767">
         <name>memccpy</name>
         <value>0x575b</value>
         <object_component_ref idref="oc-1de"/>
      </symbol>
      <symbol id="sm-777">
         <name>memchr</name>
         <value>0x573b</value>
         <object_component_ref idref="oc-184"/>
      </symbol>
      <symbol id="sm-787">
         <name>strchr</name>
         <value>0x57a9</value>
         <object_component_ref idref="oc-1d2"/>
      </symbol>
      <symbol id="sm-796">
         <name>strcmp</name>
         <value>0x5791</value>
         <object_component_ref idref="oc-21f"/>
      </symbol>
      <symbol id="sm-7a4">
         <name>strlen</name>
         <value>0x57e9</value>
         <object_component_ref idref="oc-17e"/>
      </symbol>
      <symbol id="sm-7b4">
         <name>strncpy</name>
         <value>0x5625</value>
         <object_component_ref idref="oc-225"/>
      </symbol>
      <symbol id="sm-7d5">
         <name>HOSTgetenv</name>
         <value>0x3fd7</value>
         <object_component_ref idref="oc-291"/>
      </symbol>
      <symbol id="sm-7d6">
         <name>HOSTrename</name>
         <value>0x3e7f</value>
         <object_component_ref idref="oc-291"/>
      </symbol>
      <symbol id="sm-7d7">
         <name>HOSTclose</name>
         <value>0x4015</value>
         <object_component_ref idref="oc-291"/>
      </symbol>
      <symbol id="sm-7d8">
         <name>HOSTunlink</name>
         <value>0x3e0d</value>
         <object_component_ref idref="oc-291"/>
      </symbol>
      <symbol id="sm-7d9">
         <name>HOSTlseek</name>
         <value>0x3f7b</value>
         <object_component_ref idref="oc-291"/>
      </symbol>
      <symbol id="sm-7da">
         <name>HOSTopen</name>
         <value>0x3f29</value>
         <object_component_ref idref="oc-291"/>
      </symbol>
      <symbol id="sm-7db">
         <name>HOSTclock</name>
         <value>0x404d</value>
         <object_component_ref idref="oc-291"/>
      </symbol>
      <symbol id="sm-7dc">
         <name>HOSTwrite</name>
         <value>0x3dc1</value>
         <object_component_ref idref="oc-291"/>
      </symbol>
      <symbol id="sm-7dd">
         <name>HOSTread</name>
         <value>0x3edd</value>
         <object_component_ref idref="oc-291"/>
      </symbol>
      <symbol id="sm-7de">
         <name>HOSTtime</name>
         <value>0x3e45</value>
         <object_component_ref idref="oc-291"/>
      </symbol>
      <symbol id="sm-7f9">
         <name>__TI_readmsg</name>
         <value>0x525b</value>
         <object_component_ref idref="oc-2dd"/>
      </symbol>
      <symbol id="sm-7fa">
         <name>C$$IO$$</name>
         <value>0x5257</value>
         <object_component_ref idref="oc-2dd"/>
      </symbol>
      <symbol id="sm-7fb">
         <name>__CIOBUF_</name>
         <value>0x20000760</value>
         <object_component_ref idref="oc-316"/>
      </symbol>
      <symbol id="sm-7fc">
         <name>__TI_writemsg</name>
         <value>0x5229</value>
         <object_component_ref idref="oc-2dd"/>
      </symbol>
      <symbol id="sm-826">
         <name>__aeabi_uldivmod</name>
         <value>0x4095</value>
         <object_component_ref idref="oc-198"/>
      </symbol>
      <symbol id="sm-834">
         <name>_Dclass</name>
         <value>0x5655</value>
         <object_component_ref idref="oc-1d8"/>
      </symbol>
      <symbol id="sm-855">
         <name>_Dscale</name>
         <value>0x486d</value>
         <object_component_ref idref="oc-24a"/>
      </symbol>
      <symbol id="sm-869">
         <name>_Dunscale</name>
         <value>0x5291</value>
         <object_component_ref idref="oc-242"/>
      </symbol>
      <symbol id="sm-878">
         <name>_Feraise</name>
         <value>0x5685</value>
         <object_component_ref idref="oc-250"/>
      </symbol>
      <symbol id="sm-888">
         <name>_Rteps</name>
         <value>0x200006d0</value>
         <object_component_ref idref="oc-2ac"/>
      </symbol>
      <symbol id="sm-889">
         <name>_Zero</name>
         <value>0x200006e8</value>
         <object_component_ref idref="oc-2ac"/>
      </symbol>
      <symbol id="sm-88a">
         <name>_Hugeval</name>
         <value>0x20000690</value>
         <object_component_ref idref="oc-2ac"/>
      </symbol>
      <symbol id="sm-88b">
         <name>_Snan</name>
         <value>0x200006c0</value>
         <object_component_ref idref="oc-2ac"/>
      </symbol>
      <symbol id="sm-88c">
         <name>_Nan</name>
         <value>0x200006b0</value>
         <object_component_ref idref="oc-2ac"/>
      </symbol>
      <symbol id="sm-88d">
         <name>_Inf</name>
         <value>0x200006a0</value>
         <object_component_ref idref="oc-2ac"/>
      </symbol>
      <symbol id="sm-88e">
         <name>_Xbig</name>
         <value>0x200006e0</value>
         <object_component_ref idref="oc-2ac"/>
      </symbol>
      <symbol id="sm-88f">
         <name>_Eps</name>
         <value>0x20000680</value>
         <object_component_ref idref="oc-2ac"/>
      </symbol>
      <symbol id="sm-890">
         <name>_Denorm</name>
         <value>0x20000670</value>
         <object_component_ref idref="oc-2ac"/>
      </symbol>
      <symbol id="sm-8ae">
         <name>__TI_wrt_ok</name>
         <value>0x4cdb</value>
         <object_component_ref idref="oc-178"/>
      </symbol>
      <symbol id="sm-8af">
         <name>__TI_rd_ok</name>
         <value>0x4d3d</value>
         <object_component_ref idref="oc-178"/>
      </symbol>
      <symbol id="sm-8b7">
         <name>_Errno</name>
         <value>0x20000750</value>
         <object_component_ref idref="oc-2b7"/>
      </symbol>
      <symbol id="sm-8d5">
         <name>feraiseexcept</name>
         <value>0x55f1</value>
         <object_component_ref idref="oc-2b1"/>
      </symbol>
      <symbol id="sm-8d6">
         <name>_Tls_setup__Fenv</name>
         <value>0x2000074c</value>
         <object_component_ref idref="oc-305"/>
      </symbol>
      <symbol id="sm-8d7">
         <name>_Fenv</name>
         <value>0x20000748</value>
         <object_component_ref idref="oc-305"/>
      </symbol>
      <symbol id="sm-8f1">
         <name>__TI_doflush</name>
         <value>0x4b55</value>
         <object_component_ref idref="oc-18a"/>
      </symbol>
      <symbol id="sm-8f2">
         <name>fflush</name>
         <value>0x4ba1</value>
         <object_component_ref idref="oc-18a"/>
      </symbol>
      <symbol id="sm-904">
         <name>fseek</name>
         <value>0x52f9</value>
         <object_component_ref idref="oc-208"/>
      </symbol>
      <symbol id="sm-918">
         <name>raise</name>
         <value>0x56e3</value>
         <object_component_ref idref="oc-2ff"/>
      </symbol>
      <symbol id="sm-934">
         <name>setvbuf</name>
         <value>0x4a79</value>
         <object_component_ref idref="oc-20e"/>
      </symbol>
      <symbol id="sm-94e">
         <name>signal</name>
         <value>0x5579</value>
         <object_component_ref idref="oc-321"/>
      </symbol>
      <symbol id="sm-95c">
         <name>strcpy</name>
         <value>0x57d5</value>
         <object_component_ref idref="oc-2e3"/>
      </symbol>
      <symbol id="sm-971">
         <name>_Dnorm</name>
         <value>0x4c1d</value>
         <object_component_ref idref="oc-2a2"/>
      </symbol>
      <symbol id="sm-9a8">
         <name>__TI_cleanup</name>
         <value>0x4351</value>
         <object_component_ref idref="oc-276"/>
      </symbol>
      <symbol id="sm-9a9">
         <name>freopen</name>
         <value>0x437d</value>
         <object_component_ref idref="oc-276"/>
      </symbol>
      <symbol id="sm-9aa">
         <name>fopen</name>
         <value>0x43a7</value>
         <object_component_ref idref="oc-276"/>
      </symbol>
      <symbol id="sm-a1c">
         <name>_sys_memory</name>
         <value>0x20000000</value>
         <object_component_ref idref="oc-2b"/>
      </symbol>
      <symbol id="sm-a1d">
         <name>free</name>
         <value>0x349f</value>
         <object_component_ref idref="oc-270"/>
      </symbol>
      <symbol id="sm-a1e">
         <name>realloc</name>
         <value>0x3561</value>
         <object_component_ref idref="oc-270"/>
      </symbol>
      <symbol id="sm-a1f">
         <name>memalign</name>
         <value>0x366d</value>
         <object_component_ref idref="oc-270"/>
      </symbol>
      <symbol id="sm-a20">
         <name>calloc</name>
         <value>0x3751</value>
         <object_component_ref idref="oc-270"/>
      </symbol>
      <symbol id="sm-a21">
         <name>malloc</name>
         <value>0x3437</value>
         <object_component_ref idref="oc-270"/>
      </symbol>
      <symbol id="sm-a22">
         <name>minit</name>
         <value>0x33a9</value>
         <object_component_ref idref="oc-270"/>
      </symbol>
      <symbol id="sm-a38">
         <name>__TI_closefile</name>
         <value>0x4ec1</value>
         <object_component_ref idref="oc-2ce"/>
      </symbol>
      <symbol id="sm-a39">
         <name>fclose</name>
         <value>0x4f27</value>
         <object_component_ref idref="oc-2ce"/>
      </symbol>
      <symbol id="sm-a3b">
         <name>__TI_static_base__</name>
         <value>0x0</value>
      </symbol>
      <symbol id="sm-a3e">
         <name>SHT$$INIT_ARRAY$$Limit</name>
         <value>0x0</value>
      </symbol>
      <symbol id="sm-a3f">
         <name>SHT$$INIT_ARRAY$$Base</name>
         <value>0x0</value>
      </symbol>
      <symbol id="sm-a40">
         <name>remove</name>
         <value>0x3b45</value>
      </symbol>
   </symbol_table>
   <title>Link successful</title>
</link_info>
