<?xml version="1.0"?>
<link_info>
   <banner>TI ARM Linker PC v5.2.6</banner>
   <copyright>Copyright (c) 1996-2015 Texas Instruments Incorporated</copyright>
   <link_time>0x569ee20c</link_time>
   <link_errors>0x0</link_errors>
   <output_file>ST7735_MSP432.out</output_file>
   <entry_point>
      <name>_c_int00</name>
      <address>0x103c5</address>
   </entry_point>
   <input_file_list>
      <input_file id="fl-2">
         <path>.\</path>
         <kind>object</kind>
         <file>ClockSystem.obj</file>
         <name>ClockSystem.obj</name>
      </input_file>
      <input_file id="fl-3">
         <path>.\</path>
         <kind>object</kind>
         <file>ST7735.obj</file>
         <name>ST7735.obj</name>
      </input_file>
      <input_file id="fl-4">
         <path>.\</path>
         <kind>object</kind>
         <file>ST7735TestMain.obj</file>
         <name>ST7735TestMain.obj</name>
      </input_file>
      <input_file id="fl-5">
         <path>.\</path>
         <kind>object</kind>
         <file>msp432_startup_ccs.obj</file>
         <name>msp432_startup_ccs.obj</name>
      </input_file>
      <input_file id="fl-12b">
         <path>C:\ti\ccsv6\tools\compiler\ti-cgt-arm_5.2.6\lib\</path>
         <kind>archive</kind>
         <file>rtsv7M4_T_le_v4SPD16_eabi.lib</file>
         <name>boot.obj</name>
      </input_file>
      <input_file id="fl-12c">
         <path>C:\ti\ccsv6\tools\compiler\ti-cgt-arm_5.2.6\lib\</path>
         <kind>archive</kind>
         <file>rtsv7M4_T_le_v4SPD16_eabi.lib</file>
         <name>copy_decompress_none.obj</name>
      </input_file>
      <input_file id="fl-12d">
         <path>C:\ti\ccsv6\tools\compiler\ti-cgt-arm_5.2.6\lib\</path>
         <kind>archive</kind>
         <file>rtsv7M4_T_le_v4SPD16_eabi.lib</file>
         <name>copy_decompress_rle.obj</name>
      </input_file>
      <input_file id="fl-12e">
         <path>C:\ti\ccsv6\tools\compiler\ti-cgt-arm_5.2.6\lib\</path>
         <kind>archive</kind>
         <file>rtsv7M4_T_le_v4SPD16_eabi.lib</file>
         <name>copy_zero_init.obj</name>
      </input_file>
      <input_file id="fl-12f">
         <path>C:\ti\ccsv6\tools\compiler\ti-cgt-arm_5.2.6\lib\</path>
         <kind>archive</kind>
         <file>rtsv7M4_T_le_v4SPD16_eabi.lib</file>
         <name>exit.obj</name>
      </input_file>
      <input_file id="fl-130">
         <path>C:\ti\ccsv6\tools\compiler\ti-cgt-arm_5.2.6\lib\</path>
         <kind>archive</kind>
         <file>rtsv7M4_T_le_v4SPD16_eabi.lib</file>
         <name>fs_tod_t2.obj</name>
      </input_file>
      <input_file id="fl-131">
         <path>C:\ti\ccsv6\tools\compiler\ti-cgt-arm_5.2.6\lib\</path>
         <kind>archive</kind>
         <file>rtsv7M4_T_le_v4SPD16_eabi.lib</file>
         <name>memcpy_t2.obj</name>
      </input_file>
      <input_file id="fl-132">
         <path>C:\ti\ccsv6\tools\compiler\ti-cgt-arm_5.2.6\lib\</path>
         <kind>archive</kind>
         <file>rtsv7M4_T_le_v4SPD16_eabi.lib</file>
         <name>memset_t2.obj</name>
      </input_file>
      <input_file id="fl-133">
         <path>C:\ti\ccsv6\tools\compiler\ti-cgt-arm_5.2.6\lib\</path>
         <kind>archive</kind>
         <file>rtsv7M4_T_le_v4SPD16_eabi.lib</file>
         <name>pre_init.obj</name>
      </input_file>
      <input_file id="fl-134">
         <path>C:\ti\ccsv6\tools\compiler\ti-cgt-arm_5.2.6\lib\</path>
         <kind>archive</kind>
         <file>rtsv7M4_T_le_v4SPD16_eabi.lib</file>
         <name>printf.obj</name>
      </input_file>
      <input_file id="fl-135">
         <path>C:\ti\ccsv6\tools\compiler\ti-cgt-arm_5.2.6\lib\</path>
         <kind>archive</kind>
         <file>rtsv7M4_T_le_v4SPD16_eabi.lib</file>
         <name>stkdepth_vars.obj</name>
      </input_file>
      <input_file id="fl-136">
         <path>C:\ti\ccsv6\tools\compiler\ti-cgt-arm_5.2.6\lib\</path>
         <kind>archive</kind>
         <file>rtsv7M4_T_le_v4SPD16_eabi.lib</file>
         <name>_lock.obj</name>
      </input_file>
      <input_file id="fl-137">
         <path>C:\ti\ccsv6\tools\compiler\ti-cgt-arm_5.2.6\lib\</path>
         <kind>archive</kind>
         <file>rtsv7M4_T_le_v4SPD16_eabi.lib</file>
         <name>_printfi.obj</name>
      </input_file>
      <input_file id="fl-138">
         <path>C:\ti\ccsv6\tools\compiler\ti-cgt-arm_5.2.6\lib\</path>
         <kind>archive</kind>
         <file>rtsv7M4_T_le_v4SPD16_eabi.lib</file>
         <name>args_main.obj</name>
      </input_file>
      <input_file id="fl-139">
         <path>C:\ti\ccsv6\tools\compiler\ti-cgt-arm_5.2.6\lib\</path>
         <kind>archive</kind>
         <file>rtsv7M4_T_le_v4SPD16_eabi.lib</file>
         <name>atoi.obj</name>
      </input_file>
      <input_file id="fl-13a">
         <path>C:\ti\ccsv6\tools\compiler\ti-cgt-arm_5.2.6\lib\</path>
         <kind>archive</kind>
         <file>rtsv7M4_T_le_v4SPD16_eabi.lib</file>
         <name>autoinit.obj</name>
      </input_file>
      <input_file id="fl-13b">
         <path>C:\ti\ccsv6\tools\compiler\ti-cgt-arm_5.2.6\lib\</path>
         <kind>archive</kind>
         <file>rtsv7M4_T_le_v4SPD16_eabi.lib</file>
         <name>cpy_tbl.obj</name>
      </input_file>
      <input_file id="fl-13c">
         <path>C:\ti\ccsv6\tools\compiler\ti-cgt-arm_5.2.6\lib\</path>
         <kind>archive</kind>
         <file>rtsv7M4_T_le_v4SPD16_eabi.lib</file>
         <name>ctype.obj</name>
      </input_file>
      <input_file id="fl-13d">
         <path>C:\ti\ccsv6\tools\compiler\ti-cgt-arm_5.2.6\lib\</path>
         <kind>archive</kind>
         <file>rtsv7M4_T_le_v4SPD16_eabi.lib</file>
         <name>defs.obj</name>
      </input_file>
      <input_file id="fl-13e">
         <path>C:\ti\ccsv6\tools\compiler\ti-cgt-arm_5.2.6\lib\</path>
         <kind>archive</kind>
         <file>rtsv7M4_T_le_v4SPD16_eabi.lib</file>
         <name>fd_add_t2.obj</name>
      </input_file>
      <input_file id="fl-13f">
         <path>C:\ti\ccsv6\tools\compiler\ti-cgt-arm_5.2.6\lib\</path>
         <kind>archive</kind>
         <file>rtsv7M4_T_le_v4SPD16_eabi.lib</file>
         <name>fd_cmp_t2.obj</name>
      </input_file>
      <input_file id="fl-140">
         <path>C:\ti\ccsv6\tools\compiler\ti-cgt-arm_5.2.6\lib\</path>
         <kind>archive</kind>
         <file>rtsv7M4_T_le_v4SPD16_eabi.lib</file>
         <name>fd_div_t2.obj</name>
      </input_file>
      <input_file id="fl-141">
         <path>C:\ti\ccsv6\tools\compiler\ti-cgt-arm_5.2.6\lib\</path>
         <kind>archive</kind>
         <file>rtsv7M4_T_le_v4SPD16_eabi.lib</file>
         <name>fd_mul_t2.obj</name>
      </input_file>
      <input_file id="fl-142">
         <path>C:\ti\ccsv6\tools\compiler\ti-cgt-arm_5.2.6\lib\</path>
         <kind>archive</kind>
         <file>rtsv7M4_T_le_v4SPD16_eabi.lib</file>
         <name>fd_toi_t2.obj</name>
      </input_file>
      <input_file id="fl-143">
         <path>C:\ti\ccsv6\tools\compiler\ti-cgt-arm_5.2.6\lib\</path>
         <kind>archive</kind>
         <file>rtsv7M4_T_le_v4SPD16_eabi.lib</file>
         <name>fputs.obj</name>
      </input_file>
      <input_file id="fl-144">
         <path>C:\ti\ccsv6\tools\compiler\ti-cgt-arm_5.2.6\lib\</path>
         <kind>archive</kind>
         <file>rtsv7M4_T_le_v4SPD16_eabi.lib</file>
         <name>frexp.obj</name>
      </input_file>
      <input_file id="fl-145">
         <path>C:\ti\ccsv6\tools\compiler\ti-cgt-arm_5.2.6\lib\</path>
         <kind>archive</kind>
         <file>rtsv7M4_T_le_v4SPD16_eabi.lib</file>
         <name>i_tofd_t2.obj</name>
      </input_file>
      <input_file id="fl-146">
         <path>C:\ti\ccsv6\tools\compiler\ti-cgt-arm_5.2.6\lib\</path>
         <kind>archive</kind>
         <file>rtsv7M4_T_le_v4SPD16_eabi.lib</file>
         <name>ldexp.obj</name>
      </input_file>
      <input_file id="fl-147">
         <path>C:\ti\ccsv6\tools\compiler\ti-cgt-arm_5.2.6\lib\</path>
         <kind>archive</kind>
         <file>rtsv7M4_T_le_v4SPD16_eabi.lib</file>
         <name>lowlev.obj</name>
      </input_file>
      <input_file id="fl-148">
         <path>C:\ti\ccsv6\tools\compiler\ti-cgt-arm_5.2.6\lib\</path>
         <kind>archive</kind>
         <file>rtsv7M4_T_le_v4SPD16_eabi.lib</file>
         <name>ltoa.obj</name>
      </input_file>
      <input_file id="fl-149">
         <path>C:\ti\ccsv6\tools\compiler\ti-cgt-arm_5.2.6\lib\</path>
         <kind>archive</kind>
         <file>rtsv7M4_T_le_v4SPD16_eabi.lib</file>
         <name>memccpy.obj</name>
      </input_file>
      <input_file id="fl-14a">
         <path>C:\ti\ccsv6\tools\compiler\ti-cgt-arm_5.2.6\lib\</path>
         <kind>archive</kind>
         <file>rtsv7M4_T_le_v4SPD16_eabi.lib</file>
         <name>memchr.obj</name>
      </input_file>
      <input_file id="fl-14b">
         <path>C:\ti\ccsv6\tools\compiler\ti-cgt-arm_5.2.6\lib\</path>
         <kind>archive</kind>
         <file>rtsv7M4_T_le_v4SPD16_eabi.lib</file>
         <name>strchr.obj</name>
      </input_file>
      <input_file id="fl-14c">
         <path>C:\ti\ccsv6\tools\compiler\ti-cgt-arm_5.2.6\lib\</path>
         <kind>archive</kind>
         <file>rtsv7M4_T_le_v4SPD16_eabi.lib</file>
         <name>strcmp.obj</name>
      </input_file>
      <input_file id="fl-14d">
         <path>C:\ti\ccsv6\tools\compiler\ti-cgt-arm_5.2.6\lib\</path>
         <kind>archive</kind>
         <file>rtsv7M4_T_le_v4SPD16_eabi.lib</file>
         <name>strlen.obj</name>
      </input_file>
      <input_file id="fl-14e">
         <path>C:\ti\ccsv6\tools\compiler\ti-cgt-arm_5.2.6\lib\</path>
         <kind>archive</kind>
         <file>rtsv7M4_T_le_v4SPD16_eabi.lib</file>
         <name>strncpy.obj</name>
      </input_file>
      <input_file id="fl-14f">
         <path>C:\ti\ccsv6\tools\compiler\ti-cgt-arm_5.2.6\lib\</path>
         <kind>archive</kind>
         <file>rtsv7M4_T_le_v4SPD16_eabi.lib</file>
         <name>trgdrv.obj</name>
      </input_file>
      <input_file id="fl-150">
         <path>C:\ti\ccsv6\tools\compiler\ti-cgt-arm_5.2.6\lib\</path>
         <kind>archive</kind>
         <file>rtsv7M4_T_le_v4SPD16_eabi.lib</file>
         <name>trgmsg.obj</name>
      </input_file>
      <input_file id="fl-151">
         <path>C:\ti\ccsv6\tools\compiler\ti-cgt-arm_5.2.6\lib\</path>
         <kind>archive</kind>
         <file>rtsv7M4_T_le_v4SPD16_eabi.lib</file>
         <name>ull_div_t2.obj</name>
      </input_file>
      <input_file id="fl-152">
         <path>C:\ti\ccsv6\tools\compiler\ti-cgt-arm_5.2.6\lib\</path>
         <kind>archive</kind>
         <file>rtsv7M4_T_le_v4SPD16_eabi.lib</file>
         <name>xdclass.obj</name>
      </input_file>
      <input_file id="fl-153">
         <path>C:\ti\ccsv6\tools\compiler\ti-cgt-arm_5.2.6\lib\</path>
         <kind>archive</kind>
         <file>rtsv7M4_T_le_v4SPD16_eabi.lib</file>
         <name>xdscale.obj</name>
      </input_file>
      <input_file id="fl-154">
         <path>C:\ti\ccsv6\tools\compiler\ti-cgt-arm_5.2.6\lib\</path>
         <kind>archive</kind>
         <file>rtsv7M4_T_le_v4SPD16_eabi.lib</file>
         <name>xdunscal.obj</name>
      </input_file>
      <input_file id="fl-155">
         <path>C:\ti\ccsv6\tools\compiler\ti-cgt-arm_5.2.6\lib\</path>
         <kind>archive</kind>
         <file>rtsv7M4_T_le_v4SPD16_eabi.lib</file>
         <name>xferaise.obj</name>
      </input_file>
      <input_file id="fl-156">
         <path>C:\ti\ccsv6\tools\compiler\ti-cgt-arm_5.2.6\lib\</path>
         <kind>archive</kind>
         <file>rtsv7M4_T_le_v4SPD16_eabi.lib</file>
         <name>xvalues.obj</name>
      </input_file>
      <input_file id="fl-157">
         <path>C:\ti\ccsv6\tools\compiler\ti-cgt-arm_5.2.6\lib\</path>
         <kind>archive</kind>
         <file>rtsv7M4_T_le_v4SPD16_eabi.lib</file>
         <name>_io_perm.obj</name>
      </input_file>
      <input_file id="fl-158">
         <path>C:\ti\ccsv6\tools\compiler\ti-cgt-arm_5.2.6\lib\</path>
         <kind>archive</kind>
         <file>rtsv7M4_T_le_v4SPD16_eabi.lib</file>
         <name>errno.obj</name>
      </input_file>
      <input_file id="fl-159">
         <path>C:\ti\ccsv6\tools\compiler\ti-cgt-arm_5.2.6\lib\</path>
         <kind>archive</kind>
         <file>rtsv7M4_T_le_v4SPD16_eabi.lib</file>
         <name>feraiseexcept.obj</name>
      </input_file>
      <input_file id="fl-15a">
         <path>C:\ti\ccsv6\tools\compiler\ti-cgt-arm_5.2.6\lib\</path>
         <kind>archive</kind>
         <file>rtsv7M4_T_le_v4SPD16_eabi.lib</file>
         <name>fflush.obj</name>
      </input_file>
      <input_file id="fl-15b">
         <path>C:\ti\ccsv6\tools\compiler\ti-cgt-arm_5.2.6\lib\</path>
         <kind>archive</kind>
         <file>rtsv7M4_T_le_v4SPD16_eabi.lib</file>
         <name>fseek.obj</name>
      </input_file>
      <input_file id="fl-15c">
         <path>C:\ti\ccsv6\tools\compiler\ti-cgt-arm_5.2.6\lib\</path>
         <kind>archive</kind>
         <file>rtsv7M4_T_le_v4SPD16_eabi.lib</file>
         <name>raise.obj</name>
      </input_file>
      <input_file id="fl-15d">
         <path>C:\ti\ccsv6\tools\compiler\ti-cgt-arm_5.2.6\lib\</path>
         <kind>archive</kind>
         <file>rtsv7M4_T_le_v4SPD16_eabi.lib</file>
         <name>setvbuf.obj</name>
      </input_file>
      <input_file id="fl-15e">
         <path>C:\ti\ccsv6\tools\compiler\ti-cgt-arm_5.2.6\lib\</path>
         <kind>archive</kind>
         <file>rtsv7M4_T_le_v4SPD16_eabi.lib</file>
         <name>signal.obj</name>
      </input_file>
      <input_file id="fl-15f">
         <path>C:\ti\ccsv6\tools\compiler\ti-cgt-arm_5.2.6\lib\</path>
         <kind>archive</kind>
         <file>rtsv7M4_T_le_v4SPD16_eabi.lib</file>
         <name>strcpy.obj</name>
      </input_file>
      <input_file id="fl-160">
         <path>C:\ti\ccsv6\tools\compiler\ti-cgt-arm_5.2.6\lib\</path>
         <kind>archive</kind>
         <file>rtsv7M4_T_le_v4SPD16_eabi.lib</file>
         <name>xdnorm.obj</name>
      </input_file>
      <input_file id="fl-161">
         <path>C:\ti\ccsv6\tools\compiler\ti-cgt-arm_5.2.6\lib\</path>
         <kind>archive</kind>
         <file>rtsv7M4_T_le_v4SPD16_eabi.lib</file>
         <name>fopen.obj</name>
      </input_file>
      <input_file id="fl-162">
         <path>C:\ti\ccsv6\tools\compiler\ti-cgt-arm_5.2.6\lib\</path>
         <kind>archive</kind>
         <file>rtsv7M4_T_le_v4SPD16_eabi.lib</file>
         <name>memory.obj</name>
      </input_file>
      <input_file id="fl-163">
         <path>C:\ti\ccsv6\tools\compiler\ti-cgt-arm_5.2.6\lib\</path>
         <kind>archive</kind>
         <file>rtsv7M4_T_le_v4SPD16_eabi.lib</file>
         <name>fclose.obj</name>
      </input_file>
      <input_file id="fl-164">
         <path>C:\ti\ccsv6\tools\compiler\ti-cgt-arm_5.2.6\lib\</path>
         <kind>archive</kind>
         <file>rtsv7M4_T_le_v4SPD16_eabi.lib</file>
         <name>remove.obj</name>
      </input_file>
   </input_file_list>
   <object_component_list>
      <object_component id="oc-10">
         <name>.intvecs</name>
         <load_address>0x0</load_address>
         <run_address>0x0</run_address>
         <size>0x144</size>
         <input_file_ref idref="fl-5"/>
      </object_component>
      <object_component id="oc-cd">
         <name>.text</name>
         <load_address>0xace4</load_address>
         <run_address>0xace4</run_address>
         <size>0x161c</size>
         <input_file_ref idref="fl-3"/>
      </object_component>
      <object_component id="oc-13d">
         <name>.text</name>
         <load_address>0xc300</load_address>
         <run_address>0xc300</run_address>
         <size>0x10ba</size>
         <input_file_ref idref="fl-137"/>
      </object_component>
      <object_component id="oc-a0">
         <name>.text</name>
         <load_address>0xd3bc</load_address>
         <run_address>0xd3bc</run_address>
         <size>0xfac</size>
         <input_file_ref idref="fl-4"/>
      </object_component>
      <object_component id="oc-275">
         <name>.text</name>
         <load_address>0xe368</load_address>
         <run_address>0xe368</run_address>
         <size>0x3dc</size>
         <input_file_ref idref="fl-162"/>
      </object_component>
      <object_component id="oc-d9">
         <name>.text</name>
         <load_address>0xe744</load_address>
         <run_address>0xe744</run_address>
         <size>0x330</size>
         <input_file_ref idref="fl-2"/>
      </object_component>
      <object_component id="oc-193">
         <name>.text</name>
         <load_address>0xea74</load_address>
         <run_address>0xea74</run_address>
         <size>0x30c</size>
         <input_file_ref idref="fl-147"/>
      </object_component>
      <object_component id="oc-296">
         <name>.text</name>
         <load_address>0xed80</load_address>
         <run_address>0xed80</run_address>
         <size>0x2d4</size>
         <input_file_ref idref="fl-14f"/>
      </object_component>
      <object_component id="oc-19b">
         <name>.text</name>
         <load_address>0xf054</load_address>
         <run_address>0xf054</run_address>
         <size>0x1f4</size>
         <input_file_ref idref="fl-151"/>
      </object_component>
      <object_component id="oc-27b">
         <name>.text</name>
         <load_address>0xf248</load_address>
         <run_address>0xf248</run_address>
         <size>0x1c4</size>
         <input_file_ref idref="fl-161"/>
      </object_component>
      <object_component id="oc-1c4">
         <name>.text</name>
         <load_address>0xf40c</load_address>
         <run_address>0xf40c</run_address>
         <size>0x1b6</size>
         <input_file_ref idref="fl-13e"/>
      </object_component>
      <object_component id="oc-1aa">
         <name>.text</name>
         <load_address>0xf5c2</load_address>
         <run_address>0xf5c2</run_address>
         <size>0x136</size>
         <input_file_ref idref="fl-140"/>
      </object_component>
      <object_component id="oc-137">
         <name>.text</name>
         <load_address>0xf6f8</load_address>
         <run_address>0xf6f8</run_address>
         <size>0x134</size>
         <input_file_ref idref="fl-143"/>
      </object_component>
      <object_component id="oc-24f">
         <name>.text</name>
         <load_address>0xf82c</load_address>
         <run_address>0xf82c</run_address>
         <size>0x110</size>
         <input_file_ref idref="fl-153"/>
      </object_component>
      <object_component id="oc-1a5">
         <name>.text</name>
         <load_address>0xf93c</load_address>
         <run_address>0xf93c</run_address>
         <size>0xfc</size>
         <input_file_ref idref="fl-141"/>
      </object_component>
      <object_component id="oc-213">
         <name>.text</name>
         <load_address>0xfa38</load_address>
         <run_address>0xfa38</run_address>
         <size>0xdc</size>
         <input_file_ref idref="fl-15d"/>
      </object_component>
      <object_component id="oc-18d">
         <name>.text</name>
         <load_address>0xfb14</load_address>
         <run_address>0xfb14</run_address>
         <size>0xc8</size>
         <input_file_ref idref="fl-15a"/>
      </object_component>
      <object_component id="oc-2a7">
         <name>.text</name>
         <load_address>0xfbdc</load_address>
         <run_address>0xfbdc</run_address>
         <size>0xbe</size>
         <input_file_ref idref="fl-160"/>
      </object_component>
      <object_component id="oc-17b">
         <name>.text</name>
         <load_address>0xfc9a</load_address>
         <run_address>0xfc9a</run_address>
         <size>0xac</size>
         <input_file_ref idref="fl-157"/>
      </object_component>
      <object_component id="oc-37">
         <name>.text</name>
         <load_address>0xfd46</load_address>
         <run_address>0xfd46</run_address>
         <size>0x9c</size>
         <input_file_ref idref="fl-131"/>
      </object_component>
      <object_component id="oc-2e">
         <name>.text</name>
         <load_address>0xfde4</load_address>
         <run_address>0xfde4</run_address>
         <size>0x9a</size>
         <input_file_ref idref="fl-5"/>
      </object_component>
      <object_component id="oc-2d3">
         <name>.text</name>
         <load_address>0xfe80</load_address>
         <run_address>0xfe80</run_address>
         <size>0x98</size>
         <input_file_ref idref="fl-163"/>
      </object_component>
      <object_component id="oc-1a0">
         <name>.text:__aeabi_cdcmple</name>
         <load_address>0xff18</load_address>
         <run_address>0xff18</run_address>
         <size>0x86</size>
         <input_file_ref idref="fl-13f"/>
      </object_component>
      <object_component id="oc-1af">
         <name>.text:__aeabi_cdrcmple</name>
         <load_address>0xff9e</load_address>
         <run_address>0xff9e</run_address>
         <size>0x86</size>
         <input_file_ref idref="fl-13f"/>
      </object_component>
      <object_component id="oc-50">
         <name>.text</name>
         <load_address>0x10024</load_address>
         <run_address>0x10024</run_address>
         <size>0x7a</size>
         <input_file_ref idref="fl-132"/>
      </object_component>
      <object_component id="oc-d3">
         <name>.text</name>
         <load_address>0x100a0</load_address>
         <run_address>0x100a0</run_address>
         <size>0x70</size>
         <input_file_ref idref="fl-134"/>
      </object_component>
      <object_component id="oc-62">
         <name>.text</name>
         <load_address>0x10110</load_address>
         <run_address>0x10110</run_address>
         <size>0x6c</size>
         <input_file_ref idref="fl-13a"/>
      </object_component>
      <object_component id="oc-43">
         <name>.text</name>
         <load_address>0x1017c</load_address>
         <run_address>0x1017c</run_address>
         <size>0x6a</size>
         <input_file_ref idref="fl-12d"/>
      </object_component>
      <object_component id="oc-2e2">
         <name>.text</name>
         <load_address>0x101e8</load_address>
         <run_address>0x101e8</run_address>
         <size>0x68</size>
         <input_file_ref idref="fl-150"/>
      </object_component>
      <object_component id="oc-247">
         <name>.text</name>
         <load_address>0x10250</load_address>
         <run_address>0x10250</run_address>
         <size>0x66</size>
         <input_file_ref idref="fl-154"/>
      </object_component>
      <object_component id="oc-20d">
         <name>.text</name>
         <load_address>0x102b8</load_address>
         <run_address>0x102b8</run_address>
         <size>0x64</size>
         <input_file_ref idref="fl-15b"/>
      </object_component>
      <object_component id="oc-1b9">
         <name>.text</name>
         <load_address>0x1031c</load_address>
         <run_address>0x1031c</run_address>
         <size>0x56</size>
         <input_file_ref idref="fl-148"/>
      </object_component>
      <object_component id="oc-1cf">
         <name>.text</name>
         <load_address>0x10372</load_address>
         <run_address>0x10372</run_address>
         <size>0x52</size>
         <input_file_ref idref="fl-146"/>
      </object_component>
      <object_component id="oc-25">
         <name>.text</name>
         <load_address>0x103c4</load_address>
         <run_address>0x103c4</run_address>
         <size>0x50</size>
         <input_file_ref idref="fl-12b"/>
      </object_component>
      <object_component id="oc-1e7">
         <name>.text</name>
         <load_address>0x10414</load_address>
         <run_address>0x10414</run_address>
         <size>0x4c</size>
         <input_file_ref idref="fl-139"/>
      </object_component>
      <object_component id="oc-98">
         <name>.text</name>
         <load_address>0x10460</load_address>
         <run_address>0x10460</run_address>
         <size>0x4c</size>
         <input_file_ref idref="fl-13b"/>
      </object_component>
      <object_component id="oc-1b4">
         <name>.text</name>
         <load_address>0x104ac</load_address>
         <run_address>0x104ac</run_address>
         <size>0x48</size>
         <input_file_ref idref="fl-142"/>
      </object_component>
      <object_component id="oc-6e">
         <name>.text</name>
         <load_address>0x104f4</load_address>
         <run_address>0x104f4</run_address>
         <size>0x44</size>
         <input_file_ref idref="fl-12f"/>
      </object_component>
      <object_component id="oc-326">
         <name>.text</name>
         <load_address>0x10538</load_address>
         <run_address>0x10538</run_address>
         <size>0x40</size>
         <input_file_ref idref="fl-15e"/>
      </object_component>
      <object_component id="oc-e2">
         <name>.text</name>
         <load_address>0x10578</load_address>
         <run_address>0x10578</run_address>
         <size>0x38</size>
         <input_file_ref idref="fl-130"/>
      </object_component>
      <object_component id="oc-2b6">
         <name>.text</name>
         <load_address>0x105b0</load_address>
         <run_address>0x105b0</run_address>
         <size>0x34</size>
         <input_file_ref idref="fl-159"/>
      </object_component>
      <object_component id="oc-22a">
         <name>.text</name>
         <load_address>0x105e4</load_address>
         <run_address>0x105e4</run_address>
         <size>0x30</size>
         <input_file_ref idref="fl-14e"/>
      </object_component>
      <object_component id="oc-1db">
         <name>.text</name>
         <load_address>0x10614</load_address>
         <run_address>0x10614</run_address>
         <size>0x30</size>
         <input_file_ref idref="fl-152"/>
      </object_component>
      <object_component id="oc-255">
         <name>.text</name>
         <load_address>0x10644</load_address>
         <run_address>0x10644</run_address>
         <size>0x30</size>
         <input_file_ref idref="fl-155"/>
      </object_component>
      <object_component id="oc-1bf">
         <name>.text</name>
         <load_address>0x10674</load_address>
         <run_address>0x10674</run_address>
         <size>0x2e</size>
         <input_file_ref idref="fl-145"/>
      </object_component>
      <object_component id="oc-304">
         <name>.text</name>
         <load_address>0x106a2</load_address>
         <run_address>0x106a2</run_address>
         <size>0x2e</size>
         <input_file_ref idref="fl-15c"/>
      </object_component>
      <object_component id="oc-1c9">
         <name>.text</name>
         <load_address>0x106d0</load_address>
         <run_address>0x106d0</run_address>
         <size>0x2a</size>
         <input_file_ref idref="fl-144"/>
      </object_component>
      <object_component id="oc-187">
         <name>.text</name>
         <load_address>0x106fa</load_address>
         <run_address>0x106fa</run_address>
         <size>0x20</size>
         <input_file_ref idref="fl-14a"/>
      </object_component>
      <object_component id="oc-1e1">
         <name>.text</name>
         <load_address>0x1071a</load_address>
         <run_address>0x1071a</run_address>
         <size>0x1c</size>
         <input_file_ref idref="fl-149"/>
      </object_component>
      <object_component id="oc-68">
         <name>.text</name>
         <load_address>0x10738</load_address>
         <run_address>0x10738</run_address>
         <size>0x18</size>
         <input_file_ref idref="fl-138"/>
      </object_component>
      <object_component id="oc-224">
         <name>.text</name>
         <load_address>0x10750</load_address>
         <run_address>0x10750</run_address>
         <size>0x18</size>
         <input_file_ref idref="fl-14c"/>
      </object_component>
      <object_component id="oc-1d5">
         <name>.text</name>
         <load_address>0x10768</load_address>
         <run_address>0x10768</run_address>
         <size>0x16</size>
         <input_file_ref idref="fl-14b"/>
      </object_component>
      <object_component id="oc-fb">
         <name>.text</name>
         <load_address>0x10780</load_address>
         <run_address>0x10780</run_address>
         <size>0x14</size>
         <input_file_ref idref="fl-136"/>
      </object_component>
      <object_component id="oc-2e8">
         <name>.text</name>
         <load_address>0x10794</load_address>
         <run_address>0x10794</run_address>
         <size>0x14</size>
         <input_file_ref idref="fl-15f"/>
      </object_component>
      <object_component id="oc-181">
         <name>.text</name>
         <load_address>0x107a8</load_address>
         <run_address>0x107a8</run_address>
         <size>0x14</size>
         <input_file_ref idref="fl-14d"/>
      </object_component>
      <object_component id="oc-13">
         <name>.text:decompress:none</name>
         <load_address>0x107bc</load_address>
         <run_address>0x107bc</run_address>
         <size>0xe</size>
         <input_file_ref idref="fl-12c"/>
      </object_component>
      <object_component id="oc-1f">
         <name>.text:decompress:ZI</name>
         <load_address>0x107ca</load_address>
         <run_address>0x107ca</run_address>
         <size>0xc</size>
         <input_file_ref idref="fl-12e"/>
      </object_component>
      <object_component id="oc-19">
         <name>.text:decompress:rle24</name>
         <load_address>0x107d6</load_address>
         <run_address>0x107d6</run_address>
         <size>0x6</size>
         <input_file_ref idref="fl-12d"/>
      </object_component>
      <object_component id="oc-5c">
         <name>.text</name>
         <load_address>0x107dc</load_address>
         <run_address>0x107dc</run_address>
         <size>0x4</size>
         <input_file_ref idref="fl-133"/>
      </object_component>
      <object_component id="oc-eb">
         <name>.const:gvsu</name>
         <load_address>0x144</load_address>
         <run_address>0x144</run_address>
         <size>0x7080</size>
         <input_file_ref idref="fl-4"/>
      </object_component>
      <object_component id="oc-e7">
         <name>.const:Logo</name>
         <load_address>0x71c4</load_address>
         <run_address>0x71c4</run_address>
         <size>0x3200</size>
         <input_file_ref idref="fl-4"/>
      </object_component>
      <object_component id="oc-124">
         <name>.const:.string:Font</name>
         <load_address>0xa3c4</load_address>
         <run_address>0xa3c4</run_address>
         <size>0x4fb</size>
         <input_file_ref idref="fl-3"/>
      </object_component>
      <object_component id="oc-12e">
         <name>.const:.string:dBfs</name>
         <load_address>0xa8bf</load_address>
         <run_address>0xa8bf</run_address>
         <size>0x200</size>
         <input_file_ref idref="fl-3"/>
      </object_component>
      <object_component id="oc-263">
         <name>.const:.string:_ctypes_</name>
         <load_address>0xaabf</load_address>
         <run_address>0xaabf</run_address>
         <size>0x101</size>
         <input_file_ref idref="fl-13c"/>
      </object_component>
      <object_component id="oc-114">
         <name>.const:.string:Bcmd</name>
         <load_address>0xabc0</load_address>
         <run_address>0xabc0</run_address>
         <size>0x67</size>
         <input_file_ref idref="fl-3"/>
      </object_component>
      <object_component id="oc-df">
         <name>.const:Test2</name>
         <load_address>0xac28</load_address>
         <run_address>0xac28</run_address>
         <size>0x3c</size>
         <input_file_ref idref="fl-4"/>
      </object_component>
      <object_component id="oc-11a">
         <name>.const:.string:Rcmd1</name>
         <load_address>0xac64</load_address>
         <run_address>0xac64</run_address>
         <size>0x3b</size>
         <input_file_ref idref="fl-3"/>
      </object_component>
      <object_component id="oc-120">
         <name>.const:.string:Rcmd3</name>
         <load_address>0xac9f</load_address>
         <run_address>0xac9f</run_address>
         <size>0x2b</size>
         <input_file_ref idref="fl-3"/>
      </object_component>
      <object_component id="oc-11d">
         <name>.const:.string</name>
         <load_address>0xacca</load_address>
         <run_address>0xacca</run_address>
         <size>0x1a</size>
         <input_file_ref idref="fl-3"/>
      </object_component>
      <object_component id="oc-376">
         <name>.cinit..data.load</name>
         <load_address>0x107e0</load_address>
         <run_address>0x107e0</run_address>
         <size>0xb5</size>
      </object_component>
      <object_component id="oc-374">
         <name>__TI_handler_table</name>
         <load_address>0x10898</load_address>
         <run_address>0x10898</run_address>
         <size>0xc</size>
      </object_component>
      <object_component id="oc-377">
         <name>.cinit..bss.load</name>
         <load_address>0x108a8</load_address>
         <run_address>0x108a8</run_address>
         <size>0x8</size>
      </object_component>
      <object_component id="oc-375">
         <name>__TI_cinit_table</name>
         <load_address>0x108b0</load_address>
         <run_address>0x108b0</run_address>
         <size>0x10</size>
      </object_component>
      <object_component id="oc-2b">
         <name>.sysmem</name>
         <uninitialized>true</uninitialized>
         <run_address>0x20000000</run_address>
         <size>0x8</size>
         <input_file_ref idref="fl-162"/>
      </object_component>
      <object_component id="oc-379">
         <name>.sysmem</name>
         <uninitialized>true</uninitialized>
         <run_address>0x20000000</run_address>
         <size>0x0</size>
      </object_component>
      <object_component id="oc-2a">
         <name>.stack</name>
         <uninitialized>true</uninitialized>
         <run_address>0x2000fe00</run_address>
         <size>0x0</size>
         <input_file_ref idref="fl-12b"/>
      </object_component>
      <object_component id="oc-378">
         <name>.stack</name>
         <uninitialized>true</uninitialized>
         <run_address>0x2000fe00</run_address>
         <size>0x0</size>
      </object_component>
      <object_component id="oc-314">
         <name>.bss:__TI_tmpnams</name>
         <uninitialized>true</uninitialized>
         <run_address>0x20000880</run_address>
         <size>0xa0</size>
         <input_file_ref idref="fl-13d"/>
      </object_component>
      <object_component id="oc-31b">
         <name>.bss:__CIOBUF_</name>
         <uninitialized>true</uninitialized>
         <run_address>0x20000760</run_address>
         <size>0x120</size>
         <input_file_ref idref="fl-150"/>
      </object_component>
      <object_component id="oc-110">
         <name>.common:ColStart</name>
         <uninitialized>true</uninitialized>
         <run_address>0x20000948</run_address>
         <size>0x1</size>
      </object_component>
      <object_component id="oc-113">
         <name>.common:RowStart</name>
         <uninitialized>true</uninitialized>
         <run_address>0x2000094a</run_address>
         <size>0x1</size>
      </object_component>
      <object_component id="oc-129">
         <name>.common:Rotation</name>
         <uninitialized>true</uninitialized>
         <run_address>0x20000949</run_address>
         <size>0x1</size>
      </object_component>
      <object_component id="oc-123">
         <name>.common:TabColor</name>
         <uninitialized>true</uninitialized>
         <run_address>0x2000094b</run_address>
         <size>0x1</size>
      </object_component>
      <object_component id="oc-127">
         <name>.common:Message</name>
         <uninitialized>true</uninitialized>
         <run_address>0x20000920</run_address>
         <size>0xc</size>
      </object_component>
      <object_component id="oc-128">
         <name>.common:Messageindex</name>
         <uninitialized>true</uninitialized>
         <run_address>0x20000934</run_address>
         <size>0x4</size>
      </object_component>
      <object_component id="oc-12a">
         <name>.common:Ymax</name>
         <uninitialized>true</uninitialized>
         <run_address>0x2000093c</run_address>
         <size>0x4</size>
      </object_component>
      <object_component id="oc-12b">
         <name>.common:Ymin</name>
         <uninitialized>true</uninitialized>
         <run_address>0x20000940</run_address>
         <size>0x4</size>
      </object_component>
      <object_component id="oc-12d">
         <name>.common:X</name>
         <uninitialized>true</uninitialized>
         <run_address>0x20000938</run_address>
         <size>0x4</size>
      </object_component>
      <object_component id="oc-12c">
         <name>.common:Yrange</name>
         <uninitialized>true</uninitialized>
         <run_address>0x20000944</run_address>
         <size>0x4</size>
      </object_component>
      <object_component id="oc-2ee">
         <name>.common:parmbuf</name>
         <uninitialized>true</uninitialized>
         <run_address>0x2000092c</run_address>
         <size>0x8</size>
      </object_component>
      <object_component id="oc-14d">
         <name>.data</name>
         <load_address>0x20000708</load_address>
         <run_address>0x20000708</run_address>
         <size>0x14</size>
         <input_file_ref idref="fl-2"/>
      </object_component>
      <object_component id="oc-117">
         <name>.data</name>
         <load_address>0x200006f0</load_address>
         <run_address>0x200006f0</run_address>
         <size>0x18</size>
         <input_file_ref idref="fl-3"/>
      </object_component>
      <object_component id="oc-ea">
         <name>.data</name>
         <load_address>0x2000075c</load_address>
         <run_address>0x2000075c</run_address>
         <size>0x2</size>
         <input_file_ref idref="fl-4"/>
      </object_component>
      <object_component id="oc-ab">
         <name>.data</name>
         <load_address>0x20000740</load_address>
         <run_address>0x20000740</run_address>
         <size>0x8</size>
         <input_file_ref idref="fl-12f"/>
      </object_component>
      <object_component id="oc-74">
         <name>.data</name>
         <load_address>0x20000758</load_address>
         <run_address>0x20000758</run_address>
         <size>0x4</size>
         <input_file_ref idref="fl-135"/>
      </object_component>
      <object_component id="oc-a8">
         <name>.data</name>
         <load_address>0x20000738</load_address>
         <run_address>0x20000738</run_address>
         <size>0x8</size>
         <input_file_ref idref="fl-136"/>
      </object_component>
      <object_component id="oc-143">
         <name>.data:_ftable</name>
         <load_address>0x20000400</load_address>
         <run_address>0x20000400</run_address>
         <size>0xf0</size>
         <input_file_ref idref="fl-13d"/>
      </object_component>
      <object_component id="oc-21f">
         <name>.data</name>
         <load_address>0x2000071c</load_address>
         <run_address>0x2000071c</run_address>
         <size>0x10</size>
         <input_file_ref idref="fl-13d"/>
      </object_component>
      <object_component id="oc-230">
         <name>.data</name>
         <load_address>0x200004f0</load_address>
         <run_address>0x200004f0</run_address>
         <size>0xd0</size>
         <input_file_ref idref="fl-147"/>
      </object_component>
      <object_component id="oc-2b1">
         <name>.data</name>
         <load_address>0x20000670</load_address>
         <run_address>0x20000670</run_address>
         <size>0x80</size>
         <input_file_ref idref="fl-156"/>
      </object_component>
      <object_component id="oc-2bc">
         <name>.data</name>
         <load_address>0x20000750</load_address>
         <run_address>0x20000750</run_address>
         <size>0x4</size>
         <input_file_ref idref="fl-158"/>
      </object_component>
      <object_component id="oc-30a">
         <name>.data</name>
         <load_address>0x20000748</load_address>
         <run_address>0x20000748</run_address>
         <size>0x8</size>
         <input_file_ref idref="fl-159"/>
      </object_component>
      <object_component id="oc-341">
         <name>.data:sigtable</name>
         <load_address>0x200005c0</load_address>
         <run_address>0x200005c0</run_address>
         <size>0xb0</size>
         <input_file_ref idref="fl-15e"/>
      </object_component>
      <object_component id="oc-2d9">
         <name>.data</name>
         <load_address>0x20000754</load_address>
         <run_address>0x20000754</run_address>
         <size>0x4</size>
         <input_file_ref idref="fl-161"/>
      </object_component>
      <object_component id="oc-2cf">
         <name>.data</name>
         <load_address>0x2000072c</load_address>
         <run_address>0x2000072c</run_address>
         <size>0xc</size>
         <input_file_ref idref="fl-162"/>
      </object_component>
      <object_component id="oc-20c">
         <name>.debug_info</name>
         <load_address>0x0</load_address>
         <run_address>0x0</run_address>
         <size>0x2dc</size>
         <input_file_ref idref="fl-2"/>
      </object_component>
      <object_component id="oc-14e">
         <name>.debug_info</name>
         <load_address>0x2dc</load_address>
         <run_address>0x2dc</run_address>
         <size>0x144</size>
         <input_file_ref idref="fl-2"/>
      </object_component>
      <object_component id="oc-da">
         <name>.debug_info</name>
         <load_address>0x420</load_address>
         <run_address>0x420</run_address>
         <size>0x245</size>
         <input_file_ref idref="fl-2"/>
      </object_component>
      <object_component id="oc-168">
         <name>.debug_info</name>
         <load_address>0x665</load_address>
         <run_address>0x665</run_address>
         <size>0x103e</size>
         <input_file_ref idref="fl-2"/>
      </object_component>
      <object_component id="oc-7f">
         <name>.debug_info</name>
         <load_address>0x16a3</load_address>
         <run_address>0x16a3</run_address>
         <size>0x84</size>
         <input_file_ref idref="fl-2"/>
      </object_component>
      <object_component id="oc-ef">
         <name>.debug_info</name>
         <load_address>0x1727</load_address>
         <run_address>0x1727</run_address>
         <size>0x18b</size>
         <input_file_ref idref="fl-2"/>
      </object_component>
      <object_component id="oc-151">
         <name>.debug_info</name>
         <load_address>0x18b2</load_address>
         <run_address>0x18b2</run_address>
         <size>0x57</size>
         <input_file_ref idref="fl-2"/>
      </object_component>
      <object_component id="oc-111">
         <name>.debug_info</name>
         <load_address>0x1909</load_address>
         <run_address>0x1909</run_address>
         <size>0x4c0</size>
         <input_file_ref idref="fl-3"/>
      </object_component>
      <object_component id="oc-118">
         <name>.debug_info</name>
         <load_address>0x1dc9</load_address>
         <run_address>0x1dc9</run_address>
         <size>0x1a8</size>
         <input_file_ref idref="fl-3"/>
      </object_component>
      <object_component id="oc-125">
         <name>.debug_info</name>
         <load_address>0x1f71</load_address>
         <run_address>0x1f71</run_address>
         <size>0xb0</size>
         <input_file_ref idref="fl-3"/>
      </object_component>
      <object_component id="oc-115">
         <name>.debug_info</name>
         <load_address>0x2021</load_address>
         <run_address>0x2021</run_address>
         <size>0xb1</size>
         <input_file_ref idref="fl-3"/>
      </object_component>
      <object_component id="oc-11b">
         <name>.debug_info</name>
         <load_address>0x20d2</load_address>
         <run_address>0x20d2</run_address>
         <size>0xb3</size>
         <input_file_ref idref="fl-3"/>
      </object_component>
      <object_component id="oc-11e">
         <name>.debug_info</name>
         <load_address>0x2185</load_address>
         <run_address>0x2185</run_address>
         <size>0xde</size>
         <input_file_ref idref="fl-3"/>
      </object_component>
      <object_component id="oc-121">
         <name>.debug_info</name>
         <load_address>0x2263</load_address>
         <run_address>0x2263</run_address>
         <size>0xb3</size>
         <input_file_ref idref="fl-3"/>
      </object_component>
      <object_component id="oc-12f">
         <name>.debug_info</name>
         <load_address>0x2316</load_address>
         <run_address>0x2316</run_address>
         <size>0xb2</size>
         <input_file_ref idref="fl-3"/>
      </object_component>
      <object_component id="oc-d0">
         <name>.debug_info</name>
         <load_address>0x23c8</load_address>
         <run_address>0x23c8</run_address>
         <size>0x23f4</size>
         <input_file_ref idref="fl-3"/>
      </object_component>
      <object_component id="oc-163">
         <name>.debug_info</name>
         <load_address>0x47bc</load_address>
         <run_address>0x47bc</run_address>
         <size>0xc8</size>
         <input_file_ref idref="fl-3"/>
      </object_component>
      <object_component id="oc-148">
         <name>.debug_info</name>
         <load_address>0x4884</load_address>
         <run_address>0x4884</run_address>
         <size>0x4e</size>
         <input_file_ref idref="fl-3"/>
      </object_component>
      <object_component id="oc-132">
         <name>.debug_info</name>
         <load_address>0x48d2</load_address>
         <run_address>0x48d2</run_address>
         <size>0x51</size>
         <input_file_ref idref="fl-3"/>
      </object_component>
      <object_component id="oc-158">
         <name>.debug_info</name>
         <load_address>0x4923</load_address>
         <run_address>0x4923</run_address>
         <size>0x763</size>
         <input_file_ref idref="fl-4"/>
      </object_component>
      <object_component id="oc-e0">
         <name>.debug_info</name>
         <load_address>0x5086</load_address>
         <run_address>0x5086</run_address>
         <size>0xbb</size>
         <input_file_ref idref="fl-4"/>
      </object_component>
      <object_component id="oc-e8">
         <name>.debug_info</name>
         <load_address>0x5141</load_address>
         <run_address>0x5141</run_address>
         <size>0xb9</size>
         <input_file_ref idref="fl-4"/>
      </object_component>
      <object_component id="oc-ec">
         <name>.debug_info</name>
         <load_address>0x51fa</load_address>
         <run_address>0x51fa</run_address>
         <size>0xba</size>
         <input_file_ref idref="fl-4"/>
      </object_component>
      <object_component id="oc-a2">
         <name>.debug_info</name>
         <load_address>0x52b4</load_address>
         <run_address>0x52b4</run_address>
         <size>0x1b68</size>
         <input_file_ref idref="fl-4"/>
      </object_component>
      <object_component id="oc-36">
         <name>.debug_info</name>
         <load_address>0x6e1c</load_address>
         <run_address>0x6e1c</run_address>
         <size>0xe8</size>
         <input_file_ref idref="fl-5"/>
      </object_component>
      <object_component id="oc-11">
         <name>.debug_info</name>
         <load_address>0x6f04</load_address>
         <run_address>0x6f04</run_address>
         <size>0xd5</size>
         <input_file_ref idref="fl-5"/>
      </object_component>
      <object_component id="oc-2f">
         <name>.debug_info</name>
         <load_address>0x6fd9</load_address>
         <run_address>0x6fd9</run_address>
         <size>0x1681</size>
         <input_file_ref idref="fl-5"/>
      </object_component>
      <object_component id="oc-27">
         <name>.debug_info</name>
         <load_address>0x865a</load_address>
         <run_address>0x865a</run_address>
         <size>0x134</size>
         <input_file_ref idref="fl-12b"/>
      </object_component>
      <object_component id="oc-42">
         <name>.debug_info</name>
         <load_address>0x878e</load_address>
         <run_address>0x878e</run_address>
         <size>0x121</size>
         <input_file_ref idref="fl-12c"/>
      </object_component>
      <object_component id="oc-14">
         <name>.debug_info</name>
         <load_address>0x88af</load_address>
         <run_address>0x88af</run_address>
         <size>0x1c0</size>
         <input_file_ref idref="fl-12c"/>
      </object_component>
      <object_component id="oc-3d">
         <name>.debug_info</name>
         <load_address>0x8a6f</load_address>
         <run_address>0x8a6f</run_address>
         <size>0x46</size>
         <input_file_ref idref="fl-12c"/>
      </object_component>
      <object_component id="oc-85">
         <name>.debug_info</name>
         <load_address>0x8ab5</load_address>
         <run_address>0x8ab5</run_address>
         <size>0x2c</size>
         <input_file_ref idref="fl-12c"/>
      </object_component>
      <object_component id="oc-4a">
         <name>.debug_info</name>
         <load_address>0x8ae1</load_address>
         <run_address>0x8ae1</run_address>
         <size>0x115</size>
         <input_file_ref idref="fl-12d"/>
      </object_component>
      <object_component id="oc-47">
         <name>.debug_info</name>
         <load_address>0x8bf6</load_address>
         <run_address>0x8bf6</run_address>
         <size>0x228</size>
         <input_file_ref idref="fl-12d"/>
      </object_component>
      <object_component id="oc-1d">
         <name>.debug_info</name>
         <load_address>0x8e1e</load_address>
         <run_address>0x8e1e</run_address>
         <size>0x192</size>
         <input_file_ref idref="fl-12d"/>
      </object_component>
      <object_component id="oc-4b">
         <name>.debug_info</name>
         <load_address>0x8fb0</load_address>
         <run_address>0x8fb0</run_address>
         <size>0x39</size>
         <input_file_ref idref="fl-12d"/>
      </object_component>
      <object_component id="oc-8f">
         <name>.debug_info</name>
         <load_address>0x8fe9</load_address>
         <run_address>0x8fe9</run_address>
         <size>0x2c</size>
         <input_file_ref idref="fl-12d"/>
      </object_component>
      <object_component id="oc-5b">
         <name>.debug_info</name>
         <load_address>0x9015</load_address>
         <run_address>0x9015</run_address>
         <size>0x110</size>
         <input_file_ref idref="fl-12e"/>
      </object_component>
      <object_component id="oc-21">
         <name>.debug_info</name>
         <load_address>0x9125</load_address>
         <run_address>0x9125</run_address>
         <size>0x18b</size>
         <input_file_ref idref="fl-12e"/>
      </object_component>
      <object_component id="oc-56">
         <name>.debug_info</name>
         <load_address>0x92b0</load_address>
         <run_address>0x92b0</run_address>
         <size>0x46</size>
         <input_file_ref idref="fl-12e"/>
      </object_component>
      <object_component id="oc-af">
         <name>.debug_info</name>
         <load_address>0x92f6</load_address>
         <run_address>0x92f6</run_address>
         <size>0x172</size>
         <input_file_ref idref="fl-12f"/>
      </object_component>
      <object_component id="oc-ac">
         <name>.debug_info</name>
         <load_address>0x9468</load_address>
         <run_address>0x9468</run_address>
         <size>0x117</size>
         <input_file_ref idref="fl-12f"/>
      </object_component>
      <object_component id="oc-71">
         <name>.debug_info</name>
         <load_address>0x957f</load_address>
         <run_address>0x957f</run_address>
         <size>0x1ee</size>
         <input_file_ref idref="fl-12f"/>
      </object_component>
      <object_component id="oc-e3">
         <name>.debug_info</name>
         <load_address>0x976d</load_address>
         <run_address>0x976d</run_address>
         <size>0x109</size>
         <input_file_ref idref="fl-130"/>
      </object_component>
      <object_component id="oc-3a">
         <name>.debug_info</name>
         <load_address>0x9876</load_address>
         <run_address>0x9876</run_address>
         <size>0xf6</size>
         <input_file_ref idref="fl-131"/>
      </object_component>
      <object_component id="oc-52">
         <name>.debug_info</name>
         <load_address>0x996c</load_address>
         <run_address>0x996c</run_address>
         <size>0x124</size>
         <input_file_ref idref="fl-132"/>
      </object_component>
      <object_component id="oc-5f">
         <name>.debug_info</name>
         <load_address>0x9a90</load_address>
         <run_address>0x9a90</run_address>
         <size>0x129</size>
         <input_file_ref idref="fl-133"/>
      </object_component>
      <object_component id="oc-147">
         <name>.debug_info</name>
         <load_address>0x9bb9</load_address>
         <run_address>0x9bb9</run_address>
         <size>0x20d</size>
         <input_file_ref idref="fl-134"/>
      </object_component>
      <object_component id="oc-d4">
         <name>.debug_info</name>
         <load_address>0x9dc6</load_address>
         <run_address>0x9dc6</run_address>
         <size>0x265</size>
         <input_file_ref idref="fl-134"/>
      </object_component>
      <object_component id="oc-203">
         <name>.debug_info</name>
         <load_address>0xa02b</load_address>
         <run_address>0xa02b</run_address>
         <size>0xae</size>
         <input_file_ref idref="fl-134"/>
      </object_component>
      <object_component id="oc-75">
         <name>.debug_info</name>
         <load_address>0xa0d9</load_address>
         <run_address>0xa0d9</run_address>
         <size>0xea</size>
         <input_file_ref idref="fl-135"/>
      </object_component>
      <object_component id="oc-103">
         <name>.debug_info</name>
         <load_address>0xa1c3</load_address>
         <run_address>0xa1c3</run_address>
         <size>0x105</size>
         <input_file_ref idref="fl-136"/>
      </object_component>
      <object_component id="oc-a9">
         <name>.debug_info</name>
         <load_address>0xa2c8</load_address>
         <run_address>0xa2c8</run_address>
         <size>0xf4</size>
         <input_file_ref idref="fl-136"/>
      </object_component>
      <object_component id="oc-ff">
         <name>.debug_info</name>
         <load_address>0xa3bc</load_address>
         <run_address>0xa3bc</run_address>
         <size>0x200</size>
         <input_file_ref idref="fl-136"/>
      </object_component>
      <object_component id="oc-1ee">
         <name>.debug_info</name>
         <load_address>0xa5bc</load_address>
         <run_address>0xa5bc</run_address>
         <size>0x338</size>
         <input_file_ref idref="fl-137"/>
      </object_component>
      <object_component id="oc-140">
         <name>.debug_info</name>
         <load_address>0xa8f4</load_address>
         <run_address>0xa8f4</run_address>
         <size>0x17ea</size>
         <input_file_ref idref="fl-137"/>
      </object_component>
      <object_component id="oc-1ef">
         <name>.debug_info</name>
         <load_address>0xc0de</load_address>
         <run_address>0xc0de</run_address>
         <size>0x86</size>
         <input_file_ref idref="fl-137"/>
      </object_component>
      <object_component id="oc-1f4">
         <name>.debug_info</name>
         <load_address>0xc164</load_address>
         <run_address>0xc164</run_address>
         <size>0x2c</size>
         <input_file_ref idref="fl-137"/>
      </object_component>
      <object_component id="oc-26a">
         <name>.debug_info</name>
         <load_address>0xc190</load_address>
         <run_address>0xc190</run_address>
         <size>0x46</size>
         <input_file_ref idref="fl-137"/>
      </object_component>
      <object_component id="oc-1f9">
         <name>.debug_info</name>
         <load_address>0xc1d6</load_address>
         <run_address>0xc1d6</run_address>
         <size>0x39</size>
         <input_file_ref idref="fl-137"/>
      </object_component>
      <object_component id="oc-a7">
         <name>.debug_info</name>
         <load_address>0xc20f</load_address>
         <run_address>0xc20f</run_address>
         <size>0x147</size>
         <input_file_ref idref="fl-138"/>
      </object_component>
      <object_component id="oc-69">
         <name>.debug_info</name>
         <load_address>0xc356</load_address>
         <run_address>0xc356</run_address>
         <size>0x148</size>
         <input_file_ref idref="fl-138"/>
      </object_component>
      <object_component id="oc-f6">
         <name>.debug_info</name>
         <load_address>0xc49e</load_address>
         <run_address>0xc49e</run_address>
         <size>0x5e</size>
         <input_file_ref idref="fl-138"/>
      </object_component>
      <object_component id="oc-267">
         <name>.debug_info</name>
         <load_address>0xc4fc</load_address>
         <run_address>0xc4fc</run_address>
         <size>0xf5</size>
         <input_file_ref idref="fl-139"/>
      </object_component>
      <object_component id="oc-1eb">
         <name>.debug_info</name>
         <load_address>0xc5f1</load_address>
         <run_address>0xc5f1</run_address>
         <size>0x152</size>
         <input_file_ref idref="fl-139"/>
      </object_component>
      <object_component id="oc-9f">
         <name>.debug_info</name>
         <load_address>0xc743</load_address>
         <run_address>0xc743</run_address>
         <size>0x29e</size>
         <input_file_ref idref="fl-13a"/>
      </object_component>
      <object_component id="oc-64">
         <name>.debug_info</name>
         <load_address>0xc9e1</load_address>
         <run_address>0xc9e1</run_address>
         <size>0x158</size>
         <input_file_ref idref="fl-13a"/>
      </object_component>
      <object_component id="oc-c3">
         <name>.debug_info</name>
         <load_address>0xcb39</load_address>
         <run_address>0xcb39</run_address>
         <size>0x39</size>
         <input_file_ref idref="fl-13a"/>
      </object_component>
      <object_component id="oc-c8">
         <name>.debug_info</name>
         <load_address>0xcb72</load_address>
         <run_address>0xcb72</run_address>
         <size>0xcd</size>
         <input_file_ref idref="fl-13a"/>
      </object_component>
      <object_component id="oc-c0">
         <name>.debug_info</name>
         <load_address>0xcc3f</load_address>
         <run_address>0xcc3f</run_address>
         <size>0x1c1</size>
         <input_file_ref idref="fl-13b"/>
      </object_component>
      <object_component id="oc-9a">
         <name>.debug_info</name>
         <load_address>0xce00</load_address>
         <run_address>0xce00</run_address>
         <size>0x164</size>
         <input_file_ref idref="fl-13b"/>
      </object_component>
      <object_component id="oc-10b">
         <name>.debug_info</name>
         <load_address>0xcf64</load_address>
         <run_address>0xcf64</run_address>
         <size>0x2c</size>
         <input_file_ref idref="fl-13b"/>
      </object_component>
      <object_component id="oc-2ca">
         <name>.debug_info</name>
         <load_address>0xcf90</load_address>
         <run_address>0xcf90</run_address>
         <size>0xcf</size>
         <input_file_ref idref="fl-13c"/>
      </object_component>
      <object_component id="oc-264">
         <name>.debug_info</name>
         <load_address>0xd05f</load_address>
         <run_address>0xd05f</run_address>
         <size>0xdb</size>
         <input_file_ref idref="fl-13c"/>
      </object_component>
      <object_component id="oc-200">
         <name>.debug_info</name>
         <load_address>0xd13a</load_address>
         <run_address>0xd13a</run_address>
         <size>0xf1</size>
         <input_file_ref idref="fl-13d"/>
      </object_component>
      <object_component id="oc-144">
         <name>.debug_info</name>
         <load_address>0xd22b</load_address>
         <run_address>0xd22b</run_address>
         <size>0xd8</size>
         <input_file_ref idref="fl-13d"/>
      </object_component>
      <object_component id="oc-315">
         <name>.debug_info</name>
         <load_address>0xd303</load_address>
         <run_address>0xd303</run_address>
         <size>0xe2</size>
         <input_file_ref idref="fl-13d"/>
      </object_component>
      <object_component id="oc-220">
         <name>.debug_info</name>
         <load_address>0xd3e5</load_address>
         <run_address>0xd3e5</run_address>
         <size>0x165</size>
         <input_file_ref idref="fl-13d"/>
      </object_component>
      <object_component id="oc-1c6">
         <name>.debug_info</name>
         <load_address>0xd54a</load_address>
         <run_address>0xd54a</run_address>
         <size>0x129</size>
         <input_file_ref idref="fl-13e"/>
      </object_component>
      <object_component id="oc-1a3">
         <name>.debug_info</name>
         <load_address>0xd673</load_address>
         <run_address>0xd673</run_address>
         <size>0x105</size>
         <input_file_ref idref="fl-13f"/>
      </object_component>
      <object_component id="oc-1b0">
         <name>.debug_info</name>
         <load_address>0xd778</load_address>
         <run_address>0xd778</run_address>
         <size>0x107</size>
         <input_file_ref idref="fl-13f"/>
      </object_component>
      <object_component id="oc-1ab">
         <name>.debug_info</name>
         <load_address>0xd87f</load_address>
         <run_address>0xd87f</run_address>
         <size>0x117</size>
         <input_file_ref idref="fl-140"/>
      </object_component>
      <object_component id="oc-1a7">
         <name>.debug_info</name>
         <load_address>0xd996</load_address>
         <run_address>0xd996</run_address>
         <size>0x117</size>
         <input_file_ref idref="fl-141"/>
      </object_component>
      <object_component id="oc-1b6">
         <name>.debug_info</name>
         <load_address>0xdaad</load_address>
         <run_address>0xdaad</run_address>
         <size>0x10b</size>
         <input_file_ref idref="fl-142"/>
      </object_component>
      <object_component id="oc-19a">
         <name>.debug_info</name>
         <load_address>0xdbb8</load_address>
         <run_address>0xdbb8</run_address>
         <size>0x283</size>
         <input_file_ref idref="fl-143"/>
      </object_component>
      <object_component id="oc-138">
         <name>.debug_info</name>
         <load_address>0xde3b</load_address>
         <run_address>0xde3b</run_address>
         <size>0x33a</size>
         <input_file_ref idref="fl-143"/>
      </object_component>
      <object_component id="oc-24e">
         <name>.debug_info</name>
         <load_address>0xe175</load_address>
         <run_address>0xe175</run_address>
         <size>0xfe</size>
         <input_file_ref idref="fl-144"/>
      </object_component>
      <object_component id="oc-1ca">
         <name>.debug_info</name>
         <load_address>0xe273</load_address>
         <run_address>0xe273</run_address>
         <size>0x16e</size>
         <input_file_ref idref="fl-144"/>
      </object_component>
      <object_component id="oc-1c0">
         <name>.debug_info</name>
         <load_address>0xe3e1</load_address>
         <run_address>0xe3e1</run_address>
         <size>0x109</size>
         <input_file_ref idref="fl-145"/>
      </object_component>
      <object_component id="oc-25c">
         <name>.debug_info</name>
         <load_address>0xe4ea</load_address>
         <run_address>0xe4ea</run_address>
         <size>0x142</size>
         <input_file_ref idref="fl-146"/>
      </object_component>
      <object_component id="oc-1d0">
         <name>.debug_info</name>
         <load_address>0xe62c</load_address>
         <run_address>0xe62c</run_address>
         <size>0x165</size>
         <input_file_ref idref="fl-146"/>
      </object_component>
      <object_component id="oc-234">
         <name>.debug_info</name>
         <load_address>0xe791</load_address>
         <run_address>0xe791</run_address>
         <size>0x481</size>
         <input_file_ref idref="fl-147"/>
      </object_component>
      <object_component id="oc-231">
         <name>.debug_info</name>
         <load_address>0xec12</load_address>
         <run_address>0xec12</run_address>
         <size>0xf7</size>
         <input_file_ref idref="fl-147"/>
      </object_component>
      <object_component id="oc-197">
         <name>.debug_info</name>
         <load_address>0xed09</load_address>
         <run_address>0xed09</run_address>
         <size>0xaec</size>
         <input_file_ref idref="fl-147"/>
      </object_component>
      <object_component id="oc-2a0">
         <name>.debug_info</name>
         <load_address>0xf7f5</load_address>
         <run_address>0xf7f5</run_address>
         <size>0x120</size>
         <input_file_ref idref="fl-147"/>
      </object_component>
      <object_component id="oc-236">
         <name>.debug_info</name>
         <load_address>0xf915</load_address>
         <run_address>0xf915</run_address>
         <size>0x2c</size>
         <input_file_ref idref="fl-147"/>
      </object_component>
      <object_component id="oc-244">
         <name>.debug_info</name>
         <load_address>0xf941</load_address>
         <run_address>0xf941</run_address>
         <size>0x12d</size>
         <input_file_ref idref="fl-148"/>
      </object_component>
      <object_component id="oc-1ba">
         <name>.debug_info</name>
         <load_address>0xfa6e</load_address>
         <run_address>0xfa6e</run_address>
         <size>0x1a3</size>
         <input_file_ref idref="fl-148"/>
      </object_component>
      <object_component id="oc-262">
         <name>.debug_info</name>
         <load_address>0xfc11</load_address>
         <run_address>0xfc11</run_address>
         <size>0xd2</size>
         <input_file_ref idref="fl-149"/>
      </object_component>
      <object_component id="oc-1e2">
         <name>.debug_info</name>
         <load_address>0xfce3</load_address>
         <run_address>0xfce3</run_address>
         <size>0x18c</size>
         <input_file_ref idref="fl-149"/>
      </object_component>
      <object_component id="oc-21e">
         <name>.debug_info</name>
         <load_address>0xfe6f</load_address>
         <run_address>0xfe6f</run_address>
         <size>0xe1</size>
         <input_file_ref idref="fl-14a"/>
      </object_component>
      <object_component id="oc-18b">
         <name>.debug_info</name>
         <load_address>0xff50</load_address>
         <run_address>0xff50</run_address>
         <size>0x20f</size>
         <input_file_ref idref="fl-14a"/>
      </object_component>
      <object_component id="oc-25e">
         <name>.debug_info</name>
         <load_address>0x1015f</load_address>
         <run_address>0x1015f</run_address>
         <size>0xd6</size>
         <input_file_ref idref="fl-14b"/>
      </object_component>
      <object_component id="oc-1d6">
         <name>.debug_info</name>
         <load_address>0x10235</load_address>
         <run_address>0x10235</run_address>
         <size>0x211</size>
         <input_file_ref idref="fl-14b"/>
      </object_component>
      <object_component id="oc-293">
         <name>.debug_info</name>
         <load_address>0x10446</load_address>
         <run_address>0x10446</run_address>
         <size>0xc6</size>
         <input_file_ref idref="fl-14c"/>
      </object_component>
      <object_component id="oc-225">
         <name>.debug_info</name>
         <load_address>0x1050c</load_address>
         <run_address>0x1050c</run_address>
         <size>0x225</size>
         <input_file_ref idref="fl-14c"/>
      </object_component>
      <object_component id="oc-21c">
         <name>.debug_info</name>
         <load_address>0x10731</load_address>
         <run_address>0x10731</run_address>
         <size>0xcb</size>
         <input_file_ref idref="fl-14d"/>
      </object_component>
      <object_component id="oc-183">
         <name>.debug_info</name>
         <load_address>0x107fc</load_address>
         <run_address>0x107fc</run_address>
         <size>0x1f7</size>
         <input_file_ref idref="fl-14d"/>
      </object_component>
      <object_component id="oc-295">
         <name>.debug_info</name>
         <load_address>0x109f3</load_address>
         <run_address>0x109f3</run_address>
         <size>0xd7</size>
         <input_file_ref idref="fl-14e"/>
      </object_component>
      <object_component id="oc-22b">
         <name>.debug_info</name>
         <load_address>0x10aca</load_address>
         <run_address>0x10aca</run_address>
         <size>0x226</size>
         <input_file_ref idref="fl-14e"/>
      </object_component>
      <object_component id="oc-2ef">
         <name>.debug_info</name>
         <load_address>0x10cf0</load_address>
         <run_address>0x10cf0</run_address>
         <size>0x24e</size>
         <input_file_ref idref="fl-14f"/>
      </object_component>
      <object_component id="oc-299">
         <name>.debug_info</name>
         <load_address>0x10f3e</load_address>
         <run_address>0x10f3e</run_address>
         <size>0xa0e</size>
         <input_file_ref idref="fl-14f"/>
      </object_component>
      <object_component id="oc-2f2">
         <name>.debug_info</name>
         <load_address>0x1194c</load_address>
         <run_address>0x1194c</run_address>
         <size>0x39</size>
         <input_file_ref idref="fl-14f"/>
      </object_component>
      <object_component id="oc-31f">
         <name>.debug_info</name>
         <load_address>0x11985</load_address>
         <run_address>0x11985</run_address>
         <size>0xf6</size>
         <input_file_ref idref="fl-150"/>
      </object_component>
      <object_component id="oc-31c">
         <name>.debug_info</name>
         <load_address>0x11a7b</load_address>
         <run_address>0x11a7b</run_address>
         <size>0xde</size>
         <input_file_ref idref="fl-150"/>
      </object_component>
      <object_component id="oc-2e3">
         <name>.debug_info</name>
         <load_address>0x11b59</load_address>
         <run_address>0x11b59</run_address>
         <size>0x262</size>
         <input_file_ref idref="fl-150"/>
      </object_component>
      <object_component id="oc-19e">
         <name>.debug_info</name>
         <load_address>0x11dbb</load_address>
         <run_address>0x11dbb</run_address>
         <size>0x162</size>
         <input_file_ref idref="fl-151"/>
      </object_component>
      <object_component id="oc-260">
         <name>.debug_info</name>
         <load_address>0x11f1d</load_address>
         <run_address>0x11f1d</run_address>
         <size>0xf3</size>
         <input_file_ref idref="fl-152"/>
      </object_component>
      <object_component id="oc-1de">
         <name>.debug_info</name>
         <load_address>0x12010</load_address>
         <run_address>0x12010</run_address>
         <size>0x13a</size>
         <input_file_ref idref="fl-152"/>
      </object_component>
      <object_component id="oc-2b5">
         <name>.debug_info</name>
         <load_address>0x1214a</load_address>
         <run_address>0x1214a</run_address>
         <size>0x111</size>
         <input_file_ref idref="fl-153"/>
      </object_component>
      <object_component id="oc-250">
         <name>.debug_info</name>
         <load_address>0x1225b</load_address>
         <run_address>0x1225b</run_address>
         <size>0x192</size>
         <input_file_ref idref="fl-153"/>
      </object_component>
      <object_component id="oc-2fd">
         <name>.debug_info</name>
         <load_address>0x123ed</load_address>
         <run_address>0x123ed</run_address>
         <size>0x86</size>
         <input_file_ref idref="fl-153"/>
      </object_component>
      <object_component id="oc-2ae">
         <name>.debug_info</name>
         <load_address>0x12473</load_address>
         <run_address>0x12473</run_address>
         <size>0xfb</size>
         <input_file_ref idref="fl-154"/>
      </object_component>
      <object_component id="oc-248">
         <name>.debug_info</name>
         <load_address>0x1256e</load_address>
         <run_address>0x1256e</run_address>
         <size>0x173</size>
         <input_file_ref idref="fl-154"/>
      </object_component>
      <object_component id="oc-258">
         <name>.debug_info</name>
         <load_address>0x126e1</load_address>
         <run_address>0x126e1</run_address>
         <size>0x153</size>
         <input_file_ref idref="fl-155"/>
      </object_component>
      <object_component id="oc-2b2">
         <name>.debug_info</name>
         <load_address>0x12834</load_address>
         <run_address>0x12834</run_address>
         <size>0x1b5</size>
         <input_file_ref idref="fl-156"/>
      </object_component>
      <object_component id="oc-21a">
         <name>.debug_info</name>
         <load_address>0x129e9</load_address>
         <run_address>0x129e9</run_address>
         <size>0x132</size>
         <input_file_ref idref="fl-157"/>
      </object_component>
      <object_component id="oc-17c">
         <name>.debug_info</name>
         <load_address>0x12b1b</load_address>
         <run_address>0x12b1b</run_address>
         <size>0x211</size>
         <input_file_ref idref="fl-157"/>
      </object_component>
      <object_component id="oc-283">
         <name>.debug_info</name>
         <load_address>0x12d2c</load_address>
         <run_address>0x12d2c</run_address>
         <size>0xbb</size>
         <input_file_ref idref="fl-157"/>
      </object_component>
      <object_component id="oc-2bd">
         <name>.debug_info</name>
         <load_address>0x12de7</load_address>
         <run_address>0x12de7</run_address>
         <size>0xd6</size>
         <input_file_ref idref="fl-158"/>
      </object_component>
      <object_component id="oc-335">
         <name>.debug_info</name>
         <load_address>0x12ebd</load_address>
         <run_address>0x12ebd</run_address>
         <size>0x13e</size>
         <input_file_ref idref="fl-159"/>
      </object_component>
      <object_component id="oc-30b">
         <name>.debug_info</name>
         <load_address>0x12ffb</load_address>
         <run_address>0x12ffb</run_address>
         <size>0x10e</size>
         <input_file_ref idref="fl-159"/>
      </object_component>
      <object_component id="oc-2b7">
         <name>.debug_info</name>
         <load_address>0x13109</load_address>
         <run_address>0x13109</run_address>
         <size>0x16f</size>
         <input_file_ref idref="fl-159"/>
      </object_component>
      <object_component id="oc-330">
         <name>.debug_info</name>
         <load_address>0x13278</load_address>
         <run_address>0x13278</run_address>
         <size>0x6f</size>
         <input_file_ref idref="fl-159"/>
      </object_component>
      <object_component id="oc-223">
         <name>.debug_info</name>
         <load_address>0x132e7</load_address>
         <run_address>0x132e7</run_address>
         <size>0x183</size>
         <input_file_ref idref="fl-15a"/>
      </object_component>
      <object_component id="oc-18e">
         <name>.debug_info</name>
         <load_address>0x1346a</load_address>
         <run_address>0x1346a</run_address>
         <size>0x23b</size>
         <input_file_ref idref="fl-15a"/>
      </object_component>
      <object_component id="oc-274">
         <name>.debug_info</name>
         <load_address>0x136a5</load_address>
         <run_address>0x136a5</run_address>
         <size>0x160</size>
         <input_file_ref idref="fl-15b"/>
      </object_component>
      <object_component id="oc-210">
         <name>.debug_info</name>
         <load_address>0x13805</load_address>
         <run_address>0x13805</run_address>
         <size>0x1c2</size>
         <input_file_ref idref="fl-15b"/>
      </object_component>
      <object_component id="oc-32d">
         <name>.debug_info</name>
         <load_address>0x139c7</load_address>
         <run_address>0x139c7</run_address>
         <size>0xfd</size>
         <input_file_ref idref="fl-15c"/>
      </object_component>
      <object_component id="oc-308">
         <name>.debug_info</name>
         <load_address>0x13ac4</load_address>
         <run_address>0x13ac4</run_address>
         <size>0x154</size>
         <input_file_ref idref="fl-15c"/>
      </object_component>
      <object_component id="oc-348">
         <name>.debug_info</name>
         <load_address>0x13c18</load_address>
         <run_address>0x13c18</run_address>
         <size>0x2c</size>
         <input_file_ref idref="fl-15c"/>
      </object_component>
      <object_component id="oc-282">
         <name>.debug_info</name>
         <load_address>0x13c44</load_address>
         <run_address>0x13c44</run_address>
         <size>0x1a1</size>
         <input_file_ref idref="fl-15d"/>
      </object_component>
      <object_component id="oc-216">
         <name>.debug_info</name>
         <load_address>0x13de5</load_address>
         <run_address>0x13de5</run_address>
         <size>0x1e1</size>
         <input_file_ref idref="fl-15d"/>
      </object_component>
      <object_component id="oc-345">
         <name>.debug_info</name>
         <load_address>0x13fc6</load_address>
         <run_address>0x13fc6</run_address>
         <size>0x11d</size>
         <input_file_ref idref="fl-15e"/>
      </object_component>
      <object_component id="oc-342">
         <name>.debug_info</name>
         <load_address>0x140e3</load_address>
         <run_address>0x140e3</run_address>
         <size>0xdb</size>
         <input_file_ref idref="fl-15e"/>
      </object_component>
      <object_component id="oc-329">
         <name>.debug_info</name>
         <load_address>0x141be</load_address>
         <run_address>0x141be</run_address>
         <size>0x16a</size>
         <input_file_ref idref="fl-15e"/>
      </object_component>
      <object_component id="oc-321">
         <name>.debug_info</name>
         <load_address>0x14328</load_address>
         <run_address>0x14328</run_address>
         <size>0xd1</size>
         <input_file_ref idref="fl-15f"/>
      </object_component>
      <object_component id="oc-2e9">
         <name>.debug_info</name>
         <load_address>0x143f9</load_address>
         <run_address>0x143f9</run_address>
         <size>0x1fe</size>
         <input_file_ref idref="fl-15f"/>
      </object_component>
      <object_component id="oc-2f8">
         <name>.debug_info</name>
         <load_address>0x145f7</load_address>
         <run_address>0x145f7</run_address>
         <size>0xc6</size>
         <input_file_ref idref="fl-160"/>
      </object_component>
      <object_component id="oc-2a8">
         <name>.debug_info</name>
         <load_address>0x146bd</load_address>
         <run_address>0x146bd</run_address>
         <size>0x14d</size>
         <input_file_ref idref="fl-160"/>
      </object_component>
      <object_component id="oc-2db">
         <name>.debug_info</name>
         <load_address>0x1480a</load_address>
         <run_address>0x1480a</run_address>
         <size>0x21d</size>
         <input_file_ref idref="fl-161"/>
      </object_component>
      <object_component id="oc-27c">
         <name>.debug_info</name>
         <load_address>0x14a27</load_address>
         <run_address>0x14a27</run_address>
         <size>0x436</size>
         <input_file_ref idref="fl-161"/>
      </object_component>
      <object_component id="oc-b5">
         <name>.debug_info</name>
         <load_address>0x14e5d</load_address>
         <run_address>0x14e5d</run_address>
         <size>0x2c</size>
         <input_file_ref idref="fl-161"/>
      </object_component>
      <object_component id="oc-7a">
         <name>.debug_info</name>
         <load_address>0x14e89</load_address>
[...]
         <value>0xfe0b</value>
         <object_component_ref idref="oc-2e"/>
      </symbol>
      <symbol id="sm-397">
         <name>_c_int00</name>
         <value>0x103c5</value>
         <object_component_ref idref="oc-25"/>
      </symbol>
      <symbol id="sm-398">
         <name>__stack</name>
         <value>0x2000fe00</value>
         <object_component_ref idref="oc-2a"/>
      </symbol>
      <symbol id="sm-3af">
         <name>__TI_decompress_none</name>
         <value>0x107bd</value>
         <object_component_ref idref="oc-13"/>
      </symbol>
      <symbol id="sm-3d7">
         <name>__TI_decompress_rle24</name>
         <value>0x107d7</value>
         <object_component_ref idref="oc-19"/>
      </symbol>
      <symbol id="sm-3e9">
         <name>__TI_zero_init</name>
         <value>0x107cb</value>
         <object_component_ref idref="oc-1f"/>
      </symbol>
      <symbol id="sm-408">
         <name>C$$EXIT</name>
         <value>0x104f5</value>
         <object_component_ref idref="oc-6e"/>
      </symbol>
      <symbol id="sm-409">
         <name>abort</name>
         <value>0x104f9</value>
         <object_component_ref idref="oc-6e"/>
      </symbol>
      <symbol id="sm-40a">
         <name>exit</name>
         <value>0x10501</value>
         <object_component_ref idref="oc-6e"/>
      </symbol>
      <symbol id="sm-40b">
         <name>__TI_dtors_ptr</name>
         <value>0x20000744</value>
         <object_component_ref idref="oc-ab"/>
      </symbol>
      <symbol id="sm-40c">
         <name>__TI_cleanup_ptr</name>
         <value>0x20000740</value>
         <object_component_ref idref="oc-ab"/>
      </symbol>
      <symbol id="sm-41a">
         <name>__aeabi_f2d</name>
         <value>0x10579</value>
         <object_component_ref idref="oc-e2"/>
      </symbol>
      <symbol id="sm-435">
         <name>memcpy</name>
         <value>0xfd47</value>
         <object_component_ref idref="oc-37"/>
      </symbol>
      <symbol id="sm-436">
         <name>__aeabi_memcpy</name>
         <value>0xfd47</value>
         <object_component_ref idref="oc-37"/>
      </symbol>
      <symbol id="sm-437">
         <name>__aeabi_memcpy8</name>
         <value>0xfd47</value>
         <object_component_ref idref="oc-37"/>
      </symbol>
      <symbol id="sm-438">
         <name>__aeabi_memcpy4</name>
         <value>0xfd47</value>
         <object_component_ref idref="oc-37"/>
      </symbol>
      <symbol id="sm-447">
         <name>__aeabi_memset</name>
         <value>0x10027</value>
         <object_component_ref idref="oc-50"/>
      </symbol>
      <symbol id="sm-448">
         <name>memset</name>
         <value>0x1002d</value>
         <object_component_ref idref="oc-50"/>
      </symbol>
      <symbol id="sm-449">
         <name>__aeabi_memset8</name>
         <value>0x10027</value>
         <object_component_ref idref="oc-50"/>
      </symbol>
      <symbol id="sm-44a">
         <name>__aeabi_memset4</name>
         <value>0x10027</value>
         <object_component_ref idref="oc-50"/>
      </symbol>
      <symbol id="sm-44b">
         <name>__aeabi_memclr8</name>
         <value>0x10025</value>
         <object_component_ref idref="oc-50"/>
      </symbol>
      <symbol id="sm-44c">
         <name>__aeabi_memclr4</name>
         <value>0x10025</value>
         <object_component_ref idref="oc-50"/>
      </symbol>
      <symbol id="sm-44d">
         <name>__aeabi_memclr</name>
         <value>0x10025</value>
         <object_component_ref idref="oc-50"/>
      </symbol>
      <symbol id="sm-457">
         <name>_system_pre_init</name>
         <value>0x107dd</value>
         <object_component_ref idref="oc-5c"/>
      </symbol>
      <symbol id="sm-475">
         <name>printf</name>
         <value>0x100a9</value>
         <object_component_ref idref="oc-d3"/>
      </symbol>
      <symbol id="sm-47d">
         <name>main_func_sp</name>
         <value>0x20000758</value>
         <object_component_ref idref="oc-74"/>
      </symbol>
      <symbol id="sm-496">
         <name>_nop</name>
         <value>0x1078f</value>
         <object_component_ref idref="oc-fb"/>
      </symbol>
      <symbol id="sm-497">
         <name>_lock</name>
         <value>0x20000738</value>
         <object_component_ref idref="oc-a8"/>
      </symbol>
      <symbol id="sm-498">
         <name>_unlock</name>
         <value>0x2000073c</value>
         <object_component_ref idref="oc-a8"/>
      </symbol>
      <symbol id="sm-499">
         <name>_register_lock</name>
         <value>0x10787</value>
         <object_component_ref idref="oc-fb"/>
      </symbol>
      <symbol id="sm-49a">
         <name>_register_unlock</name>
         <value>0x10781</value>
         <object_component_ref idref="oc-fb"/>
      </symbol>
      <symbol id="sm-5a4">
         <name>__TI_printfi</name>
         <value>0xd0b5</value>
         <object_component_ref idref="oc-13d"/>
      </symbol>
      <symbol id="sm-5b9">
         <name>_args_main</name>
         <value>0x10739</value>
         <object_component_ref idref="oc-68"/>
      </symbol>
      <symbol id="sm-5cf">
         <name>atoi</name>
         <value>0x10415</value>
         <object_component_ref idref="oc-1e7"/>
      </symbol>
      <symbol id="sm-5f5">
         <name>__TI_auto_init</name>
         <value>0x10111</value>
         <object_component_ref idref="oc-62"/>
      </symbol>
      <symbol id="sm-60f">
         <name>copy_in</name>
         <value>0x10461</value>
         <object_component_ref idref="oc-98"/>
      </symbol>
      <symbol id="sm-61a">
         <name>_ctypes_</name>
         <value>0xaabf</value>
         <object_component_ref idref="oc-263"/>
      </symbol>
      <symbol id="sm-633">
         <name>__aeabi_stdout</name>
         <value>0x20000724</value>
         <object_component_ref idref="oc-21f"/>
      </symbol>
      <symbol id="sm-634">
         <name>__TI_tmpnams</name>
         <value>0x20000880</value>
         <object_component_ref idref="oc-314"/>
      </symbol>
      <symbol id="sm-635">
         <name>__aeabi_stderr</name>
         <value>0x20000728</value>
         <object_component_ref idref="oc-21f"/>
      </symbol>
      <symbol id="sm-636">
         <name>__aeabi_stdin</name>
         <value>0x20000720</value>
         <object_component_ref idref="oc-21f"/>
      </symbol>
      <symbol id="sm-637">
         <name>_ftable</name>
         <value>0x20000400</value>
         <object_component_ref idref="oc-143"/>
      </symbol>
      <symbol id="sm-638">
         <name>__TI_ft_end</name>
         <value>0x2000071c</value>
         <object_component_ref idref="oc-21f"/>
      </symbol>
      <symbol id="sm-65c">
         <name>__aeabi_dsub</name>
         <value>0xf40d</value>
         <object_component_ref idref="oc-1c4"/>
      </symbol>
      <symbol id="sm-65d">
         <name>__aeabi_dadd</name>
         <value>0xf417</value>
         <object_component_ref idref="oc-1c4"/>
      </symbol>
      <symbol id="sm-684">
         <name>__aeabi_cdcmpeq</name>
         <value>0xff19</value>
         <object_component_ref idref="oc-1a0"/>
      </symbol>
      <symbol id="sm-685">
         <name>__aeabi_cdcmple</name>
         <value>0xff19</value>
         <object_component_ref idref="oc-1a0"/>
      </symbol>
      <symbol id="sm-686">
         <name>__aeabi_cdrcmple</name>
         <value>0xff9f</value>
         <object_component_ref idref="oc-1af"/>
      </symbol>
      <symbol id="sm-6a6">
         <name>__aeabi_ddiv</name>
         <value>0xf5c3</value>
         <object_component_ref idref="oc-1aa"/>
      </symbol>
      <symbol id="sm-6bd">
         <name>__aeabi_dmul</name>
         <value>0xf93d</value>
         <object_component_ref idref="oc-1a5"/>
      </symbol>
      <symbol id="sm-6cb">
         <name>__aeabi_d2iz</name>
         <value>0x104ad</value>
         <object_component_ref idref="oc-1b4"/>
      </symbol>
      <symbol id="sm-6ed">
         <name>puts</name>
         <value>0xf805</value>
         <object_component_ref idref="oc-137"/>
      </symbol>
      <symbol id="sm-6ee">
         <name>fputs</name>
         <value>0xf6f9</value>
         <object_component_ref idref="oc-137"/>
      </symbol>
      <symbol id="sm-6fb">
         <name>frexp</name>
         <value>0x106d1</value>
         <object_component_ref idref="oc-1c9"/>
      </symbol>
      <symbol id="sm-707">
         <name>__aeabi_i2d</name>
         <value>0x10675</value>
         <object_component_ref idref="oc-1bf"/>
      </symbol>
      <symbol id="sm-718">
         <name>ldexp</name>
         <value>0x10373</value>
         <object_component_ref idref="oc-1cf"/>
      </symbol>
      <symbol id="sm-76a">
         <name>open</name>
         <value>0xebb3</value>
         <object_component_ref idref="oc-193"/>
      </symbol>
      <symbol id="sm-76b">
         <name>add_device</name>
         <value>0xecd5</value>
         <object_component_ref idref="oc-193"/>
      </symbol>
      <symbol id="sm-76c">
         <name>remove_device</name>
         <value>0xeb67</value>
         <object_component_ref idref="oc-193"/>
      </symbol>
      <symbol id="sm-76d">
         <name>lseek</name>
         <value>0xec61</value>
         <object_component_ref idref="oc-193"/>
      </symbol>
      <symbol id="sm-76e">
         <name>read</name>
         <value>0xeb8f</value>
         <object_component_ref idref="oc-193"/>
      </symbol>
      <symbol id="sm-76f">
         <name>rename</name>
         <value>0xeb29</value>
         <object_component_ref idref="oc-193"/>
      </symbol>
      <symbol id="sm-770">
         <name>write</name>
         <value>0xea75</value>
         <object_component_ref idref="oc-193"/>
      </symbol>
      <symbol id="sm-771">
         <name>close</name>
         <value>0xec85</value>
         <object_component_ref idref="oc-193"/>
      </symbol>
      <symbol id="sm-772">
         <name>unlink</name>
         <value>0xeb05</value>
         <object_component_ref idref="oc-193"/>
      </symbol>
      <symbol id="sm-781">
         <name>ltoa</name>
         <value>0x1031d</value>
         <object_component_ref idref="oc-1b9"/>
      </symbol>
      <symbol id="sm-791">
         <name>memccpy</name>
         <value>0x1071b</value>
         <object_component_ref idref="oc-1e1"/>
      </symbol>
      <symbol id="sm-7a1">
         <name>memchr</name>
         <value>0x106fb</value>
         <object_component_ref idref="oc-187"/>
      </symbol>
      <symbol id="sm-7b1">
         <name>strchr</name>
         <value>0x10769</value>
         <object_component_ref idref="oc-1d5"/>
      </symbol>
      <symbol id="sm-7c0">
         <name>strcmp</name>
         <value>0x10751</value>
         <object_component_ref idref="oc-224"/>
      </symbol>
      <symbol id="sm-7ce">
         <name>strlen</name>
         <value>0x107a9</value>
         <object_component_ref idref="oc-181"/>
      </symbol>
      <symbol id="sm-7de">
         <name>strncpy</name>
         <value>0x105e5</value>
         <object_component_ref idref="oc-22a"/>
      </symbol>
      <symbol id="sm-7ff">
         <name>HOSTgetenv</name>
         <value>0xef97</value>
         <object_component_ref idref="oc-296"/>
      </symbol>
      <symbol id="sm-800">
         <name>HOSTrename</name>
         <value>0xee3f</value>
         <object_component_ref idref="oc-296"/>
      </symbol>
      <symbol id="sm-801">
         <name>HOSTclose</name>
         <value>0xefd5</value>
         <object_component_ref idref="oc-296"/>
      </symbol>
      <symbol id="sm-802">
         <name>HOSTunlink</name>
         <value>0xedcd</value>
         <object_component_ref idref="oc-296"/>
      </symbol>
      <symbol id="sm-803">
         <name>HOSTlseek</name>
         <value>0xef3b</value>
         <object_component_ref idref="oc-296"/>
      </symbol>
      <symbol id="sm-804">
         <name>HOSTopen</name>
         <value>0xeee9</value>
         <object_component_ref idref="oc-296"/>
      </symbol>
      <symbol id="sm-805">
         <name>HOSTclock</name>
         <value>0xf00d</value>
         <object_component_ref idref="oc-296"/>
      </symbol>
      <symbol id="sm-806">
         <name>HOSTwrite</name>
         <value>0xed81</value>
         <object_component_ref idref="oc-296"/>
      </symbol>
      <symbol id="sm-807">
         <name>HOSTread</name>
         <value>0xee9d</value>
         <object_component_ref idref="oc-296"/>
      </symbol>
      <symbol id="sm-808">
         <name>HOSTtime</name>
         <value>0xee05</value>
         <object_component_ref idref="oc-296"/>
      </symbol>
      <symbol id="sm-823">
         <name>__TI_readmsg</name>
         <value>0x1021b</value>
         <object_component_ref idref="oc-2e2"/>
      </symbol>
      <symbol id="sm-824">
         <name>C$$IO$$</name>
         <value>0x10217</value>
         <object_component_ref idref="oc-2e2"/>
      </symbol>
      <symbol id="sm-825">
         <name>__CIOBUF_</name>
         <value>0x20000760</value>
         <object_component_ref idref="oc-31b"/>
      </symbol>
      <symbol id="sm-826">
         <name>__TI_writemsg</name>
         <value>0x101e9</value>
         <object_component_ref idref="oc-2e2"/>
      </symbol>
      <symbol id="sm-850">
         <name>__aeabi_uldivmod</name>
         <value>0xf055</value>
         <object_component_ref idref="oc-19b"/>
      </symbol>
      <symbol id="sm-85e">
         <name>_Dclass</name>
         <value>0x10615</value>
         <object_component_ref idref="oc-1db"/>
      </symbol>
      <symbol id="sm-87f">
         <name>_Dscale</name>
         <value>0xf82d</value>
         <object_component_ref idref="oc-24f"/>
      </symbol>
      <symbol id="sm-893">
         <name>_Dunscale</name>
         <value>0x10251</value>
         <object_component_ref idref="oc-247"/>
      </symbol>
      <symbol id="sm-8a2">
         <name>_Feraise</name>
         <value>0x10645</value>
         <object_component_ref idref="oc-255"/>
      </symbol>
      <symbol id="sm-8b2">
         <name>_Rteps</name>
         <value>0x200006d0</value>
         <object_component_ref idref="oc-2b1"/>
      </symbol>
      <symbol id="sm-8b3">
         <name>_Zero</name>
         <value>0x200006e8</value>
         <object_component_ref idref="oc-2b1"/>
      </symbol>
      <symbol id="sm-8b4">
         <name>_Hugeval</name>
         <value>0x20000690</value>
         <object_component_ref idref="oc-2b1"/>
      </symbol>
      <symbol id="sm-8b5">
         <name>_Snan</name>
         <value>0x200006c0</value>
         <object_component_ref idref="oc-2b1"/>
      </symbol>
      <symbol id="sm-8b6">
         <name>_Nan</name>
         <value>0x200006b0</value>
         <object_component_ref idref="oc-2b1"/>
      </symbol>
      <symbol id="sm-8b7">
         <name>_Inf</name>
         <value>0x200006a0</value>
         <object_component_ref idref="oc-2b1"/>
      </symbol>
      <symbol id="sm-8b8">
         <name>_Xbig</name>
         <value>0x200006e0</value>
         <object_component_ref idref="oc-2b1"/>
      </symbol>
      <symbol id="sm-8b9">
         <name>_Eps</name>
         <value>0x20000680</value>
         <object_component_ref idref="oc-2b1"/>
      </symbol>
      <symbol id="sm-8ba">
         <name>_Denorm</name>
         <value>0x20000670</value>
         <object_component_ref idref="oc-2b1"/>
      </symbol>
      <symbol id="sm-8d8">
         <name>__TI_wrt_ok</name>
         <value>0xfc9b</value>
         <object_component_ref idref="oc-17b"/>
      </symbol>
      <symbol id="sm-8d9">
         <name>__TI_rd_ok</name>
         <value>0xfcfd</value>
         <object_component_ref idref="oc-17b"/>
      </symbol>
      <symbol id="sm-8e1">
         <name>_Errno</name>
         <value>0x20000750</value>
         <object_component_ref idref="oc-2bc"/>
      </symbol>
      <symbol id="sm-8ff">
         <name>feraiseexcept</name>
         <value>0x105b1</value>
         <object_component_ref idref="oc-2b6"/>
      </symbol>
      <symbol id="sm-900">
         <name>_Tls_setup__Fenv</name>
         <value>0x2000074c</value>
         <object_component_ref idref="oc-30a"/>
      </symbol>
      <symbol id="sm-901">
         <name>_Fenv</name>
         <value>0x20000748</value>
         <object_component_ref idref="oc-30a"/>
      </symbol>
      <symbol id="sm-91b">
         <name>__TI_doflush</name>
         <value>0xfb15</value>
         <object_component_ref idref="oc-18d"/>
      </symbol>
      <symbol id="sm-91c">
         <name>fflush</name>
         <value>0xfb61</value>
         <object_component_ref idref="oc-18d"/>
      </symbol>
      <symbol id="sm-92e">
         <name>fseek</name>
         <value>0x102b9</value>
         <object_component_ref idref="oc-20d"/>
      </symbol>
      <symbol id="sm-942">
         <name>raise</name>
         <value>0x106a3</value>
         <object_component_ref idref="oc-304"/>
      </symbol>
      <symbol id="sm-95e">
         <name>setvbuf</name>
         <value>0xfa39</value>
         <object_component_ref idref="oc-213"/>
      </symbol>
      <symbol id="sm-978">
         <name>signal</name>
         <value>0x10539</value>
         <object_component_ref idref="oc-326"/>
      </symbol>
      <symbol id="sm-986">
         <name>strcpy</name>
         <value>0x10795</value>
         <object_component_ref idref="oc-2e8"/>
      </symbol>
      <symbol id="sm-99b">
         <name>_Dnorm</name>
         <value>0xfbdd</value>
         <object_component_ref idref="oc-2a7"/>
      </symbol>
      <symbol id="sm-9d2">
         <name>__TI_cleanup</name>
         <value>0xf311</value>
         <object_component_ref idref="oc-27b"/>
      </symbol>
      <symbol id="sm-9d3">
         <name>freopen</name>
         <value>0xf33d</value>
         <object_component_ref idref="oc-27b"/>
      </symbol>
      <symbol id="sm-9d4">
         <name>fopen</name>
         <value>0xf367</value>
         <object_component_ref idref="oc-27b"/>
      </symbol>
      <symbol id="sm-a46">
         <name>_sys_memory</name>
         <value>0x20000000</value>
         <object_component_ref idref="oc-2b"/>
      </symbol>
      <symbol id="sm-a47">
         <name>free</name>
         <value>0xe45f</value>
         <object_component_ref idref="oc-275"/>
      </symbol>
      <symbol id="sm-a48">
         <name>realloc</name>
         <value>0xe521</value>
         <object_component_ref idref="oc-275"/>
      </symbol>
      <symbol id="sm-a49">
         <name>memalign</name>
         <value>0xe62d</value>
         <object_component_ref idref="oc-275"/>
      </symbol>
      <symbol id="sm-a4a">
         <name>calloc</name>
         <value>0xe711</value>
         <object_component_ref idref="oc-275"/>
      </symbol>
      <symbol id="sm-a4b">
         <name>malloc</name>
         <value>0xe3f7</value>
         <object_component_ref idref="oc-275"/>
      </symbol>
      <symbol id="sm-a4c">
         <name>minit</name>
         <value>0xe369</value>
         <object_component_ref idref="oc-275"/>
      </symbol>
      <symbol id="sm-a62">
         <name>__TI_closefile</name>
         <value>0xfe81</value>
         <object_component_ref idref="oc-2d3"/>
      </symbol>
      <symbol id="sm-a63">
         <name>fclose</name>
         <value>0xfee7</value>
         <object_component_ref idref="oc-2d3"/>
      </symbol>
      <symbol id="sm-a65">
         <name>__TI_static_base__</name>
         <value>0x0</value>
      </symbol>
      <symbol id="sm-a68">
         <name>SHT$$INIT_ARRAY$$Limit</name>
         <value>0x0</value>
      </symbol>
      <symbol id="sm-a69">
         <name>SHT$$INIT_ARRAY$$Base</name>
         <value>0x0</value>
      </symbol>
      <symbol id="sm-a6a">
         <name>remove</name>
         <value>0xeb05</value>
      </symbol>
   </symbol_table>
   <title>Link successful</title>
</link_info>
