******************************************************************************
                  TI ARM Linker PC v5.2.6                      
******************************************************************************
>> Linked Tue Jan 19 20:25:32 2016

OUTPUT FILE NAME:   <ST7735_MSP432.out>
ENTRY POINT SYMBOL: "_c_int00"  address: 000103c5


MEMORY CONFIGURATION

         name            origin    length      used     unused   attr    fill
----------------------  --------  ---------  --------  --------  ----  --------
  MAIN                  00000000   00040000  000108c0  0002f740  R  X
  INFO                  00200000   00004000  00000000  00004000  R  X
  SRAM_CODE             01000000   00010000  00000000  00010000  RW X
  SRAM_DATA             20000000   00010000  00000b4a  0000f4b6  RW  


SEGMENT ALLOCATION MAP

run origin  load origin   length   init length attrs members
----------  ----------- ---------- ----------- ----- -------
00000000    00000000    000108c0   000108c0    r-x
  00000000    00000000    00000144   00000144    r-- .intvecs
  00000144    00000144    0000aba0   0000aba0    r-- .const
  0000ace4    0000ace4    00005afc   00005afc    r-x .text
  000107e0    000107e0    000000e0   000000e0    r-- .cinit
20000000    20000000    0000094c   00000000    rw-
  20000000    20000000    00000400   00000000    rw- .sysmem
  20000400    20000400    0000035e   00000000    rw- .data
  20000760    20000760    000001ec   00000000    rw- .bss
2000fe00    2000fe00    00000200   00000000    rw-
  2000fe00    2000fe00    00000200   00000000    rw- .stack


SECTION ALLOCATION MAP

 output                                  attributes/
section   page    origin      length       input sections
--------  ----  ----------  ----------   ----------------
.intvecs   0    00000000    00000144     
                  00000000    00000144     msp432_startup_ccs.obj (.intvecs)

.const     0    00000144    0000aba0     
                  00000144    00007080     ST7735TestMain.obj (.const:gvsu)
                  000071c4    00003200     ST7735TestMain.obj (.const:Logo)
                  0000a3c4    000004fb     ST7735.obj (.const:.string:Font)
                  0000a8bf    00000200     ST7735.obj (.const:.string:dBfs)
                  0000aabf    00000101     rtsv7M4_T_le_v4SPD16_eabi.lib : ctype.obj (.const:.string:_ctypes_)
                  0000abc0    00000067     ST7735.obj (.const:.string:Bcmd)
                  0000ac27    00000001     --HOLE-- [fill = 0]
                  0000ac28    0000003c     ST7735TestMain.obj (.const:Test2)
                  0000ac64    0000003b     ST7735.obj (.const:.string:Rcmd1)
                  0000ac9f    0000002b     ST7735.obj (.const:.string:Rcmd3)
                  0000acca    0000001a     ST7735.obj (.const:.string)

.text      0    0000ace4    00005afc     
                  0000ace4    0000161c     ST7735.obj (.text)
                  0000c300    000010ba     rtsv7M4_T_le_v4SPD16_eabi.lib : _printfi.obj (.text)
                  0000d3ba    00000002     --HOLE-- [fill = 0]
                  0000d3bc    00000fac     ST7735TestMain.obj (.text)
                  0000e368    000003dc     rtsv7M4_T_le_v4SPD16_eabi.lib : memory.obj (.text)
                  0000e744    00000330     ClockSystem.obj (.text)
                  0000ea74    0000030c     rtsv7M4_T_le_v4SPD16_eabi.lib : lowlev.obj (.text)
                  0000ed80    000002d4                                   : trgdrv.obj (.text)
                  0000f054    000001f4                                   : ull_div_t2.obj (.text)
                  0000f248    000001c4                                   : fopen.obj (.text)
                  0000f40c    000001b6                                   : fd_add_t2.obj (.text)
                  0000f5c2    00000136                                   : fd_div_t2.obj (.text)
                  0000f6f8    00000134                                   : fputs.obj (.text)
                  0000f82c    00000110                                   : xdscale.obj (.text)
                  0000f93c    000000fc                                   : fd_mul_t2.obj (.text)
                  0000fa38    000000dc                                   : setvbuf.obj (.text)
                  0000fb14    000000c8                                   : fflush.obj (.text)
                  0000fbdc    000000be                                   : xdnorm.obj (.text)
                  0000fc9a    000000ac                                   : _io_perm.obj (.text)
                  0000fd46    0000009c                                   : memcpy_t2.obj (.text)
                  0000fde2    00000002     --HOLE-- [fill = 0]
                  0000fde4    0000009a     msp432_startup_ccs.obj (.text)
                  0000fe7e    00000002     --HOLE-- [fill = 0]
                  0000fe80    00000098     rtsv7M4_T_le_v4SPD16_eabi.lib : fclose.obj (.text)
                  0000ff18    00000086                                   : fd_cmp_t2.obj (.text:__aeabi_cdcmple)
                  0000ff9e    00000086                                   : fd_cmp_t2.obj (.text:__aeabi_cdrcmple)
                  00010024    0000007a                                   : memset_t2.obj (.text)
                  0001009e    00000002     --HOLE-- [fill = 0]
                  000100a0    00000070                                   : printf.obj (.text)
                  00010110    0000006c                                   : autoinit.obj (.text)
                  0001017c    0000006a                                   : copy_decompress_rle.obj (.text)
                  000101e6    00000002     --HOLE-- [fill = 0]
                  000101e8    00000068                                   : trgmsg.obj (.text)
                  00010250    00000066                                   : xdunscal.obj (.text)
                  000102b6    00000002     --HOLE-- [fill = 0]
                  000102b8    00000064                                   : fseek.obj (.text)
                  0001031c    00000056                                   : ltoa.obj (.text)
                  00010372    00000052                                   : ldexp.obj (.text)
                  000103c4    00000050                                   : boot.obj (.text)
                  00010414    0000004c                                   : atoi.obj (.text)
                  00010460    0000004c                                   : cpy_tbl.obj (.text)
                  000104ac    00000048                                   : fd_toi_t2.obj (.text)
                  000104f4    00000044                                   : exit.obj (.text)
                  00010538    00000040                                   : signal.obj (.text)
                  00010578    00000038                                   : fs_tod_t2.obj (.text)
                  000105b0    00000034                                   : feraiseexcept.obj (.text)
                  000105e4    00000030                                   : strncpy.obj (.text)
                  00010614    00000030                                   : xdclass.obj (.text)
                  00010644    00000030                                   : xferaise.obj (.text)
                  00010674    0000002e                                   : i_tofd_t2.obj (.text)
                  000106a2    0000002e                                   : raise.obj (.text)
                  000106d0    0000002a                                   : frexp.obj (.text)
                  000106fa    00000020                                   : memchr.obj (.text)
                  0001071a    0000001c                                   : memccpy.obj (.text)
                  00010736    00000002     --HOLE-- [fill = 0]
                  00010738    00000018                                   : args_main.obj (.text)
                  00010750    00000018                                   : strcmp.obj (.text)
                  00010768    00000016                                   : strchr.obj (.text)
                  0001077e    00000002     --HOLE-- [fill = 0]
                  00010780    00000014                                   : _lock.obj (.text)
                  00010794    00000014                                   : strcpy.obj (.text)
                  000107a8    00000014                                   : strlen.obj (.text)
                  000107bc    0000000e                                   : copy_decompress_none.obj (.text:decompress:none)
                  000107ca    0000000c                                   : copy_zero_init.obj (.text:decompress:ZI)
                  000107d6    00000006                                   : copy_decompress_rle.obj (.text:decompress:rle24)
                  000107dc    00000004                                   : pre_init.obj (.text)

.cinit     0    000107e0    000000e0     
                  000107e0    000000b5     (.cinit..data.load) [load image, compression = rle]
                  00010895    00000003     --HOLE-- [fill = 0]
                  00010898    0000000c     (__TI_handler_table)
                  000108a4    00000004     --HOLE-- [fill = 0]
                  000108a8    00000008     (.cinit..bss.load) [load image, compression = zero_init]
                  000108b0    00000010     (__TI_cinit_table)

.sysmem    0    20000000    00000400     UNINITIALIZED
                  20000000    00000008     rtsv7M4_T_le_v4SPD16_eabi.lib : memory.obj (.sysmem)
                  20000008    000003f8     --HOLE--

.data      0    20000400    0000035e     UNINITIALIZED
                  20000400    000000f0     rtsv7M4_T_le_v4SPD16_eabi.lib : defs.obj (.data:_ftable)
                  200004f0    000000d0                                   : lowlev.obj (.data)
                  200005c0    000000b0                                   : signal.obj (.data:sigtable)
                  20000670    00000080                                   : xvalues.obj (.data)
                  200006f0    00000018     ST7735.obj (.data)
                  20000708    00000014     ClockSystem.obj (.data)
                  2000071c    00000010     rtsv7M4_T_le_v4SPD16_eabi.lib : defs.obj (.data)
                  2000072c    0000000c                                   : memory.obj (.data)
                  20000738    00000008                                   : _lock.obj (.data)
                  20000740    00000008                                   : exit.obj (.data)
                  20000748    00000008                                   : feraiseexcept.obj (.data)
                  20000750    00000004                                   : errno.obj (.data)
                  20000754    00000004                                   : fopen.obj (.data)
                  20000758    00000004                                   : stkdepth_vars.obj (.data)
                  2000075c    00000002     ST7735TestMain.obj (.data)

.TI.persistent 
*          0    20000400    00000000     UNINITIALIZED

.bss       0    20000760    000001ec     UNINITIALIZED
                  20000760    00000120     rtsv7M4_T_le_v4SPD16_eabi.lib : trgmsg.obj (.bss:__CIOBUF_)
                  20000880    000000a0                                   : defs.obj (.bss:__TI_tmpnams)
                  20000920    0000000c     (.common:Message)
                  2000092c    00000008     (.common:parmbuf)
                  20000934    00000004     (.common:Messageindex)
                  20000938    00000004     (.common:X)
                  2000093c    00000004     (.common:Ymax)
                  20000940    00000004     (.common:Ymin)
                  20000944    00000004     (.common:Yrange)
                  20000948    00000001     (.common:ColStart)
                  20000949    00000001     (.common:Rotation)
                  2000094a    00000001     (.common:RowStart)
                  2000094b    00000001     (.common:TabColor)

.TI.noinit 
*          0    20000760    00000000     UNINITIALIZED

.stack     0    2000fe00    00000200     UNINITIALIZED
                  2000fe00    00000200     --HOLE--


LINKER GENERATED COPY TABLES

__TI_cinit_table @ 000108b0 records: 2, size/record: 8, table size: 16
	.data: load addr=000107e0, load size=000000b5 bytes, run addr=20000400, run size=0000035e bytes, compression=rle
	.bss: load addr=000108a8, load size=00000008 bytes, run addr=20000760, run size=000001ec bytes, compression=zero_init


LINKER GENERATED HANDLER TABLE

__TI_handler_table @ 00010898 records: 3, size/record: 4, table size: 12
	index: 0, handler: __TI_decompress_rle24
	index: 1, handler: __TI_decompress_none
	index: 2, handler: __TI_zero_init


GLOBAL SYMBOLS: SORTED ALPHABETICALLY BY Name 

address   name                    
-------   ----                    
0000fe39  ADC14_IRQHandler        
0000fe41  AES256_IRQHandler       
200006fc  BgColor                 
0000de19  BookExamples            
000104f5  C$$EXIT                 
00010217  C$$IO$$                 
0000fe15  COMP_E0_IRQHandler      
0000fe17  COMP_E1_IRQHandler      
2000070c  CPMwait                 
0000fe0b  CS_IRQHandler           
0000e745  Clock_Init              
0000e87f  Clock_Init32kHz         
0000e78f  Clock_Init48MHz         
0000e971  Clock_InitLowPower      
20000718  Crystalstable           
0000fe45  DMA_ERR_IRQHandler      
0000fe4d  DMA_INT0_IRQHandler     
0000fe4b  DMA_INT1_IRQHandler     
0000fe49  DMA_INT2_IRQHandler     
0000fe47  DMA_INT3_IRQHandler     
0000fe03  DebugMon_Handler        
0000ad5b  Delay1ms                
0000d3bd  DelayWait10ms           
0000fe5b  DisableInterrupts       
0000fe29  EUSCIA0_IRQHandler      
0000fe2b  EUSCIA1_IRQHandler      
0000fe2d  EUSCIA2_IRQHandler      
0000fe2f  EUSCIA3_IRQHandler      
0000fe31  EUSCIB0_IRQHandler      
0000fe33  EUSCIB1_IRQHandler      
0000fe35  EUSCIB2_IRQHandler      
0000fe37  EUSCIB3_IRQHandler      
0000fe61  EnableInterrupts        
0000fe71  EndCritical             
0000fe13  FLCTL_IRQHandler        
0000fe11  FPU_IRQHandler          
0000f00d  HOSTclock               
0000efd5  HOSTclose               
0000ef97  HOSTgetenv              
0000ef3b  HOSTlseek               
0000eee9  HOSTopen                
0000ee9d  HOSTread                
0000ee3f  HOSTrename              
0000ee05  HOSTtime                
0000edcd  HOSTunlink              
0000ed81  HOSTwrite               
20000714  IFlags                  
000071c4  Logo                    
20000920  Message                 
20000934  Messageindex            
0000c1bb  Output_Clear            
0000c1d5  Output_Color            
0000c1ab  Output_Init             
0000c1c5  Output_Off              
0000c1cd  Output_On               
0000fe0d  PCM_IRQHandler          
0000fe4f  PORT1_IRQHandler        
0000fe51  PORT2_IRQHandler        
0000fe53  PORT3_IRQHandler        
0000fe55  PORT4_IRQHandler        
0000fe57  PORT5_IRQHandler        
0000fe59  PORT6_IRQHandler        
0000fe09  PSS_IRQHandler          
0000fe05  PendSV_Handler          
20000710  Postwait                
20000708  Prewait                 
0000fe43  RTC_C_IRQHandler        
UNDEFED   SHT$$INIT_ARRAY$$Base   
UNDEFED   SHT$$INIT_ARRAY$$Limit  
0000ded1  SSR_Init                
0000b33d  ST7735_Color565         
0000c1f5  ST7735_Counter          
0000b3a1  ST7735_DrawBitmap       
0000b8a1  ST7735_DrawChar         
0000b71f  ST7735_DrawCharS        
0000b135  ST7735_DrawFastHLine    
0000b077  ST7735_DrawFastVLine    
0000b01d  ST7735_DrawPixel        
0000ba1d  ST7735_DrawString       
0000b231  ST7735_FillRect         
0000b1ed  ST7735_FillScreen       
0000aee9  ST7735_InitB            
0000af09  ST7735_InitR            
0000bc43  ST7735_InvertDisplay    
0000c081  ST7735_OutChar          
0000c14d  ST7735_OutString        
0000bb05  ST7735_OutUDec          
0000bf8d  ST7735_PlotBar          
0000bc5b  ST7735_PlotClear        
0000bd7d  ST7735_PlotLine         
0000c02d  ST7735_PlotNext         
0000c047  ST7735_PlotNextErase    
0000bcb7  ST7735_PlotPoint        
0000beb7  ST7735_PlotPoints       
0000bfe3  ST7735_PlotdBfs         
0000badf  ST7735_SetCursor        
0000b59d  ST7735_SetPrintOptions  
0000bb79  ST7735_SetRotation      
0000c16b  ST7735_SetTextColor     
0000b371  ST7735_SwapColor        
0000fe01  SVC_Handler             
200006f8  StTextColor             
200006f0  StX                     
200006f4  StY                     
0000fe67  StartCritical           
0000fe07  SysTick_Handler         
0000fe3b  T32_INT1_IRQHandler     
0000fe3d  T32_INT2_IRQHandler     
0000fe3f  T32_INTC_IRQHandler     
0000fe19  TA0_0_IRQHandler        
0000fe1b  TA0_N_IRQHandler        
0000fe1d  TA1_0_IRQHandler        
0000fe1f  TA1_N_IRQHandler        
0000fe21  TA2_0_IRQHandler        
0000fe23  TA2_N_IRQHandler        
0000fe25  TA3_0_IRQHandler        
0000fe27  TA3_N_IRQHandler        
0000ac28  Test2                   
200006fa  TextColor               
200006fe  TextSize                
4000480c  WDTCTL_SYM              
0000fe0f  WDT_A_IRQHandler        
0000fe79  WaitForInterrupt        
20000938  X                       
2000093c  Ymax                    
20000940  Ymin                    
20000944  Yrange                  
00010615  _Dclass                 
20000670  _Denorm                 
0000fbdd  _Dnorm                  
0000f82d  _Dscale                 
00010251  _Dunscale               
20000680  _Eps                    
20000750  _Errno                  
20000748  _Fenv                   
00010645  _Feraise                
20000690  _Hugeval                
200006a0  _Inf                    
200006b0  _Nan                    
200006d0  _Rteps                  
200006c0  _Snan                   
2000074c  _Tls_setup__Fenv        
200006e0  _Xbig                   
200006e8  _Zero                   
20000760  __CIOBUF_               
20010000  __STACK_END             
00000200  __STACK_SIZE            
00000400  __SYSMEM_SIZE           
000108b0  __TI_CINIT_Base         
000108c0  __TI_CINIT_Limit        
00010898  __TI_Handler_Table_Base 
000108a4  __TI_Handler_Table_Limit
00010111  __TI_auto_init          
0000f311  __TI_cleanup            
20000740  __TI_cleanup_ptr        
0000fe81  __TI_closefile          
000107bd  __TI_decompress_none    
000107d7  __TI_decompress_rle24   
0000fb15  __TI_doflush            
20000744  __TI_dtors_ptr          
2000071c  __TI_ft_end             
0000d0b5  __TI_printfi            
0000fcfd  __TI_rd_ok              
0001021b  __TI_readmsg            
00000000  __TI_static_base__      
20000880  __TI_tmpnams            
000101e9  __TI_writemsg           
0000fc9b  __TI_wrt_ok             
000107cb  __TI_zero_init          
0000ff19  __aeabi_cdcmpeq         
0000ff19  __aeabi_cdcmple         
0000ff9f  __aeabi_cdrcmple        
000104ad  __aeabi_d2iz            
0000f417  __aeabi_dadd            
0000f5c3  __aeabi_ddiv            
0000f93d  __aeabi_dmul            
0000f40d  __aeabi_dsub            
00010579  __aeabi_f2d             
00010675  __aeabi_i2d             
00010025  __aeabi_memclr          
00010025  __aeabi_memclr4         
00010025  __aeabi_memclr8         
0000fd47  __aeabi_memcpy          
0000fd47  __aeabi_memcpy4         
0000fd47  __aeabi_memcpy8         
00010027  __aeabi_memset          
00010027  __aeabi_memset4         
00010027  __aeabi_memset8         
20000728  __aeabi_stderr          
20000720  __aeabi_stdin           
20000724  __aeabi_stdout          
0000f055  __aeabi_uldivmod        
ffffffff  __binit__               
ffffffff  __c_args__              
2000fe00  __stack                 
00010739  _args_main              
000103c5  _c_int00                
0000aabf  _ctypes_                
20000400  _ftable                 
20000738  _lock                   
0001078f  _nop                    
00010787  _register_lock          
00010781  _register_unlock        
20000000  _sys_memory             
000107dd  _system_pre_init        
2000073c  _unlock                 
000104f9  abort                   
0000ecd5  add_device              
00010415  atoi                    
ffffffff  binit                   
0000e711  calloc                  
0000ec85  close                   
00010461  copy_in                 
0000a8bf  dBfs                    
00010501  exit                    
0000fee7  fclose                  
000105b1  feraiseexcept           
0000c19d  ferror                  
0000fb61  fflush                  
0000c191  fgetc                   
0000ba9d  fillmessage             
0000f367  fopen                   
0000c17f  fputc                   
0000f6f9  fputs                   
0000e45f  free                    
0000f33d  freopen                 
000106d1  frexp                   
000102b9  fseek                   
00000144  gvsu                    
00000000  interruptVectors        
20000704  lastj                   
00010373  ldexp                   
0000ec61  lseek                   
0001031d  ltoa                    
0000e171  main                    
0000d3cf  main0                   
0000d3df  main1                   
0000dfbd  main10                  
0000d4a9  main2                   
0000dcc1  main3                   
0000defb  main4                   
0000df31  main5                   
0000df63  main6                   
0000d437  main7                   
20000758  main_func_sp            
0000e3f7  malloc                  
0000e62d  memalign                
0001071b  memccpy                 
000106fb  memchr                  
0000fd47  memcpy                  
0001002d  memset                  
0000e369  minit                   
0000ebb3  open                    
0000ad4d  parrotdelay             
000100a9  printf                  
0000f805  puts                    
000106a3  raise                   
0000eb8f  read                    
0000e521  realloc                 
0000eb05  remove                  
0000eb67  remove_device           
0000eb29  rename                  
0000fa39  setvbuf                 
00010539  signal                  
00010769  strchr                  
00010751  strcmp                  
00010795  strcpy                  
000107a9  strlen                  
000105e5  strncpy                 
0000eb05  unlink                  
0000ea75  write                   


GLOBAL SYMBOLS: SORTED BY Symbol Address 

address   name                    
-------   ----                    
00000000  __TI_static_base__      
00000000  interruptVectors        
00000144  gvsu                    
00000200  __STACK_SIZE            
00000400  __SYSMEM_SIZE           
000071c4  Logo                    
0000a8bf  dBfs                    
0000aabf  _ctypes_                
0000ac28  Test2                   
0000ad4d  parrotdelay             
0000ad5b  Delay1ms                
0000aee9  ST7735_InitB            
0000af09  ST7735_InitR            
0000b01d  ST7735_DrawPixel        
0000b077  ST7735_DrawFastVLine    
0000b135  ST7735_DrawFastHLine    
0000b1ed  ST7735_FillScreen       
0000b231  ST7735_FillRect         
0000b33d  ST7735_Color565         
0000b371  ST7735_SwapColor        
0000b3a1  ST7735_DrawBitmap       
0000b59d  ST7735_SetPrintOptions  
0000b71f  ST7735_DrawCharS        
0000b8a1  ST7735_DrawChar         
0000ba1d  ST7735_DrawString       
0000ba9d  fillmessage             
0000badf  ST7735_SetCursor        
0000bb05  ST7735_OutUDec          
0000bb79  ST7735_SetRotation      
0000bc43  ST7735_InvertDisplay    
0000bc5b  ST7735_PlotClear        
0000bcb7  ST7735_PlotPoint        
0000bd7d  ST7735_PlotLine         
0000beb7  ST7735_PlotPoints       
0000bf8d  ST7735_PlotBar          
0000bfe3  ST7735_PlotdBfs         
0000c02d  ST7735_PlotNext         
0000c047  ST7735_PlotNextErase    
0000c081  ST7735_OutChar          
0000c14d  ST7735_OutString        
0000c16b  ST7735_SetTextColor     
0000c17f  fputc                   
0000c191  fgetc                   
0000c19d  ferror                  
0000c1ab  Output_Init             
0000c1bb  Output_Clear            
0000c1c5  Output_Off              
0000c1cd  Output_On               
0000c1d5  Output_Color            
0000c1f5  ST7735_Counter          
0000d0b5  __TI_printfi            
0000d3bd  DelayWait10ms           
0000d3cf  main0                   
0000d3df  main1                   
0000d437  main7                   
0000d4a9  main2                   
0000dcc1  main3                   
0000de19  BookExamples            
0000ded1  SSR_Init                
0000defb  main4                   
0000df31  main5                   
0000df63  main6                   
0000dfbd  main10                  
0000e171  main                    
0000e369  minit                   
0000e3f7  malloc                  
0000e45f  free                    
0000e521  realloc                 
0000e62d  memalign                
0000e711  calloc                  
0000e745  Clock_Init              
0000e78f  Clock_Init48MHz         
0000e87f  Clock_Init32kHz         
0000e971  Clock_InitLowPower      
0000ea75  write                   
0000eb05  remove                  
0000eb05  unlink                  
0000eb29  rename                  
0000eb67  remove_device           
0000eb8f  read                    
0000ebb3  open                    
0000ec61  lseek                   
0000ec85  close                   
0000ecd5  add_device              
0000ed81  HOSTwrite               
0000edcd  HOSTunlink              
0000ee05  HOSTtime                
0000ee3f  HOSTrename              
0000ee9d  HOSTread                
0000eee9  HOSTopen                
0000ef3b  HOSTlseek               
0000ef97  HOSTgetenv              
0000efd5  HOSTclose               
0000f00d  HOSTclock               
0000f055  __aeabi_uldivmod        
0000f311  __TI_cleanup            
0000f33d  freopen                 
0000f367  fopen                   
0000f40d  __aeabi_dsub            
0000f417  __aeabi_dadd            
0000f5c3  __aeabi_ddiv            
0000f6f9  fputs                   
0000f805  puts                    
0000f82d  _Dscale                 
0000f93d  __aeabi_dmul            
0000fa39  setvbuf                 
0000fb15  __TI_doflush            
0000fb61  fflush                  
0000fbdd  _Dnorm                  
0000fc9b  __TI_wrt_ok             
0000fcfd  __TI_rd_ok              
0000fd47  __aeabi_memcpy          
0000fd47  __aeabi_memcpy4         
0000fd47  __aeabi_memcpy8         
0000fd47  memcpy                  
0000fe01  SVC_Handler             
0000fe03  DebugMon_Handler        
0000fe05  PendSV_Handler          
0000fe07  SysTick_Handler         
0000fe09  PSS_IRQHandler          
0000fe0b  CS_IRQHandler           
0000fe0d  PCM_IRQHandler          
0000fe0f  WDT_A_IRQHandler        
0000fe11  FPU_IRQHandler          
0000fe13  FLCTL_IRQHandler        
0000fe15  COMP_E0_IRQHandler      
0000fe17  COMP_E1_IRQHandler      
0000fe19  TA0_0_IRQHandler        
0000fe1b  TA0_N_IRQHandler        
0000fe1d  TA1_0_IRQHandler        
0000fe1f  TA1_N_IRQHandler        
0000fe21  TA2_0_IRQHandler        
0000fe23  TA2_N_IRQHandler        
0000fe25  TA3_0_IRQHandler        
0000fe27  TA3_N_IRQHandler        
0000fe29  EUSCIA0_IRQHandler      
0000fe2b  EUSCIA1_IRQHandler      
0000fe2d  EUSCIA2_IRQHandler      
0000fe2f  EUSCIA3_IRQHandler      
0000fe31  EUSCIB0_IRQHandler      
0000fe33  EUSCIB1_IRQHandler      
0000fe35  EUSCIB2_IRQHandler      
0000fe37  EUSCIB3_IRQHandler      
0000fe39  ADC14_IRQHandler        
0000fe3b  T32_INT1_IRQHandler     
0000fe3d  T32_INT2_IRQHandler     
0000fe3f  T32_INTC_IRQHandler     
0000fe41  AES256_IRQHandler       
0000fe43  RTC_C_IRQHandler        
0000fe45  DMA_ERR_IRQHandler      
0000fe47  DMA_INT3_IRQHandler     
0000fe49  DMA_INT2_IRQHandler     
0000fe4b  DMA_INT1_IRQHandler     
0000fe4d  DMA_INT0_IRQHandler     
0000fe4f  PORT1_IRQHandler        
0000fe51  PORT2_IRQHandler        
0000fe53  PORT3_IRQHandler        
0000fe55  PORT4_IRQHandler        
0000fe57  PORT5_IRQHandler        
0000fe59  PORT6_IRQHandler        
0000fe5b  DisableInterrupts       
0000fe61  EnableInterrupts        
0000fe67  StartCritical           
0000fe71  EndCritical             
0000fe79  WaitForInterrupt        
0000fe81  __TI_closefile          
0000fee7  fclose                  
0000ff19  __aeabi_cdcmpeq         
0000ff19  __aeabi_cdcmple         
0000ff9f  __aeabi_cdrcmple        
00010025  __aeabi_memclr          
00010025  __aeabi_memclr4         
00010025  __aeabi_memclr8         
00010027  __aeabi_memset          
00010027  __aeabi_memset4         
00010027  __aeabi_memset8         
0001002d  memset                  
000100a9  printf                  
00010111  __TI_auto_init          
000101e9  __TI_writemsg           
00010217  C$$IO$$                 
0001021b  __TI_readmsg            
00010251  _Dunscale               
000102b9  fseek                   
0001031d  ltoa                    
00010373  ldexp                   
000103c5  _c_int00                
00010415  atoi                    
00010461  copy_in                 
000104ad  __aeabi_d2iz            
000104f5  C$$EXIT                 
000104f9  abort                   
00010501  exit                    
00010539  signal                  
00010579  __aeabi_f2d             
000105b1  feraiseexcept           
000105e5  strncpy                 
00010615  _Dclass                 
00010645  _Feraise                
00010675  __aeabi_i2d             
000106a3  raise                   
000106d1  frexp                   
000106fb  memchr                  
0001071b  memccpy                 
00010739  _args_main              
00010751  strcmp                  
00010769  strchr                  
00010781  _register_unlock        
00010787  _register_lock          
0001078f  _nop                    
00010795  strcpy                  
000107a9  strlen                  
000107bd  __TI_decompress_none    
000107cb  __TI_zero_init          
000107d7  __TI_decompress_rle24   
000107dd  _system_pre_init        
00010898  __TI_Handler_Table_Base 
000108a4  __TI_Handler_Table_Limit
000108b0  __TI_CINIT_Base         
000108c0  __TI_CINIT_Limit        
20000000  _sys_memory             
20000400  _ftable                 
20000670  _Denorm                 
20000680  _Eps                    
20000690  _Hugeval                
200006a0  _Inf                    
200006b0  _Nan                    
200006c0  _Snan                   
200006d0  _Rteps                  
200006e0  _Xbig                   
200006e8  _Zero                   
200006f0  StX                     
200006f4  StY                     
200006f8  StTextColor             
200006fa  TextColor               
200006fc  BgColor                 
200006fe  TextSize                
20000704  lastj                   
20000708  Prewait                 
2000070c  CPMwait                 
20000710  Postwait                
20000714  IFlags                  
20000718  Crystalstable           
2000071c  __TI_ft_end             
20000720  __aeabi_stdin           
20000724  __aeabi_stdout          
20000728  __aeabi_stderr          
20000738  _lock                   
2000073c  _unlock                 
20000740  __TI_cleanup_ptr        
20000744  __TI_dtors_ptr          
20000748  _Fenv                   
2000074c  _Tls_setup__Fenv        
20000750  _Errno                  
20000758  main_func_sp            
20000760  __CIOBUF_               
20000880  __TI_tmpnams            
20000920  Message                 
20000934  Messageindex            
20000938  X                       
2000093c  Ymax                    
20000940  Ymin                    
20000944  Yrange                  
2000fe00  __stack                 
20010000  __STACK_END             
4000480c  WDTCTL_SYM              
ffffffff  __binit__               
ffffffff  __c_args__              
ffffffff  binit                   
UNDEFED   SHT$$INIT_ARRAY$$Base   
UNDEFED   SHT$$INIT_ARRAY$$Limit  

[271 symbols]
